Component: ARM Compiler 5.06 update 2 (build 183) Tool: armlink [4d35b7]

==============================================================================

Section Cross References

    startup_stm32f103xe.o(STACK) refers (Special) to heapauxi.o(.text) for __use_two_region_memory
    startup_stm32f103xe.o(HEAP) refers (Special) to heapauxi.o(.text) for __use_two_region_memory
    startup_stm32f103xe.o(RESET) refers (Special) to heapauxi.o(.text) for __use_two_region_memory
    startup_stm32f103xe.o(RESET) refers to startup_stm32f103xe.o(STACK) for __initial_sp
    startup_stm32f103xe.o(RESET) refers to startup_stm32f103xe.o(.text) for Reset_Handler
    startup_stm32f103xe.o(RESET) refers to stm32f1xx_it.o(i.NMI_Handler) for NMI_Handler
    startup_stm32f103xe.o(RESET) refers to stm32f1xx_it.o(i.HardFault_Handler) for HardFault_Handler
    startup_stm32f103xe.o(RESET) refers to stm32f1xx_it.o(i.MemManage_Handler) for MemManage_Handler
    startup_stm32f103xe.o(RESET) refers to stm32f1xx_it.o(i.BusFault_Handler) for BusFault_Handler
    startup_stm32f103xe.o(RESET) refers to stm32f1xx_it.o(i.UsageFault_Handler) for UsageFault_Handler
    startup_stm32f103xe.o(RESET) refers to port.o(.emb_text) for SVC_Handler
    startup_stm32f103xe.o(RESET) refers to stm32f1xx_it.o(i.DebugMon_Handler) for DebugMon_Handler
    startup_stm32f103xe.o(RESET) refers to port.o(i.SysTick_Handler) for SysTick_Handler
    startup_stm32f103xe.o(RESET) refers to stm32f1xx_it.o(i.DMA1_Channel1_IRQHandler) for DMA1_Channel1_IRQHandler
    startup_stm32f103xe.o(RESET) refers to stm32f1xx_it.o(i.USART1_IRQHandler) for USART1_IRQHandler
    startup_stm32f103xe.o(RESET) refers to stm32f1xx_it.o(i.USART2_IRQHandler) for USART2_IRQHandler
    startup_stm32f103xe.o(RESET) refers to stm32f1xx_it.o(i.TIM6_IRQHandler) for TIM6_IRQHandler
    startup_stm32f103xe.o(.text) refers (Special) to heapauxi.o(.text) for __use_two_region_memory
    startup_stm32f103xe.o(.text) refers to system_stm32f1xx.o(i.SystemInit) for SystemInit
    startup_stm32f103xe.o(.text) refers to __main.o(!!!main) for __main
    startup_stm32f103xe.o(.text) refers to startup_stm32f103xe.o(HEAP) for Heap_Mem
    startup_stm32f103xe.o(.text) refers to startup_stm32f103xe.o(STACK) for Stack_Mem
    spi.o(i.C2C_Write_Uint16) refers to stm32f1xx_hal_gpio.o(i.HAL_GPIO_WritePin) for HAL_GPIO_WritePin
    wifi.o(i.wifi_AP_init) refers to __2sprintf.o(.text) for __2sprintf
    wifi.o(i.wifi_AP_init) refers to stm32f1xx_hal_uart.o(i.HAL_UART_Transmit) for HAL_UART_Transmit
    wifi.o(i.wifi_AP_init) refers to wifi.o(i.delay_ms) for delay_ms
    wifi.o(i.wifi_AP_init) refers to main.o(.bss) for u_buf
    wifi.o(i.wifi_AP_init) refers to usart.o(.bss) for huart2
    wifi.o(i.wifi_SCAN) refers to __2sprintf.o(.text) for __2sprintf
    wifi.o(i.wifi_SCAN) refers to stm32f1xx_hal_uart.o(i.HAL_UART_Transmit) for HAL_UART_Transmit
    wifi.o(i.wifi_SCAN) refers to main.o(.bss) for u_buf
    wifi.o(i.wifi_SCAN) refers to usart.o(.bss) for huart2
    wifi.o(i.wifi_TCP_connect) refers to _printf_percent.o(.ARM.Collect$$_printf_percent$$00000000) for _printf_percent
    wifi.o(i.wifi_TCP_connect) refers to _printf_s.o(.ARM.Collect$$_printf_percent$$00000014) for _printf_s
    wifi.o(i.wifi_TCP_connect) refers to _printf_str.o(.text) for _printf_str
    wifi.o(i.wifi_TCP_connect) refers to __2sprintf.o(.text) for __2sprintf
    wifi.o(i.wifi_TCP_connect) refers to stm32f1xx_hal_uart.o(i.HAL_UART_Transmit) for HAL_UART_Transmit
    wifi.o(i.wifi_TCP_connect) refers to main.o(.bss) for u_buf
    wifi.o(i.wifi_TCP_connect) refers to usart.o(.bss) for huart2
    wifi.o(i.wifi_client_init) refers to __2sprintf.o(.text) for __2sprintf
    wifi.o(i.wifi_client_init) refers to stm32f1xx_hal_uart.o(i.HAL_UART_Transmit) for HAL_UART_Transmit
    wifi.o(i.wifi_client_init) refers to wifi.o(i.delay_ms) for delay_ms
    wifi.o(i.wifi_client_init) refers to main.o(.bss) for u_buf
    wifi.o(i.wifi_client_init) refers to usart.o(.bss) for huart2
    wifi.o(i.wifi_client_send) refers to _printf_percent.o(.ARM.Collect$$_printf_percent$$00000000) for _printf_percent
    wifi.o(i.wifi_client_send) refers to _printf_u.o(.ARM.Collect$$_printf_percent$$0000000A) for _printf_u
    wifi.o(i.wifi_client_send) refers to _printf_dec.o(.text) for _printf_int_dec
    wifi.o(i.wifi_client_send) refers to __2sprintf.o(.text) for __2sprintf
    wifi.o(i.wifi_client_send) refers to stm32f1xx_hal_uart.o(i.HAL_UART_Transmit) for HAL_UART_Transmit
    wifi.o(i.wifi_client_send) refers to wifi.o(i.delay_ms) for delay_ms
    wifi.o(i.wifi_client_send) refers to main.o(.bss) for u_buf
    wifi.o(i.wifi_client_send) refers to usart.o(.bss) for huart2
    wifi.o(i.wifi_connect) refers to _printf_percent.o(.ARM.Collect$$_printf_percent$$00000000) for _printf_percent
    wifi.o(i.wifi_connect) refers to _printf_s.o(.ARM.Collect$$_printf_percent$$00000014) for _printf_s
    wifi.o(i.wifi_connect) refers to _printf_str.o(.text) for _printf_str
[...]
    i.HAL_UART_RxCpltCallback                0x08001fb8   Section        0  stm32f1xx_it.o(i.HAL_UART_RxCpltCallback)
    i.HAL_UART_Transmit                      0x0800202c   Section        0  stm32f1xx_hal_uart.o(i.HAL_UART_Transmit)
    i.HAL_UART_TxCpltCallback                0x080020c6   Section        0  stm32f1xx_hal_uart.o(i.HAL_UART_TxCpltCallback)
    i.HardFault_Handler                      0x080020c8   Section        0  stm32f1xx_it.o(i.HardFault_Handler)
    i.MX_ADC1_Init                           0x080020cc   Section        0  adc.o(i.MX_ADC1_Init)
    i.MX_DMA_Init                            0x0800211c   Section        0  dma.o(i.MX_DMA_Init)
    i.MX_FREERTOS_Init                       0x08002148   Section        0  freertos.o(i.MX_FREERTOS_Init)
    i.MX_GPIO_Init                           0x08002194   Section        0  gpio.o(i.MX_GPIO_Init)
    i.MX_USART1_UART_Init                    0x08002284   Section        0  usart.o(i.MX_USART1_UART_Init)
    i.MX_USART2_UART_Init                    0x080022bc   Section        0  usart.o(i.MX_USART2_UART_Init)
    i.MemManage_Handler                      0x080022f4   Section        0  stm32f1xx_it.o(i.MemManage_Handler)
    i.NMI_Handler                            0x080022f6   Section        0  stm32f1xx_it.o(i.NMI_Handler)
    i.StartC2CTask                           0x080022f8   Section        0  freertos.o(i.StartC2CTask)
    i.StartInitWifiTask                      0x08002328   Section        0  freertos.o(i.StartInitWifiTask)
    i.StartLEDDebugTask                      0x08002334   Section        0  freertos.o(i.StartLEDDebugTask)
    i.SysTick_Handler                        0x08002354   Section        0  port.o(i.SysTick_Handler)
    i.SystemClock_Config                     0x08002380   Section        0  main.o(i.SystemClock_Config)
    i.SystemInit                             0x080023fa   Section        0  system_stm32f1xx.o(i.SystemInit)
    i.TIM6_IRQHandler                        0x080023fc   Section        0  stm32f1xx_it.o(i.TIM6_IRQHandler)
    i.TIM_Base_SetConfig                     0x08002408   Section        0  stm32f1xx_hal_tim.o(i.TIM_Base_SetConfig)
    i.UART_DMAAbortOnError                   0x08002494   Section        0  stm32f1xx_hal_uart.o(i.UART_DMAAbortOnError)
    UART_DMAAbortOnError                     0x08002495   Thumb Code    16  stm32f1xx_hal_uart.o(i.UART_DMAAbortOnError)
    i.UART_EndRxTransfer                     0x080024a4   Section        0  stm32f1xx_hal_uart.o(i.UART_EndRxTransfer)
    UART_EndRxTransfer                       0x080024a5   Thumb Code    78  stm32f1xx_hal_uart.o(i.UART_EndRxTransfer)
    i.UART_Receive_IT                        0x080024f2   Section        0  stm32f1xx_hal_uart.o(i.UART_Receive_IT)
    UART_Receive_IT                          0x080024f3   Thumb Code   194  stm32f1xx_hal_uart.o(i.UART_Receive_IT)
    i.UART_SetConfig                         0x080025b4   Section        0  stm32f1xx_hal_uart.o(i.UART_SetConfig)
    UART_SetConfig                           0x080025b5   Thumb Code   178  stm32f1xx_hal_uart.o(i.UART_SetConfig)
    i.UART_Start_Receive_IT                  0x0800266c   Section        0  stm32f1xx_hal_uart.o(i.UART_Start_Receive_IT)
    i.UART_WaitOnFlagUntilTimeout            0x080026a2   Section        0  stm32f1xx_hal_uart.o(i.UART_WaitOnFlagUntilTimeout)
    UART_WaitOnFlagUntilTimeout              0x080026a3   Thumb Code   120  stm32f1xx_hal_uart.o(i.UART_WaitOnFlagUntilTimeout)
    i.USART1_IRQHandler                      0x0800271c   Section        0  stm32f1xx_it.o(i.USART1_IRQHandler)
    i.USART2_IRQHandler                      0x08002728   Section        0  stm32f1xx_it.o(i.USART2_IRQHandler)
    i.UsageFault_Handler                     0x08002734   Section        0  stm32f1xx_it.o(i.UsageFault_Handler)
    i.__NVIC_SetPriority                     0x08002736   Section        0  stm32f1xx_hal_cortex.o(i.__NVIC_SetPriority)
    __NVIC_SetPriority                       0x08002737   Thumb Code    32  stm32f1xx_hal_cortex.o(i.__NVIC_SetPriority)
    i.delay_ms                               0x08002756   Section        0  wifi.o(i.delay_ms)
    i.main                                   0x08002770   Section        0  main.o(i.main)
    i.osDelay                                0x080027cc   Section        0  cmsis_os2.o(i.osDelay)
    i.osKernelInitialize                     0x08002800   Section        0  cmsis_os2.o(i.osKernelInitialize)
    i.osKernelStart                          0x08002838   Section        0  cmsis_os2.o(i.osKernelStart)
    i.osMutexAcquire                         0x08002878   Section        0  cmsis_os2.o(i.osMutexAcquire)
    i.osMutexNew                             0x080028e4   Section        0  cmsis_os2.o(i.osMutexNew)
    i.osMutexRelease                         0x08002964   Section        0  cmsis_os2.o(i.osMutexRelease)
    i.osThreadNew                            0x080029c0   Section        0  cmsis_os2.o(i.osThreadNew)
    i.prvAddCurrentTaskToDelayedList         0x08002a64   Section        0  tasks.o(i.prvAddCurrentTaskToDelayedList)
    prvAddCurrentTaskToDelayedList           0x08002a65   Thumb Code    84  tasks.o(i.prvAddCurrentTaskToDelayedList)
    i.prvAddNewTaskToReadyList               0x08002ac0   Section        0  tasks.o(i.prvAddNewTaskToReadyList)
    prvAddNewTaskToReadyList                 0x08002ac1   Thumb Code   190  tasks.o(i.prvAddNewTaskToReadyList)
    i.prvCheckForValidListAndQueue           0x08002b90   Section        0  timers.o(i.prvCheckForValidListAndQueue)
    prvCheckForValidListAndQueue             0x08002b91   Thumb Code    72  timers.o(i.prvCheckForValidListAndQueue)
    i.prvCopyDataFromQueue                   0x08002be8   Section        0  queue.o(i.prvCopyDataFromQueue)
    prvCopyDataFromQueue                     0x08002be9   Thumb Code    38  queue.o(i.prvCopyDataFromQueue)
    i.prvCopyDataToQueue                     0x08002c0e   Section        0  queue.o(i.prvCopyDataToQueue)
    prvCopyDataToQueue                       0x08002c0f   Thumb Code   108  queue.o(i.prvCopyDataToQueue)
    i.prvDeleteTCB                           0x08002c7a   Section        0  tasks.o(i.prvDeleteTCB)
    prvDeleteTCB                             0x08002c7b   Thumb Code    52  tasks.o(i.prvDeleteTCB)
    i.prvHeapInit                            0x08002cb0   Section        0  heap_4.o(i.prvHeapInit)
    prvHeapInit                              0x08002cb1   Thumb Code    66  heap_4.o(i.prvHeapInit)
    i.prvIdleTask                            0x08002cfc   Section        0  tasks.o(i.prvIdleTask)
    prvIdleTask                              0x08002cfd   Thumb Code    82  tasks.o(i.prvIdleTask)
    i.prvInitialiseMutex                     0x08002d5c   Section        0  queue.o(i.prvInitialiseMutex)
    prvInitialiseMutex                       0x08002d5d   Thumb Code    22  queue.o(i.prvInitialiseMutex)
    i.prvInitialiseNewQueue                  0x08002d74   Section        0  queue.o(i.prvInitialiseNewQueue)
    prvInitialiseNewQueue                    0x08002d75   Thumb Code    34  queue.o(i.prvInitialiseNewQueue)
    i.prvInitialiseNewTask                   0x08002d96   Section        0  tasks.o(i.prvInitialiseNewTask)
    prvInitialiseNewTask                     0x08002d97   Thumb Code   156  tasks.o(i.prvInitialiseNewTask)
    i.prvInsertBlockIntoFreeList             0x08002e34   Section        0  heap_4.o(i.prvInsertBlockIntoFreeList)
    prvInsertBlockIntoFreeList               0x08002e35   Thumb Code    72  heap_4.o(i.prvInsertBlockIntoFreeList)
    i.prvInsertTimerInActiveList             0x08002e80   Section        0  timers.o(i.prvInsertTimerInActiveList)
    prvInsertTimerInActiveList               0x08002e81   Thumb Code    52  timers.o(i.prvInsertTimerInActiveList)
    i.prvIsQueueEmpty                        0x08002eb8   Section        0  queue.o(i.prvIsQueueEmpty)
    prvIsQueueEmpty                          0x08002eb9   Thumb Code    28  queue.o(i.prvIsQueueEmpty)
    i.prvProcessReceivedCommands             0x08002ed4   Section        0  timers.o(i.prvProcessReceivedCommands)
    prvProcessReceivedCommands               0x08002ed5   Thumb Code   198  timers.o(i.prvProcessReceivedCommands)
    i.prvProcessTimerOrBlockTask             0x08002fa0   Section        0  timers.o(i.prvProcessTimerOrBlockTask)
    prvProcessTimerOrBlockTask               0x08002fa1   Thumb Code   172  timers.o(i.prvProcessTimerOrBlockTask)
    i.prvResetNextTaskUnblockTime            0x08003054   Section        0  tasks.o(i.prvResetNextTaskUnblockTime)
    prvResetNextTaskUnblockTime              0x08003055   Thumb Code    26  tasks.o(i.prvResetNextTaskUnblockTime)
    i.prvSampleTimeNow                       0x08003074   Section        0  timers.o(i.prvSampleTimeNow)
    prvSampleTimeNow                         0x08003075   Thumb Code    36  timers.o(i.prvSampleTimeNow)
    i.prvSwitchTimerLists                    0x0800309c   Section        0  timers.o(i.prvSwitchTimerLists)
    prvSwitchTimerLists                      0x0800309d   Thumb Code   102  timers.o(i.prvSwitchTimerLists)
    i.prvTaskExitError                       0x08003108   Section        0  port.o(i.prvTaskExitError)
    prvTaskExitError                         0x08003109   Thumb Code    36  port.o(i.prvTaskExitError)
    i.prvTimerTask                           0x08003130   Section        0  timers.o(i.prvTimerTask)
    prvTimerTask                             0x08003131   Thumb Code    32  timers.o(i.prvTimerTask)
    i.prvUnlockQueue                         0x08003154   Section        0  queue.o(i.prvUnlockQueue)
    prvUnlockQueue                           0x08003155   Thumb Code   106  queue.o(i.prvUnlockQueue)
    i.pvPortMalloc                           0x080031c0   Section        0  heap_4.o(i.pvPortMalloc)
    i.pvTaskIncrementMutexHeldCount          0x08003298   Section        0  tasks.o(i.pvTaskIncrementMutexHeldCount)
    i.pxPortInitialiseStack                  0x080032b0   Section        0  port.o(i.pxPortInitialiseStack)
    i.uxListRemove                           0x080032d4   Section        0  list.o(i.uxListRemove)
    i.vApplicationGetIdleTaskMemory          0x080032fc   Section        0  cmsis_os2.o(i.vApplicationGetIdleTaskMemory)
    i.vApplicationGetTimerTaskMemory         0x08003310   Section        0  cmsis_os2.o(i.vApplicationGetTimerTaskMemory)
    i.vApplicationStackOverflowHook          0x08003328   Section        0  freertos.o(i.vApplicationStackOverflowHook)
    i.vListInitialise                        0x0800332a   Section        0  list.o(i.vListInitialise)
    i.vListInitialiseItem                    0x08003340   Section        0  list.o(i.vListInitialiseItem)
    i.vListInsert                            0x08003346   Section        0  list.o(i.vListInsert)
    i.vListInsertEnd                         0x08003376   Section        0  list.o(i.vListInsertEnd)
    i.vPortEnterCritical                     0x08003390   Section        0  port.o(i.vPortEnterCritical)
    i.vPortExitCritical                      0x080033d0   Section        0  port.o(i.vPortExitCritical)
    i.vPortFree                              0x080033f8   Section        0  heap_4.o(i.vPortFree)
    i.vPortSetupTimerInterrupt               0x08003454   Section        0  port.o(i.vPortSetupTimerInterrupt)
    i.vPortValidateInterruptPriority         0x08003478   Section        0  port.o(i.vPortValidateInterruptPriority)
    i.vQueueAddToRegistry                    0x080034cc   Section        0  queue.o(i.vQueueAddToRegistry)
    i.vQueueWaitForMessageRestricted         0x080034f4   Section        0  queue.o(i.vQueueWaitForMessageRestricted)
    i.vTaskDelay                             0x08003538   Section        0  tasks.o(i.vTaskDelay)
    i.vTaskDelete                            0x08003584   Section        0  tasks.o(i.vTaskDelete)
    i.vTaskInternalSetTimeOutState           0x08003614   Section        0  tasks.o(i.vTaskInternalSetTimeOutState)
    i.vTaskMissedYield                       0x08003624   Section        0  tasks.o(i.vTaskMissedYield)
    i.vTaskPlaceOnEventList                  0x08003630   Section        0  tasks.o(i.vTaskPlaceOnEventList)
    i.vTaskPlaceOnEventListRestricted        0x08003660   Section        0  tasks.o(i.vTaskPlaceOnEventListRestricted)
    i.vTaskPriorityDisinheritAfterTimeout    0x08003698   Section        0  tasks.o(i.vTaskPriorityDisinheritAfterTimeout)
    i.vTaskStartScheduler                    0x08003728   Section        0  tasks.o(i.vTaskStartScheduler)
    i.vTaskSuspendAll                        0x080037b0   Section        0  tasks.o(i.vTaskSuspendAll)
    i.vTaskSwitchContext                     0x080037c0   Section        0  tasks.o(i.vTaskSwitchContext)
    i.wifi_AP_init                           0x0800384c   Section        0  wifi.o(i.wifi_AP_init)
    i.xPortStartScheduler                    0x08003a18   Section        0  port.o(i.xPortStartScheduler)
    i.xQueueCreateMutex                      0x08003ac0   Section        0  queue.o(i.xQueueCreateMutex)
    i.xQueueCreateMutexStatic                0x08003ad6   Section        0  queue.o(i.xQueueCreateMutexStatic)
    i.xQueueGenericCreate                    0x08003af0   Section        0  queue.o(i.xQueueGenericCreate)
    i.xQueueGenericCreateStatic              0x08003b38   Section        0  queue.o(i.xQueueGenericCreateStatic)
    i.xQueueGenericReset                     0x08003ba0   Section        0  queue.o(i.xQueueGenericReset)
    i.xQueueGenericSend                      0x08003c28   Section        0  queue.o(i.xQueueGenericSend)
    i.xQueueGenericSendFromISR               0x08003d88   Section        0  queue.o(i.xQueueGenericSendFromISR)
    i.xQueueGiveMutexRecursive               0x08003e44   Section        0  queue.o(i.xQueueGiveMutexRecursive)
    i.xQueueReceive                          0x08003e84   Section        0  queue.o(i.xQueueReceive)
    i.xQueueSemaphoreTake                    0x08003fbc   Section        0  queue.o(i.xQueueSemaphoreTake)
    i.xQueueTakeMutexRecursive               0x08004134   Section        0  queue.o(i.xQueueTakeMutexRecursive)
    i.xTaskCheckForTimeOut                   0x08004174   Section        0  tasks.o(i.xTaskCheckForTimeOut)
    i.xTaskCreate                            0x080041e8   Section        0  tasks.o(i.xTaskCreate)
    i.xTaskCreateStatic                      0x08004242   Section        0  tasks.o(i.xTaskCreateStatic)
    i.xTaskGetCurrentTaskHandle              0x08004298   Section        0  tasks.o(i.xTaskGetCurrentTaskHandle)
    i.xTaskGetSchedulerState                 0x080042a4   Section        0  tasks.o(i.xTaskGetSchedulerState)
    i.xTaskGetTickCount                      0x080042c0   Section        0  tasks.o(i.xTaskGetTickCount)
    i.xTaskIncrementTick                     0x080042cc   Section        0  tasks.o(i.xTaskIncrementTick)
    i.xTaskPriorityDisinherit                0x08004394   Section        0  tasks.o(i.xTaskPriorityDisinherit)
    i.xTaskPriorityInherit                   0x08004414   Section        0  tasks.o(i.xTaskPriorityInherit)
    i.xTaskRemoveFromEventList               0x0800448c   Section        0  tasks.o(i.xTaskRemoveFromEventList)
    i.xTaskResumeAll                         0x080044fc   Section        0  tasks.o(i.xTaskResumeAll)
    i.xTimerCreateTimerTask                  0x080045c0   Section        0  timers.o(i.xTimerCreateTimerTask)
    i.xTimerGenericCommand                   0x08004620   Section        0  timers.o(i.xTimerGenericCommand)
    .constdata                               0x08004688   Section      124  freertos.o(.constdata)
    .constdata                               0x08004704   Section       18  stm32f1xx_hal_rcc.o(.constdata)
    aPredivFactorTable                       0x08004704   Data           2  stm32f1xx_hal_rcc.o(.constdata)
    aPLLMULFactorTable                       0x08004706   Data          16  stm32f1xx_hal_rcc.o(.constdata)
    .constdata                               0x08004716   Section       16  system_stm32f1xx.o(.constdata)
    .constdata                               0x08004726   Section        8  system_stm32f1xx.o(.constdata)
    .conststring                             0x08004730   Section       49  freertos.o(.conststring)
    .data                                    0x20000000   Section        8  main.o(.data)
    .data                                    0x20000008   Section       32  freertos.o(.data)
    data                                     0x2000000a   Data           2  freertos.o(.data)
    rate                                     0x2000000c   Data           2  freertos.o(.data)
    time                                     0x2000000e   Data           2  freertos.o(.data)
    tick                                     0x20000010   Data           2  freertos.o(.data)
    last_tick                                0x20000012   Data           2  freertos.o(.data)
    filter_result                            0x20000014   Data           4  freertos.o(.data)
    .data                                    0x20000028   Section       12  stm32f1xx_hal.o(.data)
    .data                                    0x20000034   Section        4  system_stm32f1xx.o(.data)
    .data                                    0x20000038   Section       60  tasks.o(.data)
    pxDelayedTaskList                        0x2000003c   Data           4  tasks.o(.data)
    pxOverflowDelayedTaskList                0x20000040   Data           4  tasks.o(.data)
    uxDeletedTasksWaitingCleanUp             0x20000044   Data           4  tasks.o(.data)
    uxCurrentNumberOfTasks                   0x20000048   Data           4  tasks.o(.data)
    xTickCount                               0x2000004c   Data           4  tasks.o(.data)
    uxTopReadyPriority                       0x20000050   Data           4  tasks.o(.data)
    xSchedulerRunning                        0x20000054   Data           4  tasks.o(.data)
    uxPendedTicks                            0x20000058   Data           4  tasks.o(.data)
    xYieldPending                            0x2000005c   Data           4  tasks.o(.data)
    xNumOfOverflows                          0x20000060   Data           4  tasks.o(.data)
    uxTaskNumber                             0x20000064   Data           4  tasks.o(.data)
    xNextTaskUnblockTime                     0x20000068   Data           4  tasks.o(.data)
    xIdleTaskHandle                          0x2000006c   Data           4  tasks.o(.data)
    uxSchedulerSuspended                     0x20000070   Data           4  tasks.o(.data)
    .data                                    0x20000074   Section       20  timers.o(.data)
    pxCurrentTimerList                       0x20000074   Data           4  timers.o(.data)
    pxOverflowTimerList                      0x20000078   Data           4  timers.o(.data)
    xTimerQueue                              0x2000007c   Data           4  timers.o(.data)
    xTimerTaskHandle                         0x20000080   Data           4  timers.o(.data)
    xLastTime                                0x20000084   Data           4  timers.o(.data)
    .data                                    0x20000088   Section        4  cmsis_os2.o(.data)
    KernelState                              0x20000088   Data           4  cmsis_os2.o(.data)
    .data                                    0x2000008c   Section       24  heap_4.o(.data)
    pxEnd                                    0x2000008c   Data           4  heap_4.o(.data)
    xFreeBytesRemaining                      0x20000090   Data           4  heap_4.o(.data)
    xMinimumEverFreeBytesRemaining           0x20000094   Data           4  heap_4.o(.data)
    xBlockAllocatedBit                       0x20000098   Data           4  heap_4.o(.data)
    xStart                                   0x2000009c   Data           8  heap_4.o(.data)
    .data                                    0x200000a4   Section       12  port.o(.data)
    ucMaxSysCallPriority                     0x200000a4   Data           1  port.o(.data)
    uxCriticalNesting                        0x200000a8   Data           4  port.o(.data)
    ulMaxPRIGROUPValue                       0x200000ac   Data           4  port.o(.data)
    .bss                                     0x200000b0   Section      100  main.o(.bss)
    .bss                                     0x20000114   Section      116  adc.o(.bss)
    .bss                                     0x20000188   Section      144  usart.o(.bss)
    .bss                                     0x20000218   Section       72  stm32f1xx_hal_timebase_tim.o(.bss)
    .bss                                     0x20000260   Section       64  queue.o(.bss)
    .bss                                     0x200002a0   Section     1220  tasks.o(.bss)
    pxReadyTasksLists                        0x200002a0   Data        1120  tasks.o(.bss)
    xDelayedTaskList1                        0x20000700   Data          20  tasks.o(.bss)
    xDelayedTaskList2                        0x20000714   Data          20  tasks.o(.bss)
    xPendingReadyList                        0x20000728   Data          20  tasks.o(.bss)
    xTasksWaitingTermination                 0x2000073c   Data          20  tasks.o(.bss)
    xSuspendedTaskList                       0x20000750   Data          20  tasks.o(.bss)
    .bss                                     0x20000764   Section      280  timers.o(.bss)
    xActiveTimerList1                        0x20000764   Data          20  timers.o(.bss)
    xActiveTimerList2                        0x20000778   Data          20  timers.o(.bss)
    xStaticTimerQueue                        0x2000078c   Data          80  timers.o(.bss)
    ucStaticTimerQueueStorage                0x200007dc   Data         160  timers.o(.bss)
    .bss                                     0x2000087c   Section     1720  cmsis_os2.o(.bss)
    Idle_TCB                                 0x2000087c   Data          92  cmsis_os2.o(.bss)
    Idle_Stack                               0x200008d8   Data         512  cmsis_os2.o(.bss)
    Timer_TCB                                0x20000ad8   Data          92  cmsis_os2.o(.bss)
    Timer_Stack                              0x20000b34   Data        1024  cmsis_os2.o(.bss)
    .bss                                     0x20000f34   Section     3072  heap_4.o(.bss)
    ucHeap                                   0x20000f34   Data        3072  heap_4.o(.bss)
    .bss                                     0x20001b34   Section       96  libspace.o(.bss)
    HEAP                                     0x20001b98   Section      512  startup_stm32f103xe.o(HEAP)
    Heap_Mem                                 0x20001b98   Data         512  startup_stm32f103xe.o(HEAP)
    STACK                                    0x20001d98   Section     1024  startup_stm32f103xe.o(STACK)
    Stack_Mem                                0x20001d98   Data        1024  startup_stm32f103xe.o(STACK)
    __initial_sp                             0x20002198   Data           0  startup_stm32f103xe.o(STACK)

    Global Symbols

    Symbol Name                              Value     Ov Type        Size  Object(Section)

    BuildAttributes$$THM_ISAv4$P$D$K$B$S$PE$A:L22UL41UL21$X:L11$S22US41US21$IEEE1$IW$USESV6$~STKCKD$USESV7$~SHL$OTIME$ROPI$IEEEX$EBA8$UX$STANDARDLIB$REQ8$PRES8$EABIv2 0x00000000   Number         0  anon$$obj.o ABSOLUTE
    __ARM_use_no_argv                        0x00000000   Number         0  main.o ABSOLUTE
    _printf_flags                            0x00000000   Number         0  printf_stubs.o ABSOLUTE
    _printf_return_value                     0x00000000   Number         0  printf_stubs.o ABSOLUTE
    _printf_sizespec                         0x00000000   Number         0  printf_stubs.o ABSOLUTE
    _printf_widthprec                        0x00000000   Number         0  printf_stubs.o ABSOLUTE
    __ARM_exceptions_init                     - Undefined Weak Reference
    __alloca_initialize                       - Undefined Weak Reference
    __arm_preinit_                            - Undefined Weak Reference
    __cpp_initialize__aeabi_                  - Undefined Weak Reference
    __cxa_finalize                            - Undefined Weak Reference
    __sigvec_lookup                           - Undefined Weak Reference
    _atexit_init                              - Undefined Weak Reference
    _call_atexit_fns                          - Undefined Weak Reference
    _clock_init                               - Undefined Weak Reference
    _fp_trap_init                             - Undefined Weak Reference
    _fp_trap_shutdown                         - Undefined Weak Reference
    _get_lc_collate                           - Undefined Weak Reference
    _get_lc_ctype                             - Undefined Weak Reference
    _get_lc_monetary                          - Undefined Weak Reference
    _get_lc_time                              - Undefined Weak Reference
    _getenv_init                              - Undefined Weak Reference
    _handle_redirection                       - Undefined Weak Reference
    _init_alloc                               - Undefined Weak Reference
    _init_user_alloc                          - Undefined Weak Reference
    _initio                                   - Undefined Weak Reference
    _printf_mbtowc                            - Undefined Weak Reference
    _printf_post_padding                      - Undefined Weak Reference
    _printf_pre_padding                       - Undefined Weak Reference
    _printf_truncate_signed                   - Undefined Weak Reference
    _printf_truncate_unsigned                 - Undefined Weak Reference
    _rand_init                                - Undefined Weak Reference
    _signal_finish                            - Undefined Weak Reference
    _signal_init                              - Undefined Weak Reference
    _terminate_alloc                          - Undefined Weak Reference
    _terminate_user_alloc                     - Undefined Weak Reference
    _terminateio                              - Undefined Weak Reference
    __Vectors_Size                           0x00000130   Number         0  startup_stm32f103xe.o ABSOLUTE
    __Vectors                                0x08000000   Data           4  startup_stm32f103xe.o(RESET)
    __Vectors_End                            0x08000130   Data           0  startup_stm32f103xe.o(RESET)
    __main                                   0x08000131   Thumb Code     8  __main.o(!!!main)
    __scatterload                            0x08000139   Thumb Code     0  __scatter.o(!!!scatter)
    __scatterload_rt2                        0x08000139   Thumb Code    44  __scatter.o(!!!scatter)
    __scatterload_rt2_thumb_only             0x08000139   Thumb Code     0  __scatter.o(!!!scatter)
    __scatterload_null                       0x08000147   Thumb Code     0  __scatter.o(!!!scatter)
    __scatterload_copy                       0x0800016d   Thumb Code    26  __scatter_copy.o(!!handler_copy)
    __scatterload_zeroinit                   0x08000189   Thumb Code    28  __scatter_zi.o(!!handler_zi)
    _printf_percent                          0x080001a5   Thumb Code     0  _printf_percent.o(.ARM.Collect$$_printf_percent$$00000000)
    _printf_percent_end                      0x080001a5   Thumb Code     0  _printf_percent_end.o(.ARM.Collect$$_printf_percent$$00000017)
    __rt_lib_init                            0x080001a9   Thumb Code     0  libinit.o(.ARM.Collect$$libinit$$00000000)
    __rt_lib_init_alloca_1                   0x080001ab   Thumb Code     0  libinit2.o(.ARM.Collect$$libinit$$0000002E)
    __rt_lib_init_argv_1                     0x080001ab   Thumb Code     0  libinit2.o(.ARM.Collect$$libinit$$0000002C)
    __rt_lib_init_atexit_1                   0x080001ab   Thumb Code     0  libinit2.o(.ARM.Collect$$libinit$$0000001B)
    __rt_lib_init_clock_1                    0x080001ab   Thumb Code     0  libinit2.o(.ARM.Collect$$libinit$$00000021)
    __rt_lib_init_cpp_1                      0x080001ab   Thumb Code     0  libinit2.o(.ARM.Collect$$libinit$$00000032)
    __rt_lib_init_exceptions_1               0x080001ab   Thumb Code     0  libinit2.o(.ARM.Collect$$libinit$$00000030)
    __rt_lib_init_fp_1                       0x080001ab   Thumb Code     0  libinit2.o(.ARM.Collect$$libinit$$00000002)
    __rt_lib_init_fp_trap_1                  0x080001ab   Thumb Code     0  libinit2.o(.ARM.Collect$$libinit$$0000001F)
    __rt_lib_init_getenv_1                   0x080001ab   Thumb Code     0  libinit2.o(.ARM.Collect$$libinit$$00000023)
    __rt_lib_init_heap_1                     0x080001ab   Thumb Code     0  libinit2.o(.ARM.Collect$$libinit$$0000000A)
    __rt_lib_init_lc_collate_1               0x080001ab   Thumb Code     0  libinit2.o(.ARM.Collect$$libinit$$00000011)
    __rt_lib_init_lc_ctype_1                 0x080001ab   Thumb Code     0  libinit2.o(.ARM.Collect$$libinit$$00000013)
    __rt_lib_init_lc_monetary_1              0x080001ab   Thumb Code     0  libinit2.o(.ARM.Collect$$libinit$$00000015)
    __rt_lib_init_lc_numeric_1               0x080001ab   Thumb Code     0  libinit2.o(.ARM.Collect$$libinit$$00000017)
    __rt_lib_init_lc_time_1                  0x080001ab   Thumb Code     0  libinit2.o(.ARM.Collect$$libinit$$00000019)
    __rt_lib_init_preinit_1                  0x080001ab   Thumb Code     0  libinit2.o(.ARM.Collect$$libinit$$00000004)
    __rt_lib_init_rand_1                     0x080001ab   Thumb Code     0  libinit2.o(.ARM.Collect$$libinit$$0000000E)
    __rt_lib_init_return                     0x080001ab   Thumb Code     0  libinit2.o(.ARM.Collect$$libinit$$00000033)
    __rt_lib_init_signal_1                   0x080001ab   Thumb Code     0  libinit2.o(.ARM.Collect$$libinit$$0000001D)
    __rt_lib_init_stdio_1                    0x080001ab   Thumb Code     0  libinit2.o(.ARM.Collect$$libinit$$00000025)
    __rt_lib_init_user_alloc_1               0x080001ab   Thumb Code     0  libinit2.o(.ARM.Collect$$libinit$$0000000C)
    __rt_lib_shutdown                        0x080001ad   Thumb Code     0  libshutdown.o(.ARM.Collect$$libshutdown$$00000000)
    __rt_lib_shutdown_cpp_1                  0x080001af   Thumb Code     0  libshutdown2.o(.ARM.Collect$$libshutdown$$00000002)
    __rt_lib_shutdown_fp_trap_1              0x080001af   Thumb Code     0  libshutdown2.o(.ARM.Collect$$libshutdown$$00000007)
    __rt_lib_shutdown_heap_1                 0x080001af   Thumb Code     0  libshutdown2.o(.ARM.Collect$$libshutdown$$0000000F)
    __rt_lib_shutdown_return                 0x080001af   Thumb Code     0  libshutdown2.o(.ARM.Collect$$libshutdown$$00000010)
    __rt_lib_shutdown_signal_1               0x080001af   Thumb Code     0  libshutdown2.o(.ARM.Collect$$libshutdown$$0000000A)
    __rt_lib_shutdown_stdio_1                0x080001af   Thumb Code     0  libshutdown2.o(.ARM.Collect$$libshutdown$$00000004)
    __rt_lib_shutdown_user_alloc_1           0x080001af   Thumb Code     0  libshutdown2.o(.ARM.Collect$$libshutdown$$0000000C)
    __rt_entry                               0x080001b1   Thumb Code     0  __rtentry.o(.ARM.Collect$$rtentry$$00000000)
    __rt_entry_presh_1                       0x080001b1   Thumb Code     0  __rtentry2.o(.ARM.Collect$$rtentry$$00000002)
    __rt_entry_sh                            0x080001b1   Thumb Code     0  __rtentry4.o(.ARM.Collect$$rtentry$$00000004)
    __rt_entry_li                            0x080001b7   Thumb Code     0  __rtentry2.o(.ARM.Collect$$rtentry$$0000000A)
    __rt_entry_postsh_1                      0x080001b7   Thumb Code     0  __rtentry2.o(.ARM.Collect$$rtentry$$00000009)
    __rt_entry_main                          0x080001bb   Thumb Code     0  __rtentry2.o(.ARM.Collect$$rtentry$$0000000D)
    __rt_entry_postli_1                      0x080001bb   Thumb Code     0  __rtentry2.o(.ARM.Collect$$rtentry$$0000000C)
    __rt_exit                                0x080001c3   Thumb Code     0  rtexit.o(.ARM.Collect$$rtexit$$00000000)
    __rt_exit_ls                             0x080001c5   Thumb Code     0  rtexit2.o(.ARM.Collect$$rtexit$$00000003)
    __rt_exit_prels_1                        0x080001c5   Thumb Code     0  rtexit2.o(.ARM.Collect$$rtexit$$00000002)
    __rt_exit_exit                           0x080001c9   Thumb Code     0  rtexit2.o(.ARM.Collect$$rtexit$$00000004)
    SVC_Handler                              0x080001d1   Thumb Code    32  port.o(.emb_text)
    __asm___6_port_c_39a90d8d__prvStartFirstTask 0x080001f5   Thumb Code    28  port.o(.emb_text)
    PendSV_Handler                           0x08000215   Thumb Code    72  port.o(.emb_text)
    vPortGetIPSR                             0x08000261   Thumb Code     6  port.o(.emb_text)
    Reset_Handler                            0x08000269   Thumb Code     8  startup_stm32f103xe.o(.text)
    ADC1_2_IRQHandler                        0x08000283   Thumb Code     0  startup_stm32f103xe.o(.text)
    ADC3_IRQHandler                          0x08000283   Thumb Code     0  startup_stm32f103xe.o(.text)
    CAN1_RX1_IRQHandler                      0x08000283   Thumb Code     0  startup_stm32f103xe.o(.text)
    CAN1_SCE_IRQHandler                      0x08000283   Thumb Code     0  startup_stm32f103xe.o(.text)
    DMA1_Channel2_IRQHandler                 0x08000283   Thumb Code     0  startup_stm32f103xe.o(.text)
    DMA1_Channel3_IRQHandler                 0x08000283   Thumb Code     0  startup_stm32f103xe.o(.text)
    DMA1_Channel4_IRQHandler                 0x08000283   Thumb Code     0  startup_stm32f103xe.o(.text)
    DMA1_Channel5_IRQHandler                 0x08000283   Thumb Code     0  startup_stm32f103xe.o(.text)
    DMA1_Channel6_IRQHandler                 0x08000283   Thumb Code     0  startup_stm32f103xe.o(.text)
    DMA1_Channel7_IRQHandler                 0x08000283   Thumb Code     0  startup_stm32f103xe.o(.text)
    DMA2_Channel1_IRQHandler                 0x08000283   Thumb Code     0  startup_stm32f103xe.o(.text)
    DMA2_Channel2_IRQHandler                 0x08000283   Thumb Code     0  startup_stm32f103xe.o(.text)
    DMA2_Channel3_IRQHandler                 0x08000283   Thumb Code     0  startup_stm32f103xe.o(.text)
    DMA2_Channel4_5_IRQHandler               0x08000283   Thumb Code     0  startup_stm32f103xe.o(.text)
    EXTI0_IRQHandler                         0x08000283   Thumb Code     0  startup_stm32f103xe.o(.text)
    EXTI15_10_IRQHandler                     0x08000283   Thumb Code     0  startup_stm32f103xe.o(.text)
    EXTI1_IRQHandler                         0x08000283   Thumb Code     0  startup_stm32f103xe.o(.text)
    EXTI2_IRQHandler                         0x08000283   Thumb Code     0  startup_stm32f103xe.o(.text)
    EXTI3_IRQHandler                         0x08000283   Thumb Code     0  startup_stm32f103xe.o(.text)
    EXTI4_IRQHandler                         0x08000283   Thumb Code     0  startup_stm32f103xe.o(.text)
    EXTI9_5_IRQHandler                       0x08000283   Thumb Code     0  startup_stm32f103xe.o(.text)
    FLASH_IRQHandler                         0x08000283   Thumb Code     0  startup_stm32f103xe.o(.text)
    FSMC_IRQHandler                          0x08000283   Thumb Code     0  startup_stm32f103xe.o(.text)
    I2C1_ER_IRQHandler                       0x08000283   Thumb Code     0  startup_stm32f103xe.o(.text)
    I2C1_EV_IRQHandler                       0x08000283   Thumb Code     0  startup_stm32f103xe.o(.text)
    I2C2_ER_IRQHandler                       0x08000283   Thumb Code     0  startup_stm32f103xe.o(.text)
    I2C2_EV_IRQHandler                       0x08000283   Thumb Code     0  startup_stm32f103xe.o(.text)
    PVD_IRQHandler                           0x08000283   Thumb Code     0  startup_stm32f103xe.o(.text)
    RCC_IRQHandler                           0x08000283   Thumb Code     0  startup_stm32f103xe.o(.text)
    RTC_Alarm_IRQHandler                     0x08000283   Thumb Code     0  startup_stm32f103xe.o(.text)
    RTC_IRQHandler                           0x08000283   Thumb Code     0  startup_stm32f103xe.o(.text)
    SDIO_IRQHandler                          0x08000283   Thumb Code     0  startup_stm32f103xe.o(.text)
    SPI1_IRQHandler                          0x08000283   Thumb Code     0  startup_stm32f103xe.o(.text)
    SPI2_IRQHandler                          0x08000283   Thumb Code     0  startup_stm32f103xe.o(.text)
    SPI3_IRQHandler                          0x08000283   Thumb Code     0  startup_stm32f103xe.o(.text)
    TAMPER_IRQHandler                        0x08000283   Thumb Code     0  startup_stm32f103xe.o(.text)
    TIM1_BRK_IRQHandler                      0x08000283   Thumb Code     0  startup_stm32f103xe.o(.text)
    TIM1_CC_IRQHandler                       0x08000283   Thumb Code     0  startup_stm32f103xe.o(.text)
    TIM1_TRG_COM_IRQHandler                  0x08000283   Thumb Code     0  startup_stm32f103xe.o(.text)
    TIM1_UP_IRQHandler                       0x08000283   Thumb Code     0  startup_stm32f103xe.o(.text)
    TIM2_IRQHandler                          0x08000283   Thumb Code     0  startup_stm32f103xe.o(.text)
    TIM3_IRQHandler                          0x08000283   Thumb Code     0  startup_stm32f103xe.o(.text)
    TIM4_IRQHandler                          0x08000283   Thumb Code     0  startup_stm32f103xe.o(.text)
    TIM5_IRQHandler                          0x08000283   Thumb Code     0  startup_stm32f103xe.o(.text)
    TIM7_IRQHandler                          0x08000283   Thumb Code     0  startup_stm32f103xe.o(.text)
    TIM8_BRK_IRQHandler                      0x08000283   Thumb Code     0  startup_stm32f103xe.o(.text)
    TIM8_CC_IRQHandler                       0x08000283   Thumb Code     0  startup_stm32f103xe.o(.text)
    TIM8_TRG_COM_IRQHandler                  0x08000283   Thumb Code     0  startup_stm32f103xe.o(.text)
    TIM8_UP_IRQHandler                       0x08000283   Thumb Code     0  startup_stm32f103xe.o(.text)
    UART4_IRQHandler                         0x08000283   Thumb Code     0  startup_stm32f103xe.o(.text)
    UART5_IRQHandler                         0x08000283   Thumb Code     0  startup_stm32f103xe.o(.text)
    USART3_IRQHandler                        0x08000283   Thumb Code     0  startup_stm32f103xe.o(.text)
    USBWakeUp_IRQHandler                     0x08000283   Thumb Code     0  startup_stm32f103xe.o(.text)
    USB_HP_CAN1_TX_IRQHandler                0x08000283   Thumb Code     0  startup_stm32f103xe.o(.text)
    USB_LP_CAN1_RX0_IRQHandler               0x08000283   Thumb Code     0  startup_stm32f103xe.o(.text)
    WWDG_IRQHandler                          0x08000283   Thumb Code     0  startup_stm32f103xe.o(.text)
    __user_initial_stackheap                 0x08000285   Thumb Code     0  startup_stm32f103xe.o(.text)
    __2sprintf                               0x080002a9   Thumb Code    38  __2sprintf.o(.text)
    __printf                                 0x080002d5   Thumb Code   104  __printf.o(.text)
    __aeabi_memcpy                           0x0800033d   Thumb Code     0  rt_memcpy_v6.o(.text)
    __rt_memcpy                              0x0800033d   Thumb Code   138  rt_memcpy_v6.o(.text)
    _memcpy_lastbytes                        0x080003a3   Thumb Code     0  rt_memcpy_v6.o(.text)
    __aeabi_memset                           0x080003c7   Thumb Code    16  aeabi_memset.o(.text)
    __aeabi_memclr4                          0x080003d7   Thumb Code     0  rt_memclr_w.o(.text)
    __aeabi_memclr8                          0x080003d7   Thumb Code     0  rt_memclr_w.o(.text)
    __rt_memclr_w                            0x080003d7   Thumb Code    78  rt_memclr_w.o(.text)
    _memset_w                                0x080003db   Thumb Code     0  rt_memclr_w.o(.text)
    __use_two_region_memory                  0x08000425   Thumb Code     2  heapauxi.o(.text)
    __rt_heap_escrow$2region                 0x08000427   Thumb Code     2  heapauxi.o(.text)
    __rt_heap_expand$2region                 0x08000429   Thumb Code     2  heapauxi.o(.text)
    _printf_char_common                      0x08000437   Thumb Code    32  _printf_char_common.o(.text)
    _sputc                                   0x0800045d   Thumb Code    10  _sputc.o(.text)
    __aeabi_memcpy4                          0x08000467   Thumb Code     0  rt_memcpy_w.o(.text)
    __aeabi_memcpy8                          0x08000467   Thumb Code     0  rt_memcpy_w.o(.text)
    __rt_memcpy_w                            0x08000467   Thumb Code   100  rt_memcpy_w.o(.text)
    _memcpy_lastbytes_aligned                0x080004af   Thumb Code     0  rt_memcpy_w.o(.text)
    __aeabi_memclr                           0x080004cb   Thumb Code     0  rt_memclr.o(.text)
    __rt_memclr                              0x080004cb   Thumb Code    68  rt_memclr.o(.text)
    _memset                                  0x080004cf   Thumb Code     0  rt_memclr.o(.text)
    __user_libspace                          0x08000511   Thumb Code     8  libspace.o(.text)
    __user_perproc_libspace                  0x08000511   Thumb Code     0  libspace.o(.text)
    __user_perthread_libspace                0x08000511   Thumb Code     0  libspace.o(.text)
    __user_setup_stackheap                   0x08000519   Thumb Code    74  sys_stackheap_outer.o(.text)
    exit                                     0x08000563   Thumb Code    18  exit.o(.text)
    _sys_exit                                0x08000575   Thumb Code     8  sys_exit.o(.text)
    __I$use$semihosting                      0x08000581   Thumb Code     0  use_no_semi.o(.text)
    __use_no_semihosting_swi                 0x08000581   Thumb Code     2  use_no_semi.o(.text)
    __semihosting_library_function           0x08000583   Thumb Code     0  indicate_semi.o(.text)
    ADC_ConversionStop_Disable               0x08000585   Thumb Code    86  stm32f1xx_hal_adc.o(i.ADC_ConversionStop_Disable)
    ADC_DMAConvCplt                          0x080005db   Thumb Code    78  stm32f1xx_hal_adc.o(i.ADC_DMAConvCplt)
    ADC_DMAError                             0x08000629   Thumb Code    26  stm32f1xx_hal_adc.o(i.ADC_DMAError)
    ADC_DMAHalfConvCplt                      0x08000643   Thumb Code    10  stm32f1xx_hal_adc.o(i.ADC_DMAHalfConvCplt)
    ADC_Enable                               0x0800064d   Thumb Code   114  stm32f1xx_hal_adc.o(i.ADC_Enable)
    BusFault_Handler                         0x080006c9   Thumb Code     2  stm32f1xx_it.o(i.BusFault_Handler)
    C2C_Write_Uint16                         0x080006cd   Thumb Code   108  spi.o(i.C2C_Write_Uint16)
    DMA1_Channel1_IRQHandler                 0x0800073d   Thumb Code     6  stm32f1xx_it.o(i.DMA1_Channel1_IRQHandler)
    DebugMon_Handler                         0x08000773   Thumb Code     2  stm32f1xx_it.o(i.DebugMon_Handler)
    Error_Handler                            0x08000775   Thumb Code     4  main.o(i.Error_Handler)
    HAL_ADC_ConfigChannel                    0x08000779   Thumb Code   240  stm32f1xx_hal_adc.o(i.HAL_ADC_ConfigChannel)
    HAL_ADC_ConvCpltCallback                 0x08000875   Thumb Code     2  stm32f1xx_hal_adc.o(i.HAL_ADC_ConvCpltCallback)
    HAL_ADC_ConvHalfCpltCallback             0x08000877   Thumb Code     2  stm32f1xx_hal_adc.o(i.HAL_ADC_ConvHalfCpltCallback)
    HAL_ADC_ErrorCallback                    0x08000879   Thumb Code     2  stm32f1xx_hal_adc.o(i.HAL_ADC_ErrorCallback)
    HAL_ADC_Init                             0x0800087d   Thumb Code   276  stm32f1xx_hal_adc.o(i.HAL_ADC_Init)
    HAL_ADC_MspInit                          0x080009a1   Thumb Code   122  adc.o(i.HAL_ADC_MspInit)
    HAL_ADC_Start_DMA                        0x08000a31   Thumb Code   246  stm32f1xx_hal_adc.o(i.HAL_ADC_Start_DMA)
    HAL_DMA_Abort                            0x08000b3d   Thumb Code    70  stm32f1xx_hal_dma.o(i.HAL_DMA_Abort)
    HAL_DMA_Abort_IT                         0x08000b85   Thumb Code   296  stm32f1xx_hal_dma.o(i.HAL_DMA_Abort_IT)
    HAL_DMA_IRQHandler                       0x08000cb5   Thumb Code   552  stm32f1xx_hal_dma.o(i.HAL_DMA_IRQHandler)
    HAL_DMA_Init                             0x08000efd   Thumb Code   112  stm32f1xx_hal_dma.o(i.HAL_DMA_Init)
    HAL_DMA_Start_IT                         0x08000f79   Thumb Code   112  stm32f1xx_hal_dma.o(i.HAL_DMA_Start_IT)
    HAL_GPIO_Init                            0x08000fe9   Thumb Code   462  stm32f1xx_hal_gpio.o(i.HAL_GPIO_Init)
    HAL_GPIO_TogglePin                       0x080011e1   Thumb Code    16  stm32f1xx_hal_gpio.o(i.HAL_GPIO_TogglePin)
    HAL_GPIO_WritePin                        0x080011f1   Thumb Code    10  stm32f1xx_hal_gpio.o(i.HAL_GPIO_WritePin)
    HAL_GetTick                              0x080011fd   Thumb Code     6  stm32f1xx_hal.o(i.HAL_GetTick)
    HAL_IncTick                              0x08001209   Thumb Code    12  stm32f1xx_hal.o(i.HAL_IncTick)
    HAL_Init                                 0x08001219   Thumb Code    32  stm32f1xx_hal.o(i.HAL_Init)
    HAL_InitTick                             0x0800123d   Thumb Code   132  stm32f1xx_hal_timebase_tim.o(i.HAL_InitTick)
    HAL_MspInit                              0x080012d5   Thumb Code    62  stm32f1xx_hal_msp.o(i.HAL_MspInit)
    HAL_NVIC_EnableIRQ                       0x0800131d   Thumb Code    26  stm32f1xx_hal_cortex.o(i.HAL_NVIC_EnableIRQ)
    HAL_NVIC_SetPriority                     0x08001339   Thumb Code    60  stm32f1xx_hal_cortex.o(i.HAL_NVIC_SetPriority)
    HAL_NVIC_SetPriorityGrouping             0x08001379   Thumb Code    26  stm32f1xx_hal_cortex.o(i.HAL_NVIC_SetPriorityGrouping)
    HAL_RCCEx_PeriphCLKConfig                0x0800139d   Thumb Code   224  stm32f1xx_hal_rcc_ex.o(i.HAL_RCCEx_PeriphCLKConfig)
    HAL_RCC_ClockConfig                      0x08001489   Thumb Code   280  stm32f1xx_hal_rcc.o(i.HAL_RCC_ClockConfig)
    HAL_RCC_GetClockConfig                   0x080015b5   Thumb Code    54  stm32f1xx_hal_rcc.o(i.HAL_RCC_GetClockConfig)
    HAL_RCC_GetPCLK1Freq                     0x080015f5   Thumb Code    20  stm32f1xx_hal_rcc.o(i.HAL_RCC_GetPCLK1Freq)
    HAL_RCC_GetPCLK2Freq                     0x08001615   Thumb Code    20  stm32f1xx_hal_rcc.o(i.HAL_RCC_GetPCLK2Freq)
    HAL_RCC_GetSysClockFreq                  0x08001635   Thumb Code    58  stm32f1xx_hal_rcc.o(i.HAL_RCC_GetSysClockFreq)
    HAL_RCC_OscConfig                        0x08001681   Thumb Code   778  stm32f1xx_hal_rcc.o(i.HAL_RCC_OscConfig)
    HAL_TIMEx_BreakCallback                  0x080019a1   Thumb Code     2  stm32f1xx_hal_tim_ex.o(i.HAL_TIMEx_BreakCallback)
    HAL_TIMEx_CommutCallback                 0x080019a3   Thumb Code     2  stm32f1xx_hal_tim_ex.o(i.HAL_TIMEx_CommutCallback)
    HAL_TIM_Base_Init                        0x080019a5   Thumb Code    90  stm32f1xx_hal_tim.o(i.HAL_TIM_Base_Init)
    HAL_TIM_Base_MspInit                     0x080019ff   Thumb Code     2  stm32f1xx_hal_tim.o(i.HAL_TIM_Base_MspInit)
    HAL_TIM_Base_Start_IT                    0x08001a01   Thumb Code    88  stm32f1xx_hal_tim.o(i.HAL_TIM_Base_Start_IT)
    HAL_TIM_IC_CaptureCallback               0x08001a6d   Thumb Code     2  stm32f1xx_hal_tim.o(i.HAL_TIM_IC_CaptureCallback)
    HAL_TIM_IRQHandler                       0x08001a6f   Thumb Code   358  stm32f1xx_hal_tim.o(i.HAL_TIM_IRQHandler)
    HAL_TIM_OC_DelayElapsedCallback          0x08001bd5   Thumb Code     2  stm32f1xx_hal_tim.o(i.HAL_TIM_OC_DelayElapsedCallback)
    HAL_TIM_PWM_PulseFinishedCallback        0x08001bd7   Thumb Code     2  stm32f1xx_hal_tim.o(i.HAL_TIM_PWM_PulseFinishedCallback)
    HAL_TIM_PeriodElapsedCallback            0x08001bd9   Thumb Code    14  main.o(i.HAL_TIM_PeriodElapsedCallback)
    HAL_TIM_TriggerCallback                  0x08001bed   Thumb Code     2  stm32f1xx_hal_tim.o(i.HAL_TIM_TriggerCallback)
    HAL_UARTEx_RxEventCallback               0x08001bef   Thumb Code     2  stm32f1xx_hal_uart.o(i.HAL_UARTEx_RxEventCallback)
    HAL_UART_ErrorCallback                   0x08001bf1   Thumb Code     2  stm32f1xx_hal_uart.o(i.HAL_UART_ErrorCallback)
    HAL_UART_IRQHandler                      0x08001bf5   Thumb Code   616  stm32f1xx_hal_uart.o(i.HAL_UART_IRQHandler)
    HAL_UART_Init                            0x08001e61   Thumb Code   100  stm32f1xx_hal_uart.o(i.HAL_UART_Init)
    HAL_UART_MspInit                         0x08001ec5   Thumb Code   198  usart.o(i.HAL_UART_MspInit)
    HAL_UART_Receive_IT                      0x08001f9d   Thumb Code    28  stm32f1xx_hal_uart.o(i.HAL_UART_Receive_IT)
    HAL_UART_RxCpltCallback                  0x08001fb9   Thumb Code    94  stm32f1xx_it.o(i.HAL_UART_RxCpltCallback)
    HAL_UART_Transmit                        0x0800202d   Thumb Code   154  stm32f1xx_hal_uart.o(i.HAL_UART_Transmit)
    HAL_UART_TxCpltCallback                  0x080020c7   Thumb Code     2  stm32f1xx_hal_uart.o(i.HAL_UART_TxCpltCallback)
    HardFault_Handler                        0x080020c9   Thumb Code     2  stm32f1xx_it.o(i.HardFault_Handler)
    MX_ADC1_Init                             0x080020cd   Thumb Code    72  adc.o(i.MX_ADC1_Init)
    MX_DMA_Init                              0x0800211d   Thumb Code    40  dma.o(i.MX_DMA_Init)
    MX_FREERTOS_Init                         0x08002149   Thumb Code    56  freertos.o(i.MX_FREERTOS_Init)
    MX_GPIO_Init                             0x08002195   Thumb Code   222  gpio.o(i.MX_GPIO_Init)
    MX_USART1_UART_Init                      0x08002285   Thumb Code    48  usart.o(i.MX_USART1_UART_Init)
    MX_USART2_UART_Init                      0x080022bd   Thumb Code    48  usart.o(i.MX_USART2_UART_Init)
    MemManage_Handler                        0x080022f5   Thumb Code     2  stm32f1xx_it.o(i.MemManage_Handler)
    NMI_Handler                              0x080022f7   Thumb Code     2  stm32f1xx_it.o(i.NMI_Handler)
    StartC2CTask                             0x080022f9   Thumb Code    38  freertos.o(i.StartC2CTask)
    StartInitWifiTask                        0x08002329   Thumb Code    12  freertos.o(i.StartInitWifiTask)
    StartLEDDebugTask                        0x08002335   Thumb Code    26  freertos.o(i.StartLEDDebugTask)
    SysTick_Handler                          0x08002355   Thumb Code    38  port.o(i.SysTick_Handler)
    SystemClock_Config                       0x08002381   Thumb Code   122  main.o(i.SystemClock_Config)
    SystemInit                               0x080023fb   Thumb Code     2  system_stm32f1xx.o(i.SystemInit)
    TIM6_IRQHandler                          0x080023fd   Thumb Code     6  stm32f1xx_it.o(i.TIM6_IRQHandler)
    TIM_Base_SetConfig                       0x08002409   Thumb Code   120  stm32f1xx_hal_tim.o(i.TIM_Base_SetConfig)
    UART_Start_Receive_IT                    0x0800266d   Thumb Code    54  stm32f1xx_hal_uart.o(i.UART_Start_Receive_IT)
    USART1_IRQHandler                        0x0800271d   Thumb Code     6  stm32f1xx_it.o(i.USART1_IRQHandler)
    USART2_IRQHandler                        0x08002729   Thumb Code     6  stm32f1xx_it.o(i.USART2_IRQHandler)
    UsageFault_Handler                       0x08002735   Thumb Code     2  stm32f1xx_it.o(i.UsageFault_Handler)
    delay_ms                                 0x08002757   Thumb Code    24  wifi.o(i.delay_ms)
    main                                     0x08002771   Thumb Code    76  main.o(i.main)
    osDelay                                  0x080027cd   Thumb Code    46  cmsis_os2.o(i.osDelay)
    osKernelInitialize                       0x08002801   Thumb Code    50  cmsis_os2.o(i.osKernelInitialize)
    osKernelStart                            0x08002839   Thumb Code    58  cmsis_os2.o(i.osKernelStart)
    osMutexAcquire                           0x08002879   Thumb Code   104  cmsis_os2.o(i.osMutexAcquire)
    osMutexNew                               0x080028e5   Thumb Code   124  cmsis_os2.o(i.osMutexNew)
    osMutexRelease                           0x08002965   Thumb Code    88  cmsis_os2.o(i.osMutexRelease)
    osThreadNew                              0x080029c1   Thumb Code   158  cmsis_os2.o(i.osThreadNew)
    pvPortMalloc                             0x080031c1   Thumb Code   210  heap_4.o(i.pvPortMalloc)
    pvTaskIncrementMutexHeldCount            0x08003299   Thumb Code    18  tasks.o(i.pvTaskIncrementMutexHeldCount)
    pxPortInitialiseStack                    0x080032b1   Thumb Code    32  port.o(i.pxPortInitialiseStack)
    uxListRemove                             0x080032d5   Thumb Code    38  list.o(i.uxListRemove)
    vApplicationGetIdleTaskMemory            0x080032fd   Thumb Code    16  cmsis_os2.o(i.vApplicationGetIdleTaskMemory)
    vApplicationGetTimerTaskMemory           0x08003311   Thumb Code    18  cmsis_os2.o(i.vApplicationGetTimerTaskMemory)
    vApplicationStackOverflowHook            0x08003329   Thumb Code     2  freertos.o(i.vApplicationStackOverflowHook)
    vListInitialise                          0x0800332b   Thumb Code    22  list.o(i.vListInitialise)
    vListInitialiseItem                      0x08003341   Thumb Code     6  list.o(i.vListInitialiseItem)
    vListInsert                              0x08003347   Thumb Code    48  list.o(i.vListInsert)
    vListInsertEnd                           0x08003377   Thumb Code    24  list.o(i.vListInsertEnd)
    vPortEnterCritical                       0x08003391   Thumb Code    54  port.o(i.vPortEnterCritical)
    vPortExitCritical                        0x080033d1   Thumb Code    34  port.o(i.vPortExitCritical)
    vPortFree                                0x080033f9   Thumb Code    88  heap_4.o(i.vPortFree)
    vPortSetupTimerInterrupt                 0x08003455   Thumb Code    32  port.o(i.vPortSetupTimerInterrupt)
    vPortValidateInterruptPriority           0x08003479   Thumb Code    74  port.o(i.vPortValidateInterruptPriority)
    vQueueAddToRegistry                      0x080034cd   Thumb Code    34  queue.o(i.vQueueAddToRegistry)
    vQueueWaitForMessageRestricted           0x080034f5   Thumb Code    68  queue.o(i.vQueueWaitForMessageRestricted)
    vTaskDelay                               0x08003539   Thumb Code    66  tasks.o(i.vTaskDelay)
    vTaskDelete                              0x08003585   Thumb Code   130  tasks.o(i.vTaskDelete)
    vTaskInternalSetTimeOutState             0x08003615   Thumb Code    12  tasks.o(i.vTaskInternalSetTimeOutState)
    vTaskMissedYield                         0x08003625   Thumb Code     8  tasks.o(i.vTaskMissedYield)
    vTaskPlaceOnEventList                    0x08003631   Thumb Code    44  tasks.o(i.vTaskPlaceOnEventList)
    vTaskPlaceOnEventListRestricted          0x08003661   Thumb Code    52  tasks.o(i.vTaskPlaceOnEventListRestricted)
    vTaskPriorityDisinheritAfterTimeout      0x08003699   Thumb Code   134  tasks.o(i.vTaskPriorityDisinheritAfterTimeout)
    vTaskStartScheduler                      0x08003729   Thumb Code   118  tasks.o(i.vTaskStartScheduler)
    vTaskSuspendAll                          0x080037b1   Thumb Code    10  tasks.o(i.vTaskSuspendAll)
    vTaskSwitchContext                       0x080037c1   Thumb Code   132  tasks.o(i.vTaskSwitchContext)
    wifi_AP_init                             0x0800384d   Thumb Code   270  wifi.o(i.wifi_AP_init)
    xPortStartScheduler                      0x08003a19   Thumb Code   154  port.o(i.xPortStartScheduler)
    xQueueCreateMutex                        0x08003ac1   Thumb Code    22  queue.o(i.xQueueCreateMutex)
    xQueueCreateMutexStatic                  0x08003ad7   Thumb Code    26  queue.o(i.xQueueCreateMutexStatic)
    xQueueGenericCreate                      0x08003af1   Thumb Code    72  queue.o(i.xQueueGenericCreate)
    xQueueGenericCreateStatic                0x08003b39   Thumb Code   102  queue.o(i.xQueueGenericCreateStatic)
    xQueueGenericReset                       0x08003ba1   Thumb Code   132  queue.o(i.xQueueGenericReset)
    xQueueGenericSend                        0x08003c29   Thumb Code   346  queue.o(i.xQueueGenericSend)
    xQueueGenericSendFromISR                 0x08003d89   Thumb Code   188  queue.o(i.xQueueGenericSendFromISR)
    xQueueGiveMutexRecursive                 0x08003e45   Thumb Code    62  queue.o(i.xQueueGiveMutexRecursive)
    xQueueReceive                            0x08003e85   Thumb Code   308  queue.o(i.xQueueReceive)
    xQueueSemaphoreTake                      0x08003fbd   Thumb Code   372  queue.o(i.xQueueSemaphoreTake)
    xQueueTakeMutexRecursive                 0x08004135   Thumb Code    64  queue.o(i.xQueueTakeMutexRecursive)
    xTaskCheckForTimeOut                     0x08004175   Thumb Code   112  tasks.o(i.xTaskCheckForTimeOut)
    xTaskCreate                              0x080041e9   Thumb Code    90  tasks.o(i.xTaskCreate)
    xTaskCreateStatic                        0x08004243   Thumb Code    86  tasks.o(i.xTaskCreateStatic)
    xTaskGetCurrentTaskHandle                0x08004299   Thumb Code     6  tasks.o(i.xTaskGetCurrentTaskHandle)
    xTaskGetSchedulerState                   0x080042a5   Thumb Code    22  tasks.o(i.xTaskGetSchedulerState)
    xTaskGetTickCount                        0x080042c1   Thumb Code     6  tasks.o(i.xTaskGetTickCount)
    xTaskIncrementTick                       0x080042cd   Thumb Code   190  tasks.o(i.xTaskIncrementTick)
    xTaskPriorityDisinherit                  0x08004395   Thumb Code   118  tasks.o(i.xTaskPriorityDisinherit)
    xTaskPriorityInherit                     0x08004415   Thumb Code   112  tasks.o(i.xTaskPriorityInherit)
    xTaskRemoveFromEventList                 0x0800448d   Thumb Code    98  tasks.o(i.xTaskRemoveFromEventList)
    xTaskResumeAll                           0x080044fd   Thumb Code   182  tasks.o(i.xTaskResumeAll)
    xTimerCreateTimerTask                    0x080045c1   Thumb Code    78  timers.o(i.xTimerCreateTimerTask)
    xTimerGenericCommand                     0x08004621   Thumb Code    98  timers.o(i.xTimerGenericCommand)
    C2CTask_attributes                       0x08004688   Data          36  freertos.o(.constdata)
    LEDDebugTask_attributes                  0x080046ac   Data          36  freertos.o(.constdata)
    InitWifiTask_attributes                  0x080046d0   Data          36  freertos.o(.constdata)
    C2CMutex_attributes                      0x080046f4   Data          16  freertos.o(.constdata)
    AHBPrescTable                            0x08004716   Data          16  system_stm32f1xx.o(.constdata)
    APBPrescTable                            0x08004726   Data           8  system_stm32f1xx.o(.constdata)
    Region$$Table$$Base                      0x08004764   Number         0  anon$$obj.o(Region$$Table)
    Region$$Table$$Limit                     0x08004784   Number         0  anon$$obj.o(Region$$Table)
    rec_data                                 0x20000000   Data           1  main.o(.data)
    adc_data                                 0x20000004   Data           4  main.o(.data)
    H                                        0x20000008   Data           1  freertos.o(.data)
    C2CTaskHandle                            0x20000018   Data           4  freertos.o(.data)
    LEDDebugTaskHandle                       0x2000001c   Data           4  freertos.o(.data)
    InitWifiTaskHandle                       0x20000020   Data           4  freertos.o(.data)
    C2CMutexHandle                           0x20000024   Data           4  freertos.o(.data)
    uwTickFreq                               0x20000028   Data           1  stm32f1xx_hal.o(.data)
    uwTickPrio                               0x2000002c   Data           4  stm32f1xx_hal.o(.data)
    uwTick                                   0x20000030   Data           4  stm32f1xx_hal.o(.data)
    SystemCoreClock                          0x20000034   Data           4  system_stm32f1xx.o(.data)
    pxCurrentTCB                             0x20000038   Data           4  tasks.o(.data)
    u_buf                                    0x200000b0   Data         100  main.o(.bss)
    hadc1                                    0x20000114   Data          48  adc.o(.bss)
    hdma_adc1                                0x20000144   Data          68  adc.o(.bss)
    huart1                                   0x20000188   Data          72  usart.o(.bss)
    huart2                                   0x200001d0   Data          72  usart.o(.bss)
    htim6                                    0x20000218   Data          72  stm32f1xx_hal_timebase_tim.o(.bss)
    xQueueRegistry                           0x20000260   Data          64  queue.o(.bss)
    __libspace_start                         0x20001b34   Data          96  libspace.o(.bss)
    __temporary_stack_top$libspace           0x20001b94   Data           0  libspace.o(.bss)



==============================================================================

Memory Map of the image

  Image Entry point : 0x08000131

  Load Region LR_IROM1 (Base: 0x08000000, Size: 0x00004834, Max: 0x00040000, ABSOLUTE)

    Execution Region ER_IROM1 (Base: 0x08000000, Size: 0x00004784, Max: 0x00040000, ABSOLUTE)

    Base Addr    Size         Type   Attr      Idx    E Section Name        Object

    0x08000000   0x00000130   Data   RO            3    RESET               startup_stm32f103xe.o
    0x08000130   0x00000008   Code   RO         5057  * !!!main             c_w.l(__main.o)
    0x08000138   0x00000034   Code   RO         5357    !!!scatter          c_w.l(__scatter.o)
    0x0800016c   0x0000001a   Code   RO         5359    !!handler_copy      c_w.l(__scatter_copy.o)
    0x08000186   0x00000002   PAD
    0x08000188   0x0000001c   Code   RO         5361    !!handler_zi        c_w.l(__scatter_zi.o)
    0x080001a4   0x00000000   Code   RO         5046    .ARM.Collect$$_printf_percent$$00000000  c_w.l(_printf_percent.o)
    0x080001a4   0x00000004   Code   RO         5112    .ARM.Collect$$_printf_percent$$00000017  c_w.l(_printf_percent_end.o)
    0x080001a8   0x00000002   Code   RO         5228    .ARM.Collect$$libinit$$00000000  c_w.l(libinit.o)
    0x080001aa   0x00000000   Code   RO         5230    .ARM.Collect$$libinit$$00000002  c_w.l(libinit2.o)
    0x080001aa   0x00000000   Code   RO         5232    .ARM.Collect$$libinit$$00000004  c_w.l(libinit2.o)
    0x080001aa   0x00000000   Code   RO         5235    .ARM.Collect$$libinit$$0000000A  c_w.l(libinit2.o)
    0x080001aa   0x00000000   Code   RO         5237    .ARM.Collect$$libinit$$0000000C  c_w.l(libinit2.o)
    0x080001aa   0x00000000   Code   RO         5239    .ARM.Collect$$libinit$$0000000E  c_w.l(libinit2.o)
    0x080001aa   0x00000000   Code   RO         5242    .ARM.Collect$$libinit$$00000011  c_w.l(libinit2.o)
    0x080001aa   0x00000000   Code   RO         5244    .ARM.Collect$$libinit$$00000013  c_w.l(libinit2.o)
    0x080001aa   0x00000000   Code   RO         5246    .ARM.Collect$$libinit$$00000015  c_w.l(libinit2.o)
    0x080001aa   0x00000000   Code   RO         5248    .ARM.Collect$$libinit$$00000017  c_w.l(libinit2.o)
    0x080001aa   0x00000000   Code   RO         5250    .ARM.Collect$$libinit$$00000019  c_w.l(libinit2.o)
    0x080001aa   0x00000000   Code   RO         5252    .ARM.Collect$$libinit$$0000001B  c_w.l(libinit2.o)
    0x080001aa   0x00000000   Code   RO         5254    .ARM.Collect$$libinit$$0000001D  c_w.l(libinit2.o)
    0x080001aa   0x00000000   Code   RO         5256    .ARM.Collect$$libinit$$0000001F  c_w.l(libinit2.o)
    0x080001aa   0x00000000   Code   RO         5258    .ARM.Collect$$libinit$$00000021  c_w.l(libinit2.o)
    0x080001aa   0x00000000   Code   RO         5260    .ARM.Collect$$libinit$$00000023  c_w.l(libinit2.o)
    0x080001aa   0x00000000   Code   RO         5262    .ARM.Collect$$libinit$$00000025  c_w.l(libinit2.o)
    0x080001aa   0x00000000   Code   RO         5266    .ARM.Collect$$libinit$$0000002C  c_w.l(libinit2.o)
    0x080001aa   0x00000000   Code   RO         5268    .ARM.Collect$$libinit$$0000002E  c_w.l(libinit2.o)
    0x080001aa   0x00000000   Code   RO         5270    .ARM.Collect$$libinit$$00000030  c_w.l(libinit2.o)
    0x080001aa   0x00000000   Code   RO         5272    .ARM.Collect$$libinit$$00000032  c_w.l(libinit2.o)
    0x080001aa   0x00000002   Code   RO         5273    .ARM.Collect$$libinit$$00000033  c_w.l(libinit2.o)
    0x080001ac   0x00000002   Code   RO         5305    .ARM.Collect$$libshutdown$$00000000  c_w.l(libshutdown.o)
    0x080001ae   0x00000000   Code   RO         5316    .ARM.Collect$$libshutdown$$00000002  c_w.l(libshutdown2.o)
    0x080001ae   0x00000000   Code   RO         5318    .ARM.Collect$$libshutdown$$00000004  c_w.l(libshutdown2.o)
    0x080001ae   0x00000000   Code   RO         5321    .ARM.Collect$$libshutdown$$00000007  c_w.l(libshutdown2.o)
    0x080001ae   0x00000000   Code   RO         5324    .ARM.Collect$$libshutdown$$0000000A  c_w.l(libshutdown2.o)
    0x080001ae   0x00000000   Code   RO         5326    .ARM.Collect$$libshutdown$$0000000C  c_w.l(libshutdown2.o)
    0x080001ae   0x00000000   Code   RO         5329    .ARM.Collect$$libshutdown$$0000000F  c_w.l(libshutdown2.o)
    0x080001ae   0x00000002   Code   RO         5330    .ARM.Collect$$libshutdown$$00000010  c_w.l(libshutdown2.o)
    0x080001b0   0x00000000   Code   RO         5099    .ARM.Collect$$rtentry$$00000000  c_w.l(__rtentry.o)
    0x080001b0   0x00000000   Code   RO         5150    .ARM.Collect$$rtentry$$00000002  c_w.l(__rtentry2.o)
    0x080001b0   0x00000006   Code   RO         5162    .ARM.Collect$$rtentry$$00000004  c_w.l(__rtentry4.o)
    0x080001b6   0x00000000   Code   RO         5152    .ARM.Collect$$rtentry$$00000009  c_w.l(__rtentry2.o)
    0x080001b6   0x00000004   Code   RO         5153    .ARM.Collect$$rtentry$$0000000A  c_w.l(__rtentry2.o)
    0x080001ba   0x00000000   Code   RO         5155    .ARM.Collect$$rtentry$$0000000C  c_w.l(__rtentry2.o)
    0x080001ba   0x00000008   Code   RO         5156    .ARM.Collect$$rtentry$$0000000D  c_w.l(__rtentry2.o)
    0x080001c2   0x00000002   Code   RO         5276    .ARM.Collect$$rtexit$$00000000  c_w.l(rtexit.o)
    0x080001c4   0x00000000   Code   RO         5283    .ARM.Collect$$rtexit$$00000002  c_w.l(rtexit2.o)
    0x080001c4   0x00000004   Code   RO         5284    .ARM.Collect$$rtexit$$00000003  c_w.l(rtexit2.o)
    0x080001c8   0x00000006   Code   RO         5285    .ARM.Collect$$rtexit$$00000004  c_w.l(rtexit2.o)
    0x080001ce   0x00000002   PAD
    0x080001d0   0x00000096   Code   RO         4931    .emb_text           port.o
    0x08000266   0x00000002   PAD
    0x08000268   0x00000040   Code   RO            4    .text               startup_stm32f103xe.o
    0x080002a8   0x0000002c   Code   RO         5012    .text               c_w.l(__2sprintf.o)
    0x080002d4   0x00000068   Code   RO         5016    .text               c_w.l(__printf.o)
    0x0800033c   0x0000008a   Code   RO         5047    .text               c_w.l(rt_memcpy_v6.o)
    0x080003c6   0x00000010   Code   RO         5051    .text               c_w.l(aeabi_memset.o)
    0x080003d6   0x0000004e   Code   RO         5053    .text               c_w.l(rt_memclr_w.o)
    0x08000424   0x00000006   Code   RO         5055    .text               c_w.l(heapauxi.o)
    0x0800042a   0x00000002   PAD
    0x0800042c   0x00000030   Code   RO         5106    .text               c_w.l(_printf_char_common.o)
    0x0800045c   0x0000000a   Code   RO         5108    .text               c_w.l(_sputc.o)
    0x08000466   0x00000064   Code   RO         5113    .text               c_w.l(rt_memcpy_w.o)
    0x080004ca   0x00000044   Code   RO         5115    .text               c_w.l(rt_memclr.o)
    0x0800050e   0x00000002   PAD
    0x08000510   0x00000008   Code   RO         5214    .text               c_w.l(libspace.o)
    0x08000518   0x0000004a   Code   RO         5217    .text               c_w.l(sys_stackheap_outer.o)
    0x08000562   0x00000012   Code   RO         5219    .text               c_w.l(exit.o)
    0x08000574   0x0000000c   Code   RO         5295    .text               c_w.l(sys_exit.o)
    0x08000580   0x00000002   Code   RO         5306    .text               c_w.l(use_no_semi.o)
    0x08000582   0x00000000   Code   RO         5308    .text               c_w.l(indicate_semi.o)
    0x08000582   0x00000002   PAD
    0x08000584   0x00000056   Code   RO          759    i.ADC_ConversionStop_Disable  stm32f1xx_hal_adc.o
    0x080005da   0x0000004e   Code   RO          760    i.ADC_DMAConvCplt   stm32f1xx_hal_adc.o
    0x08000628   0x0000001a   Code   RO          761    i.ADC_DMAError      stm32f1xx_hal_adc.o
    0x08000642   0x0000000a   Code   RO          762    i.ADC_DMAHalfConvCplt  stm32f1xx_hal_adc.o
    0x0800064c   0x0000007c   Code   RO          763    i.ADC_Enable        stm32f1xx_hal_adc.o
    0x080006c8   0x00000002   Code   RO          572    i.BusFault_Handler  stm32f1xx_it.o
    0x080006ca   0x00000002   PAD
    0x080006cc   0x00000070   Code   RO           13    i.C2C_Write_Uint16  spi.o
    0x0800073c   0x0000000c   Code   RO          573    i.DMA1_Channel1_IRQHandler  stm32f1xx_it.o
    0x08000748   0x0000002a   Code   RO         1415    i.DMA_SetConfig     stm32f1xx_hal_dma.o
    0x08000772   0x00000002   Code   RO          574    i.DebugMon_Handler  stm32f1xx_it.o
    0x08000774   0x00000004   Code   RO          298    i.Error_Handler     main.o
    0x08000778   0x000000fc   Code   RO          765    i.HAL_ADC_ConfigChannel  stm32f1xx_hal_adc.o
    0x08000874   0x00000002   Code   RO          766    i.HAL_ADC_ConvCpltCallback  stm32f1xx_hal_adc.o
    0x08000876   0x00000002   Code   RO          767    i.HAL_ADC_ConvHalfCpltCallback  stm32f1xx_hal_adc.o
    0x08000878   0x00000002   Code   RO          769    i.HAL_ADC_ErrorCallback  stm32f1xx_hal_adc.o
    0x0800087a   0x00000002   PAD
    0x0800087c   0x00000124   Code   RO          774    i.HAL_ADC_Init      stm32f1xx_hal_adc.o
    0x080009a0   0x00000090   Code   RO          459    i.HAL_ADC_MspInit   adc.o
    0x08000a30   0x0000010c   Code   RO          781    i.HAL_ADC_Start_DMA  stm32f1xx_hal_adc.o
    0x08000b3c   0x00000046   Code   RO         1416    i.HAL_DMA_Abort     stm32f1xx_hal_dma.o
    0x08000b82   0x00000002   PAD
    0x08000b84   0x00000130   Code   RO         1417    i.HAL_DMA_Abort_IT  stm32f1xx_hal_dma.o
    0x08000cb4   0x00000248   Code   RO         1421    i.HAL_DMA_IRQHandler  stm32f1xx_hal_dma.o
    0x08000efc   0x0000007c   Code   RO         1422    i.HAL_DMA_Init      stm32f1xx_hal_dma.o
    0x08000f78   0x00000070   Code   RO         1426    i.HAL_DMA_Start_IT  stm32f1xx_hal_dma.o
    0x08000fe8   0x000001f8   Code   RO         1352    i.HAL_GPIO_Init     stm32f1xx_hal_gpio.o
    0x080011e0   0x00000010   Code   RO         1355    i.HAL_GPIO_TogglePin  stm32f1xx_hal_gpio.o
    0x080011f0   0x0000000a   Code   RO         1356    i.HAL_GPIO_WritePin  stm32f1xx_hal_gpio.o
    0x080011fa   0x00000002   PAD
    0x080011fc   0x0000000c   Code   RO         1046    i.HAL_GetTick       stm32f1xx_hal.o
    0x08001208   0x00000010   Code   RO         1052    i.HAL_IncTick       stm32f1xx_hal.o
    0x08001218   0x00000024   Code   RO         1053    i.HAL_Init          stm32f1xx_hal.o
    0x0800123c   0x00000098   Code   RO          684    i.HAL_InitTick      stm32f1xx_hal_timebase_tim.o
    0x080012d4   0x00000048   Code   RO          660    i.HAL_MspInit       stm32f1xx_hal_msp.o
    0x0800131c   0x0000001a   Code   RO         1512    i.HAL_NVIC_EnableIRQ  stm32f1xx_hal_cortex.o
    0x08001336   0x00000002   PAD
    0x08001338   0x00000040   Code   RO         1518    i.HAL_NVIC_SetPriority  stm32f1xx_hal_cortex.o
    0x08001378   0x00000024   Code   RO         1519    i.HAL_NVIC_SetPriorityGrouping  stm32f1xx_hal_cortex.o
    0x0800139c   0x000000ec   Code   RO         1314    i.HAL_RCCEx_PeriphCLKConfig  stm32f1xx_hal_rcc_ex.o
    0x08001488   0x0000012c   Code   RO         1210    i.HAL_RCC_ClockConfig  stm32f1xx_hal_rcc.o
    0x080015b4   0x00000040   Code   RO         1214    i.HAL_RCC_GetClockConfig  stm32f1xx_hal_rcc.o
    0x080015f4   0x00000020   Code   RO         1217    i.HAL_RCC_GetPCLK1Freq  stm32f1xx_hal_rcc.o
    0x08001614   0x00000020   Code   RO         1218    i.HAL_RCC_GetPCLK2Freq  stm32f1xx_hal_rcc.o
    0x08001634   0x0000004c   Code   RO         1219    i.HAL_RCC_GetSysClockFreq  stm32f1xx_hal_rcc.o
    0x08001680   0x00000320   Code   RO         1222    i.HAL_RCC_OscConfig  stm32f1xx_hal_rcc.o
    0x080019a0   0x00000002   Code   RO         2718    i.HAL_TIMEx_BreakCallback  stm32f1xx_hal_tim_ex.o
    0x080019a2   0x00000002   Code   RO         2719    i.HAL_TIMEx_CommutCallback  stm32f1xx_hal_tim_ex.o
    0x080019a4   0x0000005a   Code   RO         2014    i.HAL_TIM_Base_Init  stm32f1xx_hal_tim.o
    0x080019fe   0x00000002   Code   RO         2016    i.HAL_TIM_Base_MspInit  stm32f1xx_hal_tim.o
    0x08001a00   0x0000006c   Code   RO         2019    i.HAL_TIM_Base_Start_IT  stm32f1xx_hal_tim.o
    0x08001a6c   0x00000002   Code   RO         2048    i.HAL_TIM_IC_CaptureCallback  stm32f1xx_hal_tim.o
    0x08001a6e   0x00000166   Code   RO         2062    i.HAL_TIM_IRQHandler  stm32f1xx_hal_tim.o
    0x08001bd4   0x00000002   Code   RO         2065    i.HAL_TIM_OC_DelayElapsedCallback  stm32f1xx_hal_tim.o
    0x08001bd6   0x00000002   Code   RO         2092    i.HAL_TIM_PWM_PulseFinishedCallback  stm32f1xx_hal_tim.o
    0x08001bd8   0x00000014   Code   RO          299    i.HAL_TIM_PeriodElapsedCallback  main.o
    0x08001bec   0x00000002   Code   RO         2105    i.HAL_TIM_TriggerCallback  stm32f1xx_hal_tim.o
    0x08001bee   0x00000002   Code   RO         2997    i.HAL_UARTEx_RxEventCallback  stm32f1xx_hal_uart.o
    0x08001bf0   0x00000002   Code   RO         3011    i.HAL_UART_ErrorCallback  stm32f1xx_hal_uart.o
    0x08001bf2   0x00000002   PAD
    0x08001bf4   0x0000026c   Code   RO         3014    i.HAL_UART_IRQHandler  stm32f1xx_hal_uart.o
    0x08001e60   0x00000064   Code   RO         3015    i.HAL_UART_Init     stm32f1xx_hal_uart.o
    0x08001ec4   0x000000d8   Code   RO          525    i.HAL_UART_MspInit  usart.o
    0x08001f9c   0x0000001c   Code   RO         3020    i.HAL_UART_Receive_IT  stm32f1xx_hal_uart.o
    0x08001fb8   0x00000074   Code   RO          575    i.HAL_UART_RxCpltCallback  stm32f1xx_it.o
    0x0800202c   0x0000009a   Code   RO         3023    i.HAL_UART_Transmit  stm32f1xx_hal_uart.o
    0x080020c6   0x00000002   Code   RO         3026    i.HAL_UART_TxCpltCallback  stm32f1xx_hal_uart.o
    0x080020c8   0x00000002   Code   RO          576    i.HardFault_Handler  stm32f1xx_it.o
    0x080020ca   0x00000002   PAD
    0x080020cc   0x00000050   Code   RO          460    i.MX_ADC1_Init      adc.o
    0x0800211c   0x0000002c   Code   RO          500    i.MX_DMA_Init       dma.o
    0x08002148   0x0000004c   Code   RO          384    i.MX_FREERTOS_Init  freertos.o
    0x08002194   0x000000f0   Code   RO          360    i.MX_GPIO_Init      gpio.o
    0x08002284   0x00000038   Code   RO          526    i.MX_USART1_UART_Init  usart.o
    0x080022bc   0x00000038   Code   RO          527    i.MX_USART2_UART_Init  usart.o
    0x080022f4   0x00000002   Code   RO          577    i.MemManage_Handler  stm32f1xx_it.o
    0x080022f6   0x00000002   Code   RO          578    i.NMI_Handler       stm32f1xx_it.o
    0x080022f8   0x00000030   Code   RO          386    i.StartC2CTask      freertos.o
    0x08002328   0x0000000c   Code   RO          387    i.StartInitWifiTask  freertos.o
    0x08002334   0x00000020   Code   RO          388    i.StartLEDDebugTask  freertos.o
    0x08002354   0x0000002c   Code   RO         4932    i.SysTick_Handler   port.o
    0x08002380   0x0000007a   Code   RO          300    i.SystemClock_Config  main.o
    0x080023fa   0x00000002   Code   RO         3349    i.SystemInit        system_stm32f1xx.o
    0x080023fc   0x0000000c   Code   RO          579    i.TIM6_IRQHandler   stm32f1xx_it.o
    0x08002408   0x0000008c   Code   RO         2107    i.TIM_Base_SetConfig  stm32f1xx_hal_tim.o
    0x08002494   0x00000010   Code   RO         3028    i.UART_DMAAbortOnError  stm32f1xx_hal_uart.o
    0x080024a4   0x0000004e   Code   RO         3038    i.UART_EndRxTransfer  stm32f1xx_hal_uart.o
    0x080024f2   0x000000c2   Code   RO         3040    i.UART_Receive_IT   stm32f1xx_hal_uart.o
    0x080025b4   0x000000b8   Code   RO         3041    i.UART_SetConfig    stm32f1xx_hal_uart.o
    0x0800266c   0x00000036   Code   RO         3043    i.UART_Start_Receive_IT  stm32f1xx_hal_uart.o
    0x080026a2   0x00000078   Code   RO         3044    i.UART_WaitOnFlagUntilTimeout  stm32f1xx_hal_uart.o
    0x0800271a   0x00000002   PAD
    0x0800271c   0x0000000c   Code   RO          580    i.USART1_IRQHandler  stm32f1xx_it.o
    0x08002728   0x0000000c   Code   RO          581    i.USART2_IRQHandler  stm32f1xx_it.o
    0x08002734   0x00000002   Code   RO          582    i.UsageFault_Handler  stm32f1xx_it.o
    0x08002736   0x00000020   Code   RO         1525    i.__NVIC_SetPriority  stm32f1xx_hal_cortex.o
    0x08002756   0x00000018   Code   RO          182    i.delay_ms          wifi.o
    0x0800276e   0x00000002   PAD
    0x08002770   0x0000005c   Code   RO          301    i.main              main.o
    0x080027cc   0x00000034   Code   RO         4455    i.osDelay           cmsis_os2.o
    0x08002800   0x00000038   Code   RO         4469    i.osKernelInitialize  cmsis_os2.o
    0x08002838   0x00000040   Code   RO         4472    i.osKernelStart     cmsis_os2.o
    0x08002878   0x0000006c   Code   RO         4483    i.osMutexAcquire    cmsis_os2.o
    0x080028e4   0x00000080   Code   RO         4486    i.osMutexNew        cmsis_os2.o
    0x08002964   0x0000005c   Code   RO         4487    i.osMutexRelease    cmsis_os2.o
    0x080029c0   0x000000a4   Code   RO         4506    i.osThreadNew       cmsis_os2.o
    0x08002a64   0x0000005c   Code   RO         3951    i.prvAddCurrentTaskToDelayedList  tasks.o
    0x08002ac0   0x000000d0   Code   RO         3952    i.prvAddNewTaskToReadyList  tasks.o
    0x08002b90   0x00000058   Code   RO         4301    i.prvCheckForValidListAndQueue  timers.o
    0x08002be8   0x00000026   Code   RO         3554    i.prvCopyDataFromQueue  queue.o
    0x08002c0e   0x0000006c   Code   RO         3555    i.prvCopyDataToQueue  queue.o
    0x08002c7a   0x00000034   Code   RO         3953    i.prvDeleteTCB      tasks.o
    0x08002cae   0x00000002   PAD
    0x08002cb0   0x0000004c   Code   RO         4882    i.prvHeapInit       heap_4.o
    0x08002cfc   0x00000060   Code   RO         3954    i.prvIdleTask       tasks.o
    0x08002d5c   0x00000016   Code   RO         3556    i.prvInitialiseMutex  queue.o
    0x08002d72   0x00000002   PAD
    0x08002d74   0x00000022   Code   RO         3557    i.prvInitialiseNewQueue  queue.o
    0x08002d96   0x0000009c   Code   RO         3955    i.prvInitialiseNewTask  tasks.o
    0x08002e32   0x00000002   PAD
    0x08002e34   0x0000004c   Code   RO         4883    i.prvInsertBlockIntoFreeList  heap_4.o
    0x08002e80   0x00000038   Code   RO         4303    i.prvInsertTimerInActiveList  timers.o
    0x08002eb8   0x0000001c   Code   RO         3558    i.prvIsQueueEmpty   queue.o
    0x08002ed4   0x000000cc   Code   RO         4304    i.prvProcessReceivedCommands  timers.o
    0x08002fa0   0x000000b4   Code   RO         4305    i.prvProcessTimerOrBlockTask  timers.o
    0x08003054   0x00000020   Code   RO         3957    i.prvResetNextTaskUnblockTime  tasks.o
    0x08003074   0x00000028   Code   RO         4306    i.prvSampleTimeNow  timers.o
    0x0800309c   0x0000006c   Code   RO         4307    i.prvSwitchTimerLists  timers.o
    0x08003108   0x00000028   Code   RO         4933    i.prvTaskExitError  port.o
    0x08003130   0x00000024   Code   RO         4308    i.prvTimerTask      timers.o
    0x08003154   0x0000006a   Code   RO         3559    i.prvUnlockQueue    queue.o
    0x080031be   0x00000002   PAD
    0x080031c0   0x000000d8   Code   RO         4884    i.pvPortMalloc      heap_4.o
    0x08003298   0x00000018   Code   RO         3960    i.pvTaskIncrementMutexHeldCount  tasks.o
    0x080032b0   0x00000024   Code   RO         4934    i.pxPortInitialiseStack  port.o
    0x080032d4   0x00000026   Code   RO         3514    i.uxListRemove      list.o
    0x080032fa   0x00000002   PAD
    0x080032fc   0x00000014   Code   RO         4518    i.vApplicationGetIdleTaskMemory  cmsis_os2.o
    0x08003310   0x00000018   Code   RO         4519    i.vApplicationGetTimerTaskMemory  cmsis_os2.o
    0x08003328   0x00000002   Code   RO          389    i.vApplicationStackOverflowHook  freertos.o
    0x0800332a   0x00000016   Code   RO         3515    i.vListInitialise   list.o
    0x08003340   0x00000006   Code   RO         3516    i.vListInitialiseItem  list.o
    0x08003346   0x00000030   Code   RO         3517    i.vListInsert       list.o
    0x08003376   0x00000018   Code   RO         3518    i.vListInsertEnd    list.o
    0x0800338e   0x00000002   PAD
    0x08003390   0x00000040   Code   RO         4936    i.vPortEnterCritical  port.o
    0x080033d0   0x00000028   Code   RO         4937    i.vPortExitCritical  port.o
    0x080033f8   0x0000005c   Code   RO         4885    i.vPortFree         heap_4.o
    0x08003454   0x00000024   Code   RO         4938    i.vPortSetupTimerInterrupt  port.o
    0x08003478   0x00000054   Code   RO         4939    i.vPortValidateInterruptPriority  port.o
    0x080034cc   0x00000028   Code   RO         3565    i.vQueueAddToRegistry  queue.o
    0x080034f4   0x00000044   Code   RO         3569    i.vQueueWaitForMessageRestricted  queue.o
    0x08003538   0x0000004c   Code   RO         3969    i.vTaskDelay        tasks.o
    0x08003584   0x00000090   Code   RO         3971    i.vTaskDelete       tasks.o
    0x08003614   0x00000010   Code   RO         3974    i.vTaskInternalSetTimeOutState  tasks.o
    0x08003624   0x0000000c   Code   RO         3975    i.vTaskMissedYield  tasks.o
    0x08003630   0x00000030   Code   RO         3977    i.vTaskPlaceOnEventList  tasks.o
    0x08003660   0x00000038   Code   RO         3978    i.vTaskPlaceOnEventListRestricted  tasks.o
    0x08003698   0x00000090   Code   RO         3980    i.vTaskPriorityDisinheritAfterTimeout  tasks.o
    0x08003728   0x00000088   Code   RO         3986    i.vTaskStartScheduler  tasks.o
    0x080037b0   0x00000010   Code   RO         3988    i.vTaskSuspendAll   tasks.o
    0x080037c0   0x0000008c   Code   RO         3989    i.vTaskSwitchContext  tasks.o
    0x0800384c   0x000001cc   Code   RO          183    i.wifi_AP_init      wifi.o
    0x08003a18   0x000000a8   Code   RO         4940    i.xPortStartScheduler  port.o
    0x08003ac0   0x00000016   Code   RO         3572    i.xQueueCreateMutex  queue.o
    0x08003ad6   0x0000001a   Code   RO         3573    i.xQueueCreateMutexStatic  queue.o
    0x08003af0   0x00000048   Code   RO         3574    i.xQueueGenericCreate  queue.o
    0x08003b38   0x00000066   Code   RO         3575    i.xQueueGenericCreateStatic  queue.o
    0x08003b9e   0x00000002   PAD
    0x08003ba0   0x00000088   Code   RO         3576    i.xQueueGenericReset  queue.o
    0x08003c28   0x00000160   Code   RO         3577    i.xQueueGenericSend  queue.o
    0x08003d88   0x000000bc   Code   RO         3578    i.xQueueGenericSendFromISR  queue.o
    0x08003e44   0x0000003e   Code   RO         3582    i.xQueueGiveMutexRecursive  queue.o
    0x08003e82   0x00000002   PAD
    0x08003e84   0x00000138   Code   RO         3587    i.xQueueReceive     queue.o
    0x08003fbc   0x00000178   Code   RO         3589    i.xQueueSemaphoreTake  queue.o
    0x08004134   0x00000040   Code   RO         3590    i.xQueueTakeMutexRecursive  queue.o
    0x08004174   0x00000074   Code   RO         3990    i.xTaskCheckForTimeOut  tasks.o
    0x080041e8   0x0000005a   Code   RO         3991    i.xTaskCreate       tasks.o
    0x08004242   0x00000056   Code   RO         3992    i.xTaskCreateStatic  tasks.o
    0x08004298   0x0000000c   Code   RO         3995    i.xTaskGetCurrentTaskHandle  tasks.o
    0x080042a4   0x0000001c   Code   RO         3996    i.xTaskGetSchedulerState  tasks.o
    0x080042c0   0x0000000c   Code   RO         3997    i.xTaskGetTickCount  tasks.o
    0x080042cc   0x000000c8   Code   RO         3999    i.xTaskIncrementTick  tasks.o
    0x08004394   0x00000080   Code   RO         4002    i.xTaskPriorityDisinherit  tasks.o
    0x08004414   0x00000078   Code   RO         4003    i.xTaskPriorityInherit  tasks.o
    0x0800448c   0x00000070   Code   RO         4004    i.xTaskRemoveFromEventList  tasks.o
    0x080044fc   0x000000c4   Code   RO         4005    i.xTaskResumeAll    tasks.o
    0x080045c0   0x00000060   Code   RO         4315    i.xTimerCreateTimerTask  timers.o
    0x08004620   0x00000068   Code   RO         4316    i.xTimerGenericCommand  timers.o
    0x08004688   0x0000007c   Data   RO          394    .constdata          freertos.o
    0x08004704   0x00000012   Data   RO         1223    .constdata          stm32f1xx_hal_rcc.o
    0x08004716   0x00000010   Data   RO         3350    .constdata          system_stm32f1xx.o
    0x08004726   0x00000008   Data   RO         3351    .constdata          system_stm32f1xx.o
    0x0800472e   0x00000002   PAD
    0x08004730   0x00000031   Data   RO          396    .conststring        freertos.o
    0x08004761   0x00000003   PAD
    0x08004764   0x00000020   Data   RO         5355    Region$$Table       anon$$obj.o


    Execution Region RW_IRAM1 (Base: 0x20000000, Size: 0x00002198, Max: 0x0000c000, ABSOLUTE)

    Base Addr    Size         Type   Attr      Idx    E Section Name        Object

    0x20000000   0x00000008   Data   RW          303    .data               main.o
    0x20000008   0x00000020   Data   RW          397    .data               freertos.o
    0x20000028   0x0000000c   Data   RW         1060    .data               stm32f1xx_hal.o
    0x20000034   0x00000004   Data   RW         3352    .data               system_stm32f1xx.o
    0x20000038   0x0000003c   Data   RW         4008    .data               tasks.o
    0x20000074   0x00000014   Data   RW         4324    .data               timers.o
    0x20000088   0x00000004   Data   RW         4522    .data               cmsis_os2.o
    0x2000008c   0x00000018   Data   RW         4890    .data               heap_4.o
    0x200000a4   0x0000000c   Data   RW         4941    .data               port.o
    0x200000b0   0x00000064   Zero   RW          302    .bss                main.o
    0x20000114   0x00000074   Zero   RW          461    .bss                adc.o
    0x20000188   0x00000090   Zero   RW          528    .bss                usart.o
    0x20000218   0x00000048   Zero   RW          687    .bss                stm32f1xx_hal_timebase_tim.o
    0x20000260   0x00000040   Zero   RW         3591    .bss                queue.o
    0x200002a0   0x000004c4   Zero   RW         4007    .bss                tasks.o
    0x20000764   0x00000118   Zero   RW         4323    .bss                timers.o
    0x2000087c   0x000006b8   Zero   RW         4521    .bss                cmsis_os2.o
    0x20000f34   0x00000c00   Zero   RW         4889    .bss                heap_4.o
    0x20001b34   0x00000060   Zero   RW         5215    .bss                c_w.l(libspace.o)
    0x20001b94   0x00000004   PAD
    0x20001b98   0x00000200   Zero   RW            2    HEAP                startup_stm32f103xe.o
    0x20001d98   0x00000400   Zero   RW            1    STACK               startup_stm32f103xe.o


==============================================================================

Image component sizes


      Code (inc. data)   RO Data    RW Data    ZI Data      Debug   Object Name

       224         30          0          0        116       1643   adc.o
       708         46          0          4       1720      19997   cmsis_os2.o
        44          4          0          0          0        706   dma.o
         0          0          0          0          0      20036   event_groups.o
       170         36        173         32          0       4694   freertos.o
       240         18          0          0          0        943   gpio.o
       460         24          0         24       3072       4523   heap_4.o
       138          0          0          0          0       3246   list.o
       238         22          0          8        100       6358   main.o
       662         70          0         12          0      10505   port.o
      2156         24          0          0         64      22756   queue.o
       112          4          0          0          0     520075   spi.o
        64         26        304          0       1536        784   startup_stm32f103xe.o
        64         14          0         12          0       5094   stm32f1xx_hal.o
      1142         60          0          0          0       8270   stm32f1xx_hal_adc.o
       158         14          0          0          0      28062   stm32f1xx_hal_cortex.o
      1236         52          0          0          0       4938   stm32f1xx_hal_dma.o
       530         42          0          0          0       3409   stm32f1xx_hal_gpio.o
        72         10          0          0          0        818   stm32f1xx_hal_msp.o
      1304         94         18          0          0       5557   stm32f1xx_hal_rcc.o
       236         12          0          0          0       1332   stm32f1xx_hal_rcc_ex.o
       706         40          0          0          0       6836   stm32f1xx_hal_tim.o
         4          0          0          0          0       1501   stm32f1xx_hal_tim_ex.o
       152         20          0          0         72       1399   stm32f1xx_hal_timebase_tim.o
      1554         10          0          0          0      10524   stm32f1xx_hal_uart.o
       176         46          0          0          0       5093   stm32f1xx_it.o
         0          0          0          0          0       8860   stream_buffer.o
         2          0         24          4          0       1035   system_stm32f1xx.o
      2548        212          0         60       1220      26419   tasks.o
       912         82          0         20        280      25587   timers.o
       328         34          0          0        144       2239   usart.o
       484        190          0          0          0       1436   wifi.o

    ----------------------------------------------------------------------
     16860       1236        556        176       8324     764675   Object Totals
         0          0         32          0          0          0   (incl. Generated)
        36          0          5          0          0          0   (incl. Padding)

    ----------------------------------------------------------------------

      Code (inc. data)   RO Data    RW Data    ZI Data      Debug   Library Member Name

        44          6          0          0          0         84   __2sprintf.o
         8          0          0          0          0         68   __main.o
       104          0          0          0          0         84   __printf.o
         0          0          0          0          0          0   __rtentry.o
        12          0          0          0          0          0   __rtentry2.o
         6          0          0          0          0          0   __rtentry4.o
        52          8          0          0          0          0   __scatter.o
        26          0          0          0          0          0   __scatter_copy.o
        28          0          0          0          0          0   __scatter_zi.o
        48          6          0          0          0         96   _printf_char_common.o
         0          0          0          0          0          0   _printf_percent.o
         4          0          0          0          0          0   _printf_percent_end.o
        10          0          0          0          0         68   _sputc.o
        16          0          0          0          0         68   aeabi_memset.o
        18          0          0          0          0         80   exit.o
         6          0          0          0          0        152   heapauxi.o
         0          0          0          0          0          0   indicate_semi.o
         2          0          0          0          0          0   libinit.o
         2          0          0          0          0          0   libinit2.o
         2          0          0          0          0          0   libshutdown.o
         2          0          0          0          0          0   libshutdown2.o
         8          4          0          0         96         68   libspace.o
        68          0          0          0          0         68   rt_memclr.o
        78          0          0          0          0         80   rt_memclr_w.o
       138          0          0          0          0         68   rt_memcpy_v6.o
       100          0          0          0          0         80   rt_memcpy_w.o
         2          0          0          0          0          0   rtexit.o
        10          0          0          0          0          0   rtexit2.o
        12          4          0          0          0         68   sys_exit.o
        74          0          0          0          0         80   sys_stackheap_outer.o
         2          0          0          0          0         68   use_no_semi.o

    ----------------------------------------------------------------------
       892         28          0          0        100       1280   Library Totals
        10          0          0          0          4          0   (incl. Padding)

    ----------------------------------------------------------------------

      Code (inc. data)   RO Data    RW Data    ZI Data      Debug   Library Name

       882         28          0          0         96       1280   c_w.l

    ----------------------------------------------------------------------
       892         28          0          0        100       1280   Library Totals

    ----------------------------------------------------------------------

==============================================================================


      Code (inc. data)   RO Data    RW Data    ZI Data      Debug   

     17752       1264        556        176       8424     756539   Grand Totals
     17752       1264        556        176       8424     756539   ELF Image Totals
     17752       1264        556        176          0          0   ROM Totals

==============================================================================

    Total RO  Size (Code + RO Data)                18308 (  17.88kB)
    Total RW  Size (RW Data + ZI Data)              8600 (   8.40kB)
    Total ROM Size (Code + RO Data + RW Data)      18484 (  18.05kB)

==============================================================================

