Component: ARM Compiler 5.06 update 2 (build 183) Tool: armlink [4d35b7]

==============================================================================

Section Cross References

    startup_stm32f103xe.o(STACK) refers (Special) to heapauxi.o(.text) for __use_two_region_memory
    startup_stm32f103xe.o(HEAP) refers (Special) to heapauxi.o(.text) for __use_two_region_memory
    startup_stm32f103xe.o(RESET) refers (Special) to heapauxi.o(.text) for __use_two_region_memory
    startup_stm32f103xe.o(RESET) refers to startup_stm32f103xe.o(STACK) for __initial_sp
    startup_stm32f103xe.o(RESET) refers to startup_stm32f103xe.o(.text) for Reset_Handler
    startup_stm32f103xe.o(RESET) refers to stm32f1xx_it.o(i.NMI_Handler) for NMI_Handler
    startup_stm32f103xe.o(RESET) refers to stm32f1xx_it.o(i.HardFault_Handler) for HardFault_Handler
    startup_stm32f103xe.o(RESET) refers to stm32f1xx_it.o(i.MemManage_Handler) for MemManage_Handler
    startup_stm32f103xe.o(RESET) refers to stm32f1xx_it.o(i.BusFault_Handler) for BusFault_Handler
    startup_stm32f103xe.o(RESET) refers to stm32f1xx_it.o(i.UsageFault_Handler) for UsageFault_Handler
    startup_stm32f103xe.o(RESET) refers to port.o(.emb_text) for SVC_Handler
    startup_stm32f103xe.o(RESET) refers to stm32f1xx_it.o(i.DebugMon_Handler) for DebugMon_Handler
    startup_stm32f103xe.o(RESET) refers to port.o(i.SysTick_Handler) for SysTick_Handler
    startup_stm32f103xe.o(RESET) refers to stm32f1xx_it.o(i.EXTI9_5_IRQHandler) for EXTI9_5_IRQHandler
    startup_stm32f103xe.o(RESET) refers to stm32f1xx_it.o(i.EXTI15_10_IRQHandler) for EXTI15_10_IRQHandler
    startup_stm32f103xe.o(RESET) refers to stm32f1xx_it.o(i.TIM6_IRQHandler) for TIM6_IRQHandler
    startup_stm32f103xe.o(.text) refers (Special) to heapauxi.o(.text) for __use_two_region_memory
    startup_stm32f103xe.o(.text) refers to system_stm32f1xx.o(i.SystemInit) for SystemInit
    startup_stm32f103xe.o(.text) refers to __main.o(!!!main) for __main
    startup_stm32f103xe.o(.text) refers to startup_stm32f103xe.o(HEAP) for Heap_Mem
    startup_stm32f103xe.o(.text) refers to startup_stm32f103xe.o(STACK) for Stack_Mem
    lcd.o(i.Draw_Circle) refers to lcd.o(i.LCD_DrawPoint) for LCD_DrawPoint
    lcd.o(i.LCD_DrawLine) refers to lcd.o(i.LCD_DrawPoint) for LCD_DrawPoint
    lcd.o(i.LCD_DrawPoint) refers to lcd_init.o(i.LCD_Address_Set) for LCD_Address_Set
    lcd.o(i.LCD_DrawPoint) refers to lcd_init.o(i.LCD_WR_DATA) for LCD_WR_DATA
    lcd.o(i.LCD_DrawRectangle) refers to lcd.o(i.LCD_DrawLine) for LCD_DrawLine
    lcd.o(i.LCD_Fill) refers to lcd_init.o(i.LCD_Address_Set) for LCD_Address_Set
    lcd.o(i.LCD_Fill) refers to lcd_init.o(i.LCD_WR_DATA) for LCD_WR_DATA
    lcd.o(i.LCD_ShowChar) refers to lcd_init.o(i.LCD_Address_Set) for LCD_Address_Set
    lcd.o(i.LCD_ShowChar) refers to lcd.o(i.LCD_DrawPoint) for LCD_DrawPoint
    lcd.o(i.LCD_ShowChar) refers to lcd_init.o(i.LCD_WR_DATA) for LCD_WR_DATA
    lcd.o(i.LCD_ShowChar) refers to lcd.o(.constdata) for .constdata
    lcd.o(i.LCD_ShowChinese) refers to lcd.o(i.LCD_ShowChinese32x32) for LCD_ShowChinese32x32
    lcd.o(i.LCD_ShowChinese) refers to lcd.o(i.LCD_ShowChinese16x16) for LCD_ShowChinese16x16
    lcd.o(i.LCD_ShowChinese) refers to lcd.o(i.LCD_ShowChinese24x24) for LCD_ShowChinese24x24
    lcd.o(i.LCD_ShowChinese16x16) refers to lcd_init.o(i.LCD_Address_Set) for LCD_Address_Set
    lcd.o(i.LCD_ShowChinese16x16) refers to lcd.o(i.LCD_DrawPoint) for LCD_DrawPoint
    lcd.o(i.LCD_ShowChinese16x16) refers to lcd_init.o(i.LCD_WR_DATA) for LCD_WR_DATA
    lcd.o(i.LCD_ShowChinese16x16) refers to lcd.o(.constdata) for .constdata
    lcd.o(i.LCD_ShowChinese24x24) refers to lcd_init.o(i.LCD_Address_Set) for LCD_Address_Set
    lcd.o(i.LCD_ShowChinese24x24) refers to lcd.o(i.LCD_DrawPoint) for LCD_DrawPoint
    lcd.o(i.LCD_ShowChinese24x24) refers to lcd_init.o(i.LCD_WR_DATA) for LCD_WR_DATA
    lcd.o(i.LCD_ShowChinese24x24) refers to lcd.o(.constdata) for .constdata
    lcd.o(i.LCD_ShowChinese32x32) refers to lcd_init.o(i.LCD_Address_Set) for LCD_Address_Set
    lcd.o(i.LCD_ShowChinese32x32) refers to lcd.o(i.LCD_DrawPoint) for LCD_DrawPoint
    lcd.o(i.LCD_ShowChinese32x32) refers to lcd_init.o(i.LCD_WR_DATA) for LCD_WR_DATA
    lcd.o(i.LCD_ShowChinese32x32) refers to lcd.o(.constdata) for .constdata
    lcd.o(i.LCD_ShowFloatNum1) refers to fmul.o(x$fpl$fmul) for __aeabi_fmul
    lcd.o(i.LCD_ShowFloatNum1) refers to ffixu.o(x$fpl$ffixu) for __aeabi_f2uiz
    lcd.o(i.LCD_ShowFloatNum1) refers to lcd.o(i.mypow) for mypow
    lcd.o(i.LCD_ShowFloatNum1) refers to lcd.o(i.LCD_ShowChar) for LCD_ShowChar
    lcd.o(i.LCD_ShowIntNum) refers to lcd.o(i.mypow) for mypow
    lcd.o(i.LCD_ShowIntNum) refers to lcd.o(i.LCD_ShowChar) for LCD_ShowChar
    lcd.o(i.LCD_ShowPicture) refers to lcd_init.o(i.LCD_Address_Set) for LCD_Address_Set
    lcd.o(i.LCD_ShowPicture) refers to lcd_init.o(i.LCD_WR_DATA8) for LCD_WR_DATA8
[...]
    .ARM.Collect$$rtentry$$0000000A          0x080001b2   Section        4  __rtentry2.o(.ARM.Collect$$rtentry$$0000000A)
    .ARM.Collect$$rtentry$$0000000C          0x080001b6   Section        0  __rtentry2.o(.ARM.Collect$$rtentry$$0000000C)
    .ARM.Collect$$rtentry$$0000000D          0x080001b6   Section        8  __rtentry2.o(.ARM.Collect$$rtentry$$0000000D)
    .ARM.Collect$$rtexit$$00000000           0x080001be   Section        2  rtexit.o(.ARM.Collect$$rtexit$$00000000)
    .ARM.Collect$$rtexit$$00000002           0x080001c0   Section        0  rtexit2.o(.ARM.Collect$$rtexit$$00000002)
    .ARM.Collect$$rtexit$$00000003           0x080001c0   Section        4  rtexit2.o(.ARM.Collect$$rtexit$$00000003)
    .ARM.Collect$$rtexit$$00000004           0x080001c4   Section        6  rtexit2.o(.ARM.Collect$$rtexit$$00000004)
    .emb_text                                0x080001cc   Section      150  port.o(.emb_text)
    .text                                    0x08000264   Section       64  startup_stm32f103xe.o(.text)
    .text                                    0x080002a4   Section      138  rt_memcpy_v6.o(.text)
    .text                                    0x0800032e   Section       16  aeabi_memset.o(.text)
    .text                                    0x0800033e   Section       78  rt_memclr_w.o(.text)
    .text                                    0x0800038c   Section        0  heapauxi.o(.text)
    .text                                    0x08000392   Section      100  rt_memcpy_w.o(.text)
    .text                                    0x080003f6   Section       68  rt_memclr.o(.text)
    .text                                    0x0800043a   Section       74  sys_stackheap_outer.o(.text)
    .text                                    0x08000484   Section        0  exit.o(.text)
    .text                                    0x08000498   Section        8  libspace.o(.text)
    .text                                    0x080004a0   Section        0  sys_exit.o(.text)
    .text                                    0x080004ac   Section        2  use_no_semi.o(.text)
    .text                                    0x080004ae   Section        0  indicate_semi.o(.text)
    i.BusFault_Handler                       0x080004ae   Section        0  stm32f1xx_it.o(i.BusFault_Handler)
    i.DebugMon_Handler                       0x080004b0   Section        0  stm32f1xx_it.o(i.DebugMon_Handler)
    i.Decode                                 0x080004b2   Section        0  freertos.o(i.Decode)
    i.Delay                                  0x080004c0   Section        0  lcd_init.o(i.Delay)
    Delay                                    0x080004c1   Thumb Code    10  lcd_init.o(i.Delay)
    i.Draw_Circle                            0x080004cc   Section        0  lcd.o(i.Draw_Circle)
    i.EXTI15_10_IRQHandler                   0x08000588   Section        0  stm32f1xx_it.o(i.EXTI15_10_IRQHandler)
    i.EXTI9_5_IRQHandler                     0x080005a6   Section        0  stm32f1xx_it.o(i.EXTI9_5_IRQHandler)
    i.HAL_GPIO_EXTI_Callback                 0x080005bc   Section        0  stm32f1xx_it.o(i.HAL_GPIO_EXTI_Callback)
    i.HAL_GPIO_EXTI_IRQHandler               0x0800064c   Section        0  stm32f1xx_hal_gpio.o(i.HAL_GPIO_EXTI_IRQHandler)
    i.HAL_GPIO_Init                          0x08000664   Section        0  stm32f1xx_hal_gpio.o(i.HAL_GPIO_Init)
    i.HAL_GPIO_ReadPin                       0x0800085c   Section        0  stm32f1xx_hal_gpio.o(i.HAL_GPIO_ReadPin)
    i.HAL_GPIO_WritePin                      0x08000866   Section        0  stm32f1xx_hal_gpio.o(i.HAL_GPIO_WritePin)
    i.HAL_GetTick                            0x08000870   Section        0  stm32f1xx_hal.o(i.HAL_GetTick)
    i.HAL_IncTick                            0x0800087c   Section        0  stm32f1xx_hal.o(i.HAL_IncTick)
    i.HAL_Init                               0x0800088c   Section        0  stm32f1xx_hal.o(i.HAL_Init)
    i.HAL_InitTick                           0x080008b0   Section        0  stm32f1xx_hal_timebase_tim.o(i.HAL_InitTick)
    i.HAL_MspInit                            0x08000948   Section        0  stm32f1xx_hal_msp.o(i.HAL_MspInit)
    i.HAL_NVIC_EnableIRQ                     0x08000990   Section        0  stm32f1xx_hal_cortex.o(i.HAL_NVIC_EnableIRQ)
    i.HAL_NVIC_SetPriority                   0x080009ac   Section        0  stm32f1xx_hal_cortex.o(i.HAL_NVIC_SetPriority)
    i.HAL_NVIC_SetPriorityGrouping           0x080009ec   Section        0  stm32f1xx_hal_cortex.o(i.HAL_NVIC_SetPriorityGrouping)
    i.HAL_RCC_ClockConfig                    0x08000a10   Section        0  stm32f1xx_hal_rcc.o(i.HAL_RCC_ClockConfig)
    i.HAL_RCC_GetClockConfig                 0x08000b3c   Section        0  stm32f1xx_hal_rcc.o(i.HAL_RCC_GetClockConfig)
    i.HAL_RCC_GetPCLK1Freq                   0x08000b7c   Section        0  stm32f1xx_hal_rcc.o(i.HAL_RCC_GetPCLK1Freq)
    i.HAL_RCC_GetSysClockFreq                0x08000b9c   Section        0  stm32f1xx_hal_rcc.o(i.HAL_RCC_GetSysClockFreq)
    i.HAL_RCC_OscConfig                      0x08000be8   Section        0  stm32f1xx_hal_rcc.o(i.HAL_RCC_OscConfig)
    i.HAL_TIMEx_BreakCallback                0x08000f08   Section        0  stm32f1xx_hal_tim_ex.o(i.HAL_TIMEx_BreakCallback)
    i.HAL_TIMEx_CommutCallback               0x08000f0a   Section        0  stm32f1xx_hal_tim_ex.o(i.HAL_TIMEx_CommutCallback)
    i.HAL_TIM_Base_Init                      0x08000f0c   Section        0  stm32f1xx_hal_tim.o(i.HAL_TIM_Base_Init)
    i.HAL_TIM_Base_MspInit                   0x08000f66   Section        0  stm32f1xx_hal_tim.o(i.HAL_TIM_Base_MspInit)
    i.HAL_TIM_Base_Start_IT                  0x08000f68   Section        0  stm32f1xx_hal_tim.o(i.HAL_TIM_Base_Start_IT)
    i.HAL_TIM_IC_CaptureCallback             0x08000fd4   Section        0  stm32f1xx_hal_tim.o(i.HAL_TIM_IC_CaptureCallback)
    i.HAL_TIM_IRQHandler                     0x08000fd6   Section        0  stm32f1xx_hal_tim.o(i.HAL_TIM_IRQHandler)
    i.HAL_TIM_OC_DelayElapsedCallback        0x0800113c   Section        0  stm32f1xx_hal_tim.o(i.HAL_TIM_OC_DelayElapsedCallback)
    i.HAL_TIM_PWM_PulseFinishedCallback      0x0800113e   Section        0  stm32f1xx_hal_tim.o(i.HAL_TIM_PWM_PulseFinishedCallback)
    i.HAL_TIM_PeriodElapsedCallback          0x08001140   Section        0  main.o(i.HAL_TIM_PeriodElapsedCallback)
    i.HAL_TIM_TriggerCallback                0x08001154   Section        0  stm32f1xx_hal_tim.o(i.HAL_TIM_TriggerCallback)
    i.HardFault_Handler                      0x08001156   Section        0  stm32f1xx_it.o(i.HardFault_Handler)
    i.LCD_Address_Set                        0x08001158   Section        0  lcd_init.o(i.LCD_Address_Set)
    i.LCD_DrawLine                           0x08001192   Section        0  lcd.o(i.LCD_DrawLine)
    i.LCD_DrawPoint                          0x0800122e   Section        0  lcd.o(i.LCD_DrawPoint)
    i.LCD_Fill                               0x08001244   Section        0  lcd.o(i.LCD_Fill)
    i.LCD_Init                               0x08001284   Section        0  lcd_init.o(i.LCD_Init)
    i.LCD_ShowChar                           0x08001478   Section        0  lcd.o(i.LCD_ShowChar)
    i.LCD_ShowIntNum                         0x08001538   Section        0  lcd.o(i.LCD_ShowIntNum)
    i.LCD_ShowPicture                        0x080015b6   Section        0  lcd.o(i.LCD_ShowPicture)
    i.LCD_ShowString                         0x08001608   Section        0  lcd.o(i.LCD_ShowString)
    i.LCD_WR_DATA                            0x08001642   Section        0  lcd_init.o(i.LCD_WR_DATA)
    i.LCD_WR_DATA8                           0x08001656   Section        0  lcd_init.o(i.LCD_WR_DATA8)
    i.LCD_WR_REG                             0x0800165c   Section        0  lcd_init.o(i.LCD_WR_REG)
    i.LCD_Writ_Bus                           0x08001684   Section        0  lcd_init.o(i.LCD_Writ_Bus)
    i.MX_FREERTOS_Init                       0x080016e4   Section        0  freertos.o(i.MX_FREERTOS_Init)
    i.MX_GPIO_Init                           0x0800170c   Section        0  gpio.o(i.MX_GPIO_Init)
    i.MemManage_Handler                      0x080017ec   Section        0  stm32f1xx_it.o(i.MemManage_Handler)
    i.NMI_Handler                            0x080017ee   Section        0  stm32f1xx_it.o(i.NMI_Handler)
    i.StartECGTask                           0x080017f0   Section        0  freertos.o(i.StartECGTask)
    i.StartInterfaceTask                     0x08001a00   Section        0  freertos.o(i.StartInterfaceTask)
    i.StartMenuTask                          0x08001ad8   Section        0  freertos.o(i.StartMenuTask)
    i.StartSettingTask                       0x08001cb4   Section        0  freertos.o(i.StartSettingTask)
    i.StartWifiTask                          0x08001e14   Section        0  freertos.o(i.StartWifiTask)
    i.SysTick_Handler                        0x08001f30   Section        0  port.o(i.SysTick_Handler)
    i.SystemClock_Config                     0x08001f5c   Section        0  main.o(i.SystemClock_Config)
    i.SystemInit                             0x08001fba   Section        0  system_stm32f1xx.o(i.SystemInit)
    i.TIM6_IRQHandler                        0x08001fbc   Section        0  stm32f1xx_it.o(i.TIM6_IRQHandler)
    i.TIM_Base_SetConfig                     0x08001fc8   Section        0  stm32f1xx_hal_tim.o(i.TIM_Base_SetConfig)
    i.UsageFault_Handler                     0x08002054   Section        0  stm32f1xx_it.o(i.UsageFault_Handler)
    i.__NVIC_SetPriority                     0x08002056   Section        0  stm32f1xx_hal_cortex.o(i.__NVIC_SetPriority)
    __NVIC_SetPriority                       0x08002057   Thumb Code    32  stm32f1xx_hal_cortex.o(i.__NVIC_SetPriority)
    i.main                                   0x08002076   Section        0  main.o(i.main)
    i.mypow                                  0x080020a4   Section        0  lcd.o(i.mypow)
    i.osDelay                                0x080020b4   Section        0  cmsis_os2.o(i.osDelay)
    i.osKernelInitialize                     0x080020e8   Section        0  cmsis_os2.o(i.osKernelInitialize)
    i.osKernelStart                          0x08002120   Section        0  cmsis_os2.o(i.osKernelStart)
    i.osMutexNew                             0x08002160   Section        0  cmsis_os2.o(i.osMutexNew)
    i.osThreadNew                            0x080021e0   Section        0  cmsis_os2.o(i.osThreadNew)
    i.prvAddCurrentTaskToDelayedList         0x08002284   Section        0  tasks.o(i.prvAddCurrentTaskToDelayedList)
    prvAddCurrentTaskToDelayedList           0x08002285   Thumb Code    84  tasks.o(i.prvAddCurrentTaskToDelayedList)
    i.prvAddNewTaskToReadyList               0x080022e0   Section        0  tasks.o(i.prvAddNewTaskToReadyList)
    prvAddNewTaskToReadyList                 0x080022e1   Thumb Code   190  tasks.o(i.prvAddNewTaskToReadyList)
    i.prvCheckForValidListAndQueue           0x080023b0   Section        0  timers.o(i.prvCheckForValidListAndQueue)
    prvCheckForValidListAndQueue             0x080023b1   Thumb Code    72  timers.o(i.prvCheckForValidListAndQueue)
    i.prvCopyDataFromQueue                   0x08002408   Section        0  queue.o(i.prvCopyDataFromQueue)
    prvCopyDataFromQueue                     0x08002409   Thumb Code    38  queue.o(i.prvCopyDataFromQueue)
    i.prvCopyDataToQueue                     0x0800242e   Section        0  queue.o(i.prvCopyDataToQueue)
    prvCopyDataToQueue                       0x0800242f   Thumb Code   108  queue.o(i.prvCopyDataToQueue)
    i.prvDeleteTCB                           0x0800249a   Section        0  tasks.o(i.prvDeleteTCB)
    prvDeleteTCB                             0x0800249b   Thumb Code    52  tasks.o(i.prvDeleteTCB)
    i.prvHeapInit                            0x080024d0   Section        0  heap_4.o(i.prvHeapInit)
    prvHeapInit                              0x080024d1   Thumb Code    66  heap_4.o(i.prvHeapInit)
    i.prvIdleTask                            0x0800251c   Section        0  tasks.o(i.prvIdleTask)
    prvIdleTask                              0x0800251d   Thumb Code    82  tasks.o(i.prvIdleTask)
    i.prvInitialiseMutex                     0x0800257c   Section        0  queue.o(i.prvInitialiseMutex)
    prvInitialiseMutex                       0x0800257d   Thumb Code    22  queue.o(i.prvInitialiseMutex)
    i.prvInitialiseNewQueue                  0x08002594   Section        0  queue.o(i.prvInitialiseNewQueue)
    prvInitialiseNewQueue                    0x08002595   Thumb Code    34  queue.o(i.prvInitialiseNewQueue)
    i.prvInitialiseNewTask                   0x080025b6   Section        0  tasks.o(i.prvInitialiseNewTask)
    prvInitialiseNewTask                     0x080025b7   Thumb Code   156  tasks.o(i.prvInitialiseNewTask)
    i.prvInsertBlockIntoFreeList             0x08002654   Section        0  heap_4.o(i.prvInsertBlockIntoFreeList)
    prvInsertBlockIntoFreeList               0x08002655   Thumb Code    72  heap_4.o(i.prvInsertBlockIntoFreeList)
    i.prvInsertTimerInActiveList             0x080026a0   Section        0  timers.o(i.prvInsertTimerInActiveList)
    prvInsertTimerInActiveList               0x080026a1   Thumb Code    52  timers.o(i.prvInsertTimerInActiveList)
    i.prvIsQueueEmpty                        0x080026d8   Section        0  queue.o(i.prvIsQueueEmpty)
    prvIsQueueEmpty                          0x080026d9   Thumb Code    28  queue.o(i.prvIsQueueEmpty)
    i.prvProcessReceivedCommands             0x080026f4   Section        0  timers.o(i.prvProcessReceivedCommands)
    prvProcessReceivedCommands               0x080026f5   Thumb Code   198  timers.o(i.prvProcessReceivedCommands)
    i.prvProcessTimerOrBlockTask             0x080027c0   Section        0  timers.o(i.prvProcessTimerOrBlockTask)
    prvProcessTimerOrBlockTask               0x080027c1   Thumb Code   172  timers.o(i.prvProcessTimerOrBlockTask)
    i.prvResetNextTaskUnblockTime            0x08002874   Section        0  tasks.o(i.prvResetNextTaskUnblockTime)
    prvResetNextTaskUnblockTime              0x08002875   Thumb Code    26  tasks.o(i.prvResetNextTaskUnblockTime)
    i.prvSampleTimeNow                       0x08002894   Section        0  timers.o(i.prvSampleTimeNow)
    prvSampleTimeNow                         0x08002895   Thumb Code    36  timers.o(i.prvSampleTimeNow)
    i.prvSwitchTimerLists                    0x080028bc   Section        0  timers.o(i.prvSwitchTimerLists)
    prvSwitchTimerLists                      0x080028bd   Thumb Code   102  timers.o(i.prvSwitchTimerLists)
    i.prvTaskExitError                       0x08002928   Section        0  port.o(i.prvTaskExitError)
    prvTaskExitError                         0x08002929   Thumb Code    36  port.o(i.prvTaskExitError)
    i.prvTimerTask                           0x08002950   Section        0  timers.o(i.prvTimerTask)
    prvTimerTask                             0x08002951   Thumb Code    32  timers.o(i.prvTimerTask)
    i.prvUnlockQueue                         0x08002974   Section        0  queue.o(i.prvUnlockQueue)
    prvUnlockQueue                           0x08002975   Thumb Code   106  queue.o(i.prvUnlockQueue)
    i.pvPortMalloc                           0x080029e0   Section        0  heap_4.o(i.pvPortMalloc)
    i.pxPortInitialiseStack                  0x08002ab8   Section        0  port.o(i.pxPortInitialiseStack)
    i.uxListRemove                           0x08002adc   Section        0  list.o(i.uxListRemove)
    i.vApplicationGetIdleTaskMemory          0x08002b04   Section        0  cmsis_os2.o(i.vApplicationGetIdleTaskMemory)
    i.vApplicationGetTimerTaskMemory         0x08002b18   Section        0  cmsis_os2.o(i.vApplicationGetTimerTaskMemory)
    i.vListInitialise                        0x08002b30   Section        0  list.o(i.vListInitialise)
    i.vListInitialiseItem                    0x08002b46   Section        0  list.o(i.vListInitialiseItem)
    i.vListInsert                            0x08002b4c   Section        0  list.o(i.vListInsert)
    i.vListInsertEnd                         0x08002b7c   Section        0  list.o(i.vListInsertEnd)
    i.vPortEnterCritical                     0x08002b94   Section        0  port.o(i.vPortEnterCritical)
    i.vPortExitCritical                      0x08002bd4   Section        0  port.o(i.vPortExitCritical)
    i.vPortFree                              0x08002bfc   Section        0  heap_4.o(i.vPortFree)
    i.vPortSetupTimerInterrupt               0x08002c58   Section        0  port.o(i.vPortSetupTimerInterrupt)
    i.vPortValidateInterruptPriority         0x08002c7c   Section        0  port.o(i.vPortValidateInterruptPriority)
    i.vQueueAddToRegistry                    0x08002cd0   Section        0  queue.o(i.vQueueAddToRegistry)
    i.vQueueWaitForMessageRestricted         0x08002cf8   Section        0  queue.o(i.vQueueWaitForMessageRestricted)
    i.vTaskDelay                             0x08002d3c   Section        0  tasks.o(i.vTaskDelay)
    i.vTaskDelete                            0x08002d88   Section        0  tasks.o(i.vTaskDelete)
    i.vTaskInternalSetTimeOutState           0x08002e18   Section        0  tasks.o(i.vTaskInternalSetTimeOutState)
    i.vTaskMissedYield                       0x08002e28   Section        0  tasks.o(i.vTaskMissedYield)
    i.vTaskPlaceOnEventList                  0x08002e34   Section        0  tasks.o(i.vTaskPlaceOnEventList)
    i.vTaskPlaceOnEventListRestricted        0x08002e64   Section        0  tasks.o(i.vTaskPlaceOnEventListRestricted)
    i.vTaskStartScheduler                    0x08002e9c   Section        0  tasks.o(i.vTaskStartScheduler)
    i.vTaskSuspendAll                        0x08002f24   Section        0  tasks.o(i.vTaskSuspendAll)
    i.vTaskSwitchContext                     0x08002f34   Section        0  tasks.o(i.vTaskSwitchContext)
    i.xPortStartScheduler                    0x08002f98   Section        0  port.o(i.xPortStartScheduler)
    i.xQueueCreateMutex                      0x08003040   Section        0  queue.o(i.xQueueCreateMutex)
    i.xQueueCreateMutexStatic                0x08003056   Section        0  queue.o(i.xQueueCreateMutexStatic)
    i.xQueueGenericCreate                    0x08003070   Section        0  queue.o(i.xQueueGenericCreate)
    i.xQueueGenericCreateStatic              0x080030b8   Section        0  queue.o(i.xQueueGenericCreateStatic)
    i.xQueueGenericReset                     0x08003120   Section        0  queue.o(i.xQueueGenericReset)
    i.xQueueGenericSend                      0x080031a8   Section        0  queue.o(i.xQueueGenericSend)
    i.xQueueGenericSendFromISR               0x08003308   Section        0  queue.o(i.xQueueGenericSendFromISR)
    i.xQueueReceive                          0x080033c4   Section        0  queue.o(i.xQueueReceive)
    i.xTaskCheckForTimeOut                   0x080034fc   Section        0  tasks.o(i.xTaskCheckForTimeOut)
    i.xTaskCreate                            0x08003570   Section        0  tasks.o(i.xTaskCreate)
    i.xTaskCreateStatic                      0x080035ca   Section        0  tasks.o(i.xTaskCreateStatic)
    i.xTaskGetSchedulerState                 0x08003620   Section        0  tasks.o(i.xTaskGetSchedulerState)
    i.xTaskGetTickCount                      0x0800363c   Section        0  tasks.o(i.xTaskGetTickCount)
    i.xTaskIncrementTick                     0x08003648   Section        0  tasks.o(i.xTaskIncrementTick)
    i.xTaskPriorityDisinherit                0x08003710   Section        0  tasks.o(i.xTaskPriorityDisinherit)
    i.xTaskRemoveFromEventList               0x08003790   Section        0  tasks.o(i.xTaskRemoveFromEventList)
    i.xTaskResumeAll                         0x08003800   Section        0  tasks.o(i.xTaskResumeAll)
    i.xTimerCreateTimerTask                  0x080038c4   Section        0  timers.o(i.xTimerCreateTimerTask)
    i.xTimerGenericCommand                   0x08003924   Section        0  timers.o(i.xTimerGenericCommand)
    .constdata                               0x0800398c   Section     8790  lcd.o(.constdata)
    .constdata                               0x08005be4   Section    17416  freertos.o(.constdata)
    .constdata                               0x08009fec   Section     3200  freertos.o(.constdata)
    .constdata                               0x0800ac6c   Section     3200  freertos.o(.constdata)
    .constdata                               0x0800b8ec   Section     3200  freertos.o(.constdata)
    .constdata                               0x0800c56c   Section       18  stm32f1xx_hal_rcc.o(.constdata)
    aPredivFactorTable                       0x0800c56c   Data           2  stm32f1xx_hal_rcc.o(.constdata)
    aPLLMULFactorTable                       0x0800c56e   Data          16  stm32f1xx_hal_rcc.o(.constdata)
    .constdata                               0x0800c57e   Section       16  system_stm32f1xx.o(.constdata)
    .constdata                               0x0800c58e   Section        8  system_stm32f1xx.o(.constdata)
    .conststring                             0x0800c598   Section       69  freertos.o(.conststring)
    .data                                    0x20000000   Section       94  freertos.o(.data)
    X                                        0x20000002   Data           1  freertos.o(.data)
    Y                                        0x20000003   Data           1  freertos.o(.data)
    thick                                    0x20000004   Data           1  freertos.o(.data)
    tick                                     0x20000005   Data           1  freertos.o(.data)
    is_first_stage                           0x20000006   Data           1  freertos.o(.data)
    is_second_stage                          0x20000007   Data           1  freertos.o(.data)
    x1                                       0x20000008   Data           1  freertos.o(.data)
    y1                                       0x20000009   Data           1  freertos.o(.data)
    x2                                       0x2000000a   Data           1  freertos.o(.data)
    y2                                       0x2000000b   Data           1  freertos.o(.data)
    p1                                       0x2000000c   Data           1  freertos.o(.data)
    p21                                      0x2000000d   Data           1  freertos.o(.data)
    p22                                      0x2000000e   Data           1  freertos.o(.data)
    list_len                                 0x2000000f   Data           1  freertos.o(.data)
    x                                        0x20000010   Data           2  freertos.o(.data)
    y                                        0x20000012   Data           2  freertos.o(.data)
    last_y                                   0x20000014   Data           2  freertos.o(.data)
    setting_color1                           0x20000018   Data           4  freertos.o(.data)
    setting_color2                           0x2000001c   Data           4  freertos.o(.data)
    last_move                                0x20000020   Data           4  freertos.o(.data)
    move                                     0x20000024   Data           4  freertos.o(.data)
    color_list                               0x20000050   Data          14  freertos.o(.data)
    .data                                    0x2000005e   Section       10  stm32f1xx_it.o(.data)
    cnt16                                    0x20000061   Data           1  stm32f1xx_it.o(.data)
    c2c_cs_fall_flag                         0x20000062   Data           1  stm32f1xx_it.o(.data)
    c2c_data                                 0x20000064   Data           2  stm32f1xx_it.o(.data)
    .data                                    0x20000068   Section       12  stm32f1xx_hal.o(.data)
    .data                                    0x20000074   Section        4  system_stm32f1xx.o(.data)
    .data                                    0x20000078   Section       60  tasks.o(.data)
    pxDelayedTaskList                        0x2000007c   Data           4  tasks.o(.data)
    pxOverflowDelayedTaskList                0x20000080   Data           4  tasks.o(.data)
    uxDeletedTasksWaitingCleanUp             0x20000084   Data           4  tasks.o(.data)
    uxCurrentNumberOfTasks                   0x20000088   Data           4  tasks.o(.data)
    xTickCount                               0x2000008c   Data           4  tasks.o(.data)
    uxTopReadyPriority                       0x20000090   Data           4  tasks.o(.data)
    xSchedulerRunning                        0x20000094   Data           4  tasks.o(.data)
    uxPendedTicks                            0x20000098   Data           4  tasks.o(.data)
    xYieldPending                            0x2000009c   Data           4  tasks.o(.data)
    xNumOfOverflows                          0x200000a0   Data           4  tasks.o(.data)
    uxTaskNumber                             0x200000a4   Data           4  tasks.o(.data)
    xNextTaskUnblockTime                     0x200000a8   Data           4  tasks.o(.data)
    xIdleTaskHandle                          0x200000ac   Data           4  tasks.o(.data)
    uxSchedulerSuspended                     0x200000b0   Data           4  tasks.o(.data)
    .data                                    0x200000b4   Section       20  timers.o(.data)
    pxCurrentTimerList                       0x200000b4   Data           4  timers.o(.data)
    pxOverflowTimerList                      0x200000b8   Data           4  timers.o(.data)
    xTimerQueue                              0x200000bc   Data           4  timers.o(.data)
    xTimerTaskHandle                         0x200000c0   Data           4  timers.o(.data)
    xLastTime                                0x200000c4   Data           4  timers.o(.data)
    .data                                    0x200000c8   Section        4  cmsis_os2.o(.data)
    KernelState                              0x200000c8   Data           4  cmsis_os2.o(.data)
    .data                                    0x200000cc   Section       24  heap_4.o(.data)
    pxEnd                                    0x200000cc   Data           4  heap_4.o(.data)
    xFreeBytesRemaining                      0x200000d0   Data           4  heap_4.o(.data)
    xMinimumEverFreeBytesRemaining           0x200000d4   Data           4  heap_4.o(.data)
    xBlockAllocatedBit                       0x200000d8   Data           4  heap_4.o(.data)
    xStart                                   0x200000dc   Data           8  heap_4.o(.data)
    .data                                    0x200000e4   Section       12  port.o(.data)
    ucMaxSysCallPriority                     0x200000e4   Data           1  port.o(.data)
    uxCriticalNesting                        0x200000e8   Data           4  port.o(.data)
    ulMaxPRIGROUPValue                       0x200000ec   Data           4  port.o(.data)
    .bss                                     0x200000f0   Section      512  freertos.o(.bss)
    .bss                                     0x200002f0   Section       92  freertos.o(.bss)
    .bss                                     0x2000034c   Section      512  freertos.o(.bss)
    .bss                                     0x2000054c   Section       92  freertos.o(.bss)
    .bss                                     0x200005a8   Section      512  freertos.o(.bss)
    .bss                                     0x200007a8   Section       92  freertos.o(.bss)
    .bss                                     0x20000804   Section       72  stm32f1xx_hal_timebase_tim.o(.bss)
    .bss                                     0x2000084c   Section       64  queue.o(.bss)
    .bss                                     0x2000088c   Section     1220  tasks.o(.bss)
    pxReadyTasksLists                        0x2000088c   Data        1120  tasks.o(.bss)
    xDelayedTaskList1                        0x20000cec   Data          20  tasks.o(.bss)
    xDelayedTaskList2                        0x20000d00   Data          20  tasks.o(.bss)
    xPendingReadyList                        0x20000d14   Data          20  tasks.o(.bss)
    xTasksWaitingTermination                 0x20000d28   Data          20  tasks.o(.bss)
    xSuspendedTaskList                       0x20000d3c   Data          20  tasks.o(.bss)
    .bss                                     0x20000d50   Section      280  timers.o(.bss)
    xActiveTimerList1                        0x20000d50   Data          20  timers.o(.bss)
    xActiveTimerList2                        0x20000d64   Data          20  timers.o(.bss)
    xStaticTimerQueue                        0x20000d78   Data          80  timers.o(.bss)
    ucStaticTimerQueueStorage                0x20000dc8   Data         160  timers.o(.bss)
    .bss                                     0x20000e68   Section     1720  cmsis_os2.o(.bss)
    Idle_TCB                                 0x20000e68   Data          92  cmsis_os2.o(.bss)
    Idle_Stack                               0x20000ec4   Data         512  cmsis_os2.o(.bss)
    Timer_TCB                                0x200010c4   Data          92  cmsis_os2.o(.bss)
    Timer_Stack                              0x20001120   Data        1024  cmsis_os2.o(.bss)
    .bss                                     0x20001520   Section     3072  heap_4.o(.bss)
    ucHeap                                   0x20001520   Data        3072  heap_4.o(.bss)
    .bss                                     0x20002120   Section       96  libspace.o(.bss)
    HEAP                                     0x20002180   Section      512  startup_stm32f103xe.o(HEAP)
    Heap_Mem                                 0x20002180   Data         512  startup_stm32f103xe.o(HEAP)
    STACK                                    0x20002380   Section     1024  startup_stm32f103xe.o(STACK)
    Stack_Mem                                0x20002380   Data        1024  startup_stm32f103xe.o(STACK)
    __initial_sp                             0x20002780   Data           0  startup_stm32f103xe.o(STACK)

    Global Symbols

    Symbol Name                              Value     Ov Type        Size  Object(Section)

    BuildAttributes$$THM_ISAv4$P$D$K$B$S$PE$A:L22UL41UL21$X:L11$S22US41US21$IEEE1$IW$USESV6$~STKCKD$USESV7$~SHL$OSPACE$ROPI$EBA8$UX$STANDARDLIB$REQ8$PRES8$EABIv2 0x00000000   Number         0  anon$$obj.o ABSOLUTE
    __ARM_use_no_argv                        0x00000000   Number         0  main.o ABSOLUTE
    __ARM_exceptions_init                     - Undefined Weak Reference
    __alloca_initialize                       - Undefined Weak Reference
    __arm_preinit_                            - Undefined Weak Reference
    __cpp_initialize__aeabi_                  - Undefined Weak Reference
    __cxa_finalize                            - Undefined Weak Reference
    __rt_locale                               - Undefined Weak Reference
    __sigvec_lookup                           - Undefined Weak Reference
    _atexit_init                              - Undefined Weak Reference
    _call_atexit_fns                          - Undefined Weak Reference
    _clock_init                               - Undefined Weak Reference
    _fp_trap_init                             - Undefined Weak Reference
    _fp_trap_shutdown                         - Undefined Weak Reference
    _get_lc_collate                           - Undefined Weak Reference
    _get_lc_ctype                             - Undefined Weak Reference
    _get_lc_monetary                          - Undefined Weak Reference
    _get_lc_numeric                           - Undefined Weak Reference
    _get_lc_time                              - Undefined Weak Reference
    _getenv_init                              - Undefined Weak Reference
    _handle_redirection                       - Undefined Weak Reference
    _init_alloc                               - Undefined Weak Reference
    _init_user_alloc                          - Undefined Weak Reference
    _initio                                   - Undefined Weak Reference
    _rand_init                                - Undefined Weak Reference
    _signal_finish                            - Undefined Weak Reference
    _signal_init                              - Undefined Weak Reference
    _terminate_alloc                          - Undefined Weak Reference
    _terminate_user_alloc                     - Undefined Weak Reference
    _terminateio                              - Undefined Weak Reference
    __Vectors_Size                           0x00000130   Number         0  startup_stm32f103xe.o ABSOLUTE
    __Vectors                                0x08000000   Data           4  startup_stm32f103xe.o(RESET)
    __Vectors_End                            0x08000130   Data           0  startup_stm32f103xe.o(RESET)
    __main                                   0x08000131   Thumb Code     8  __main.o(!!!main)
    __scatterload                            0x08000139   Thumb Code     0  __scatter.o(!!!scatter)
    __scatterload_rt2                        0x08000139   Thumb Code    44  __scatter.o(!!!scatter)
    __scatterload_rt2_thumb_only             0x08000139   Thumb Code     0  __scatter.o(!!!scatter)
    __scatterload_null                       0x08000147   Thumb Code     0  __scatter.o(!!!scatter)
    __scatterload_copy                       0x0800016d   Thumb Code    26  __scatter_copy.o(!!handler_copy)
    __scatterload_zeroinit                   0x08000189   Thumb Code    28  __scatter_zi.o(!!handler_zi)
    __rt_lib_init                            0x080001a5   Thumb Code     0  libinit.o(.ARM.Collect$$libinit$$00000000)
    __rt_lib_init_alloca_1                   0x080001a7   Thumb Code     0  libinit2.o(.ARM.Collect$$libinit$$0000002E)
    __rt_lib_init_argv_1                     0x080001a7   Thumb Code     0  libinit2.o(.ARM.Collect$$libinit$$0000002C)
    __rt_lib_init_atexit_1                   0x080001a7   Thumb Code     0  libinit2.o(.ARM.Collect$$libinit$$0000001B)
    __rt_lib_init_clock_1                    0x080001a7   Thumb Code     0  libinit2.o(.ARM.Collect$$libinit$$00000021)
    __rt_lib_init_cpp_1                      0x080001a7   Thumb Code     0  libinit2.o(.ARM.Collect$$libinit$$00000032)
    __rt_lib_init_exceptions_1               0x080001a7   Thumb Code     0  libinit2.o(.ARM.Collect$$libinit$$00000030)
    __rt_lib_init_fp_1                       0x080001a7   Thumb Code     0  libinit2.o(.ARM.Collect$$libinit$$00000002)
    __rt_lib_init_fp_trap_1                  0x080001a7   Thumb Code     0  libinit2.o(.ARM.Collect$$libinit$$0000001F)
    __rt_lib_init_getenv_1                   0x080001a7   Thumb Code     0  libinit2.o(.ARM.Collect$$libinit$$00000023)
    __rt_lib_init_heap_1                     0x080001a7   Thumb Code     0  libinit2.o(.ARM.Collect$$libinit$$0000000A)
    __rt_lib_init_lc_collate_1               0x080001a7   Thumb Code     0  libinit2.o(.ARM.Collect$$libinit$$00000011)
    __rt_lib_init_lc_ctype_1                 0x080001a7   Thumb Code     0  libinit2.o(.ARM.Collect$$libinit$$00000013)
    __rt_lib_init_lc_monetary_1              0x080001a7   Thumb Code     0  libinit2.o(.ARM.Collect$$libinit$$00000015)
    __rt_lib_init_lc_numeric_1               0x080001a7   Thumb Code     0  libinit2.o(.ARM.Collect$$libinit$$00000017)
    __rt_lib_init_lc_time_1                  0x080001a7   Thumb Code     0  libinit2.o(.ARM.Collect$$libinit$$00000019)
    __rt_lib_init_preinit_1                  0x080001a7   Thumb Code     0  libinit2.o(.ARM.Collect$$libinit$$00000004)
    __rt_lib_init_rand_1                     0x080001a7   Thumb Code     0  libinit2.o(.ARM.Collect$$libinit$$0000000E)
    __rt_lib_init_return                     0x080001a7   Thumb Code     0  libinit2.o(.ARM.Collect$$libinit$$00000033)
    __rt_lib_init_signal_1                   0x080001a7   Thumb Code     0  libinit2.o(.ARM.Collect$$libinit$$0000001D)
    __rt_lib_init_stdio_1                    0x080001a7   Thumb Code     0  libinit2.o(.ARM.Collect$$libinit$$00000025)
    __rt_lib_init_user_alloc_1               0x080001a7   Thumb Code     0  libinit2.o(.ARM.Collect$$libinit$$0000000C)
    __rt_lib_shutdown                        0x080001a9   Thumb Code     0  libshutdown.o(.ARM.Collect$$libshutdown$$00000000)
    __rt_lib_shutdown_cpp_1                  0x080001ab   Thumb Code     0  libshutdown2.o(.ARM.Collect$$libshutdown$$00000002)
    __rt_lib_shutdown_fp_trap_1              0x080001ab   Thumb Code     0  libshutdown2.o(.ARM.Collect$$libshutdown$$00000007)
    __rt_lib_shutdown_heap_1                 0x080001ab   Thumb Code     0  libshutdown2.o(.ARM.Collect$$libshutdown$$0000000F)
    __rt_lib_shutdown_return                 0x080001ab   Thumb Code     0  libshutdown2.o(.ARM.Collect$$libshutdown$$00000010)
    __rt_lib_shutdown_signal_1               0x080001ab   Thumb Code     0  libshutdown2.o(.ARM.Collect$$libshutdown$$0000000A)
    __rt_lib_shutdown_stdio_1                0x080001ab   Thumb Code     0  libshutdown2.o(.ARM.Collect$$libshutdown$$00000004)
    __rt_lib_shutdown_user_alloc_1           0x080001ab   Thumb Code     0  libshutdown2.o(.ARM.Collect$$libshutdown$$0000000C)
    __rt_entry                               0x080001ad   Thumb Code     0  __rtentry.o(.ARM.Collect$$rtentry$$00000000)
    __rt_entry_presh_1                       0x080001ad   Thumb Code     0  __rtentry2.o(.ARM.Collect$$rtentry$$00000002)
    __rt_entry_sh                            0x080001ad   Thumb Code     0  __rtentry4.o(.ARM.Collect$$rtentry$$00000004)
    __rt_entry_li                            0x080001b3   Thumb Code     0  __rtentry2.o(.ARM.Collect$$rtentry$$0000000A)
    __rt_entry_postsh_1                      0x080001b3   Thumb Code     0  __rtentry2.o(.ARM.Collect$$rtentry$$00000009)
    __rt_entry_main                          0x080001b7   Thumb Code     0  __rtentry2.o(.ARM.Collect$$rtentry$$0000000D)
    __rt_entry_postli_1                      0x080001b7   Thumb Code     0  __rtentry2.o(.ARM.Collect$$rtentry$$0000000C)
    __rt_exit                                0x080001bf   Thumb Code     0  rtexit.o(.ARM.Collect$$rtexit$$00000000)
    __rt_exit_ls                             0x080001c1   Thumb Code     0  rtexit2.o(.ARM.Collect$$rtexit$$00000003)
    __rt_exit_prels_1                        0x080001c1   Thumb Code     0  rtexit2.o(.ARM.Collect$$rtexit$$00000002)
    __rt_exit_exit                           0x080001c5   Thumb Code     0  rtexit2.o(.ARM.Collect$$rtexit$$00000004)
    SVC_Handler                              0x080001cd   Thumb Code    32  port.o(.emb_text)
    __asm___6_port_c_39a90d8d__prvStartFirstTask 0x080001f1   Thumb Code    28  port.o(.emb_text)
    PendSV_Handler                           0x08000211   Thumb Code    72  port.o(.emb_text)
    vPortGetIPSR                             0x0800025d   Thumb Code     6  port.o(.emb_text)
    Reset_Handler                            0x08000265   Thumb Code     8  startup_stm32f103xe.o(.text)
    ADC1_2_IRQHandler                        0x0800027f   Thumb Code     0  startup_stm32f103xe.o(.text)
    ADC3_IRQHandler                          0x0800027f   Thumb Code     0  startup_stm32f103xe.o(.text)
    CAN1_RX1_IRQHandler                      0x0800027f   Thumb Code     0  startup_stm32f103xe.o(.text)
    CAN1_SCE_IRQHandler                      0x0800027f   Thumb Code     0  startup_stm32f103xe.o(.text)
    DMA1_Channel1_IRQHandler                 0x0800027f   Thumb Code     0  startup_stm32f103xe.o(.text)
    DMA1_Channel2_IRQHandler                 0x0800027f   Thumb Code     0  startup_stm32f103xe.o(.text)
    DMA1_Channel3_IRQHandler                 0x0800027f   Thumb Code     0  startup_stm32f103xe.o(.text)
    DMA1_Channel4_IRQHandler                 0x0800027f   Thumb Code     0  startup_stm32f103xe.o(.text)
    DMA1_Channel5_IRQHandler                 0x0800027f   Thumb Code     0  startup_stm32f103xe.o(.text)
    DMA1_Channel6_IRQHandler                 0x0800027f   Thumb Code     0  startup_stm32f103xe.o(.text)
    DMA1_Channel7_IRQHandler                 0x0800027f   Thumb Code     0  startup_stm32f103xe.o(.text)
    DMA2_Channel1_IRQHandler                 0x0800027f   Thumb Code     0  startup_stm32f103xe.o(.text)
    DMA2_Channel2_IRQHandler                 0x0800027f   Thumb Code     0  startup_stm32f103xe.o(.text)
    DMA2_Channel3_IRQHandler                 0x0800027f   Thumb Code     0  startup_stm32f103xe.o(.text)
    DMA2_Channel4_5_IRQHandler               0x0800027f   Thumb Code     0  startup_stm32f103xe.o(.text)
    EXTI0_IRQHandler                         0x0800027f   Thumb Code     0  startup_stm32f103xe.o(.text)
    EXTI1_IRQHandler                         0x0800027f   Thumb Code     0  startup_stm32f103xe.o(.text)
    EXTI2_IRQHandler                         0x0800027f   Thumb Code     0  startup_stm32f103xe.o(.text)
    EXTI3_IRQHandler                         0x0800027f   Thumb Code     0  startup_stm32f103xe.o(.text)
    EXTI4_IRQHandler                         0x0800027f   Thumb Code     0  startup_stm32f103xe.o(.text)
    FLASH_IRQHandler                         0x0800027f   Thumb Code     0  startup_stm32f103xe.o(.text)
    FSMC_IRQHandler                          0x0800027f   Thumb Code     0  startup_stm32f103xe.o(.text)
    I2C1_ER_IRQHandler                       0x0800027f   Thumb Code     0  startup_stm32f103xe.o(.text)
    I2C1_EV_IRQHandler                       0x0800027f   Thumb Code     0  startup_stm32f103xe.o(.text)
    I2C2_ER_IRQHandler                       0x0800027f   Thumb Code     0  startup_stm32f103xe.o(.text)
    I2C2_EV_IRQHandler                       0x0800027f   Thumb Code     0  startup_stm32f103xe.o(.text)
    PVD_IRQHandler                           0x0800027f   Thumb Code     0  startup_stm32f103xe.o(.text)
    RCC_IRQHandler                           0x0800027f   Thumb Code     0  startup_stm32f103xe.o(.text)
    RTC_Alarm_IRQHandler                     0x0800027f   Thumb Code     0  startup_stm32f103xe.o(.text)
    RTC_IRQHandler                           0x0800027f   Thumb Code     0  startup_stm32f103xe.o(.text)
    SDIO_IRQHandler                          0x0800027f   Thumb Code     0  startup_stm32f103xe.o(.text)
    SPI1_IRQHandler                          0x0800027f   Thumb Code     0  startup_stm32f103xe.o(.text)
    SPI2_IRQHandler                          0x0800027f   Thumb Code     0  startup_stm32f103xe.o(.text)
    SPI3_IRQHandler                          0x0800027f   Thumb Code     0  startup_stm32f103xe.o(.text)
    TAMPER_IRQHandler                        0x0800027f   Thumb Code     0  startup_stm32f103xe.o(.text)
    TIM1_BRK_IRQHandler                      0x0800027f   Thumb Code     0  startup_stm32f103xe.o(.text)
    TIM1_CC_IRQHandler                       0x0800027f   Thumb Code     0  startup_stm32f103xe.o(.text)
    TIM1_TRG_COM_IRQHandler                  0x0800027f   Thumb Code     0  startup_stm32f103xe.o(.text)
    TIM1_UP_IRQHandler                       0x0800027f   Thumb Code     0  startup_stm32f103xe.o(.text)
    TIM2_IRQHandler                          0x0800027f   Thumb Code     0  startup_stm32f103xe.o(.text)
    TIM3_IRQHandler                          0x0800027f   Thumb Code     0  startup_stm32f103xe.o(.text)
    TIM4_IRQHandler                          0x0800027f   Thumb Code     0  startup_stm32f103xe.o(.text)
    TIM5_IRQHandler                          0x0800027f   Thumb Code     0  startup_stm32f103xe.o(.text)
    TIM7_IRQHandler                          0x0800027f   Thumb Code     0  startup_stm32f103xe.o(.text)
    TIM8_BRK_IRQHandler                      0x0800027f   Thumb Code     0  startup_stm32f103xe.o(.text)
    TIM8_CC_IRQHandler                       0x0800027f   Thumb Code     0  startup_stm32f103xe.o(.text)
    TIM8_TRG_COM_IRQHandler                  0x0800027f   Thumb Code     0  startup_stm32f103xe.o(.text)
    TIM8_UP_IRQHandler                       0x0800027f   Thumb Code     0  startup_stm32f103xe.o(.text)
    UART4_IRQHandler                         0x0800027f   Thumb Code     0  startup_stm32f103xe.o(.text)
    UART5_IRQHandler                         0x0800027f   Thumb Code     0  startup_stm32f103xe.o(.text)
    USART1_IRQHandler                        0x0800027f   Thumb Code     0  startup_stm32f103xe.o(.text)
    USART2_IRQHandler                        0x0800027f   Thumb Code     0  startup_stm32f103xe.o(.text)
    USART3_IRQHandler                        0x0800027f   Thumb Code     0  startup_stm32f103xe.o(.text)
    USBWakeUp_IRQHandler                     0x0800027f   Thumb Code     0  startup_stm32f103xe.o(.text)
    USB_HP_CAN1_TX_IRQHandler                0x0800027f   Thumb Code     0  startup_stm32f103xe.o(.text)
    USB_LP_CAN1_RX0_IRQHandler               0x0800027f   Thumb Code     0  startup_stm32f103xe.o(.text)
    WWDG_IRQHandler                          0x0800027f   Thumb Code     0  startup_stm32f103xe.o(.text)
    __user_initial_stackheap                 0x08000281   Thumb Code     0  startup_stm32f103xe.o(.text)
    __aeabi_memcpy                           0x080002a5   Thumb Code     0  rt_memcpy_v6.o(.text)
    __rt_memcpy                              0x080002a5   Thumb Code   138  rt_memcpy_v6.o(.text)
    _memcpy_lastbytes                        0x0800030b   Thumb Code     0  rt_memcpy_v6.o(.text)
    __aeabi_memset                           0x0800032f   Thumb Code    16  aeabi_memset.o(.text)
    __aeabi_memclr4                          0x0800033f   Thumb Code     0  rt_memclr_w.o(.text)
    __aeabi_memclr8                          0x0800033f   Thumb Code     0  rt_memclr_w.o(.text)
    __rt_memclr_w                            0x0800033f   Thumb Code    78  rt_memclr_w.o(.text)
    _memset_w                                0x08000343   Thumb Code     0  rt_memclr_w.o(.text)
    __use_two_region_memory                  0x0800038d   Thumb Code     2  heapauxi.o(.text)
    __rt_heap_escrow$2region                 0x0800038f   Thumb Code     2  heapauxi.o(.text)
    __rt_heap_expand$2region                 0x08000391   Thumb Code     2  heapauxi.o(.text)
    __aeabi_memcpy4                          0x08000393   Thumb Code     0  rt_memcpy_w.o(.text)
    __aeabi_memcpy8                          0x08000393   Thumb Code     0  rt_memcpy_w.o(.text)
    __rt_memcpy_w                            0x08000393   Thumb Code   100  rt_memcpy_w.o(.text)
    _memcpy_lastbytes_aligned                0x080003db   Thumb Code     0  rt_memcpy_w.o(.text)
    __aeabi_memclr                           0x080003f7   Thumb Code     0  rt_memclr.o(.text)
    __rt_memclr                              0x080003f7   Thumb Code    68  rt_memclr.o(.text)
    _memset                                  0x080003fb   Thumb Code     0  rt_memclr.o(.text)
    __user_setup_stackheap                   0x0800043b   Thumb Code    74  sys_stackheap_outer.o(.text)
    exit                                     0x08000485   Thumb Code    18  exit.o(.text)
    __user_libspace                          0x08000499   Thumb Code     8  libspace.o(.text)
    __user_perproc_libspace                  0x08000499   Thumb Code     0  libspace.o(.text)
    __user_perthread_libspace                0x08000499   Thumb Code     0  libspace.o(.text)
    _sys_exit                                0x080004a1   Thumb Code     8  sys_exit.o(.text)
    __I$use$semihosting                      0x080004ad   Thumb Code     0  use_no_semi.o(.text)
    __use_no_semihosting_swi                 0x080004ad   Thumb Code     2  use_no_semi.o(.text)
    BusFault_Handler                         0x080004af   Thumb Code     2  stm32f1xx_it.o(i.BusFault_Handler)
    __semihosting_library_function           0x080004af   Thumb Code     0  indicate_semi.o(.text)
    DebugMon_Handler                         0x080004b1   Thumb Code     2  stm32f1xx_it.o(i.DebugMon_Handler)
    Decode                                   0x080004b3   Thumb Code    14  freertos.o(i.Decode)
    Draw_Circle                              0x080004cd   Thumb Code   188  lcd.o(i.Draw_Circle)
    EXTI15_10_IRQHandler                     0x08000589   Thumb Code    30  stm32f1xx_it.o(i.EXTI15_10_IRQHandler)
    EXTI9_5_IRQHandler                       0x080005a7   Thumb Code    20  stm32f1xx_it.o(i.EXTI9_5_IRQHandler)
    HAL_GPIO_EXTI_Callback                   0x080005bd   Thumb Code   132  stm32f1xx_it.o(i.HAL_GPIO_EXTI_Callback)
    HAL_GPIO_EXTI_IRQHandler                 0x0800064d   Thumb Code    18  stm32f1xx_hal_gpio.o(i.HAL_GPIO_EXTI_IRQHandler)
    HAL_GPIO_Init                            0x08000665   Thumb Code   462  stm32f1xx_hal_gpio.o(i.HAL_GPIO_Init)
    HAL_GPIO_ReadPin                         0x0800085d   Thumb Code    10  stm32f1xx_hal_gpio.o(i.HAL_GPIO_ReadPin)
    HAL_GPIO_WritePin                        0x08000867   Thumb Code    10  stm32f1xx_hal_gpio.o(i.HAL_GPIO_WritePin)
    HAL_GetTick                              0x08000871   Thumb Code     6  stm32f1xx_hal.o(i.HAL_GetTick)
    HAL_IncTick                              0x0800087d   Thumb Code    12  stm32f1xx_hal.o(i.HAL_IncTick)
    HAL_Init                                 0x0800088d   Thumb Code    32  stm32f1xx_hal.o(i.HAL_Init)
    HAL_InitTick                             0x080008b1   Thumb Code   132  stm32f1xx_hal_timebase_tim.o(i.HAL_InitTick)
    HAL_MspInit                              0x08000949   Thumb Code    62  stm32f1xx_hal_msp.o(i.HAL_MspInit)
    HAL_NVIC_EnableIRQ                       0x08000991   Thumb Code    26  stm32f1xx_hal_cortex.o(i.HAL_NVIC_EnableIRQ)
    HAL_NVIC_SetPriority                     0x080009ad   Thumb Code    60  stm32f1xx_hal_cortex.o(i.HAL_NVIC_SetPriority)
    HAL_NVIC_SetPriorityGrouping             0x080009ed   Thumb Code    26  stm32f1xx_hal_cortex.o(i.HAL_NVIC_SetPriorityGrouping)
    HAL_RCC_ClockConfig                      0x08000a11   Thumb Code   280  stm32f1xx_hal_rcc.o(i.HAL_RCC_ClockConfig)
    HAL_RCC_GetClockConfig                   0x08000b3d   Thumb Code    54  stm32f1xx_hal_rcc.o(i.HAL_RCC_GetClockConfig)
    HAL_RCC_GetPCLK1Freq                     0x08000b7d   Thumb Code    20  stm32f1xx_hal_rcc.o(i.HAL_RCC_GetPCLK1Freq)
    HAL_RCC_GetSysClockFreq                  0x08000b9d   Thumb Code    58  stm32f1xx_hal_rcc.o(i.HAL_RCC_GetSysClockFreq)
    HAL_RCC_OscConfig                        0x08000be9   Thumb Code   778  stm32f1xx_hal_rcc.o(i.HAL_RCC_OscConfig)
    HAL_TIMEx_BreakCallback                  0x08000f09   Thumb Code     2  stm32f1xx_hal_tim_ex.o(i.HAL_TIMEx_BreakCallback)
    HAL_TIMEx_CommutCallback                 0x08000f0b   Thumb Code     2  stm32f1xx_hal_tim_ex.o(i.HAL_TIMEx_CommutCallback)
    HAL_TIM_Base_Init                        0x08000f0d   Thumb Code    90  stm32f1xx_hal_tim.o(i.HAL_TIM_Base_Init)
    HAL_TIM_Base_MspInit                     0x08000f67   Thumb Code     2  stm32f1xx_hal_tim.o(i.HAL_TIM_Base_MspInit)
    HAL_TIM_Base_Start_IT                    0x08000f69   Thumb Code    88  stm32f1xx_hal_tim.o(i.HAL_TIM_Base_Start_IT)
    HAL_TIM_IC_CaptureCallback               0x08000fd5   Thumb Code     2  stm32f1xx_hal_tim.o(i.HAL_TIM_IC_CaptureCallback)
    HAL_TIM_IRQHandler                       0x08000fd7   Thumb Code   358  stm32f1xx_hal_tim.o(i.HAL_TIM_IRQHandler)
    HAL_TIM_OC_DelayElapsedCallback          0x0800113d   Thumb Code     2  stm32f1xx_hal_tim.o(i.HAL_TIM_OC_DelayElapsedCallback)
    HAL_TIM_PWM_PulseFinishedCallback        0x0800113f   Thumb Code     2  stm32f1xx_hal_tim.o(i.HAL_TIM_PWM_PulseFinishedCallback)
    HAL_TIM_PeriodElapsedCallback            0x08001141   Thumb Code    14  main.o(i.HAL_TIM_PeriodElapsedCallback)
    HAL_TIM_TriggerCallback                  0x08001155   Thumb Code     2  stm32f1xx_hal_tim.o(i.HAL_TIM_TriggerCallback)
    HardFault_Handler                        0x08001157   Thumb Code     2  stm32f1xx_it.o(i.HardFault_Handler)
    LCD_Address_Set                          0x08001159   Thumb Code    58  lcd_init.o(i.LCD_Address_Set)
    LCD_DrawLine                             0x08001193   Thumb Code   156  lcd.o(i.LCD_DrawLine)
    LCD_DrawPoint                            0x0800122f   Thumb Code    22  lcd.o(i.LCD_DrawPoint)
    LCD_Fill                                 0x08001245   Thumb Code    62  lcd.o(i.LCD_Fill)
    LCD_Init                                 0x08001285   Thumb Code   494  lcd_init.o(i.LCD_Init)
    LCD_ShowChar                             0x08001479   Thumb Code   182  lcd.o(i.LCD_ShowChar)
    LCD_ShowIntNum                           0x08001539   Thumb Code   126  lcd.o(i.LCD_ShowIntNum)
    LCD_ShowPicture                          0x080015b7   Thumb Code    82  lcd.o(i.LCD_ShowPicture)
    LCD_ShowString                           0x08001609   Thumb Code    58  lcd.o(i.LCD_ShowString)
    LCD_WR_DATA                              0x08001643   Thumb Code    20  lcd_init.o(i.LCD_WR_DATA)
    LCD_WR_DATA8                             0x08001657   Thumb Code     4  lcd_init.o(i.LCD_WR_DATA8)
    LCD_WR_REG                               0x0800165d   Thumb Code    36  lcd_init.o(i.LCD_WR_REG)
    LCD_Writ_Bus                             0x08001685   Thumb Code    86  lcd_init.o(i.LCD_Writ_Bus)
    MX_FREERTOS_Init                         0x080016e5   Thumb Code    28  freertos.o(i.MX_FREERTOS_Init)
    MX_GPIO_Init                             0x0800170d   Thumb Code   208  gpio.o(i.MX_GPIO_Init)
    MemManage_Handler                        0x080017ed   Thumb Code     2  stm32f1xx_it.o(i.MemManage_Handler)
    NMI_Handler                              0x080017ef   Thumb Code     2  stm32f1xx_it.o(i.NMI_Handler)
    StartECGTask                             0x080017f1   Thumb Code   476  freertos.o(i.StartECGTask)
    StartInterfaceTask                       0x08001a01   Thumb Code   184  freertos.o(i.StartInterfaceTask)
    StartMenuTask                            0x08001ad9   Thumb Code   440  freertos.o(i.StartMenuTask)
    StartSettingTask                         0x08001cb5   Thumb Code   310  freertos.o(i.StartSettingTask)
    StartWifiTask                            0x08001e15   Thumb Code   194  freertos.o(i.StartWifiTask)
    SysTick_Handler                          0x08001f31   Thumb Code    38  port.o(i.SysTick_Handler)
    SystemClock_Config                       0x08001f5d   Thumb Code    94  main.o(i.SystemClock_Config)
    SystemInit                               0x08001fbb   Thumb Code     2  system_stm32f1xx.o(i.SystemInit)
    TIM6_IRQHandler                          0x08001fbd   Thumb Code     6  stm32f1xx_it.o(i.TIM6_IRQHandler)
    TIM_Base_SetConfig                       0x08001fc9   Thumb Code   120  stm32f1xx_hal_tim.o(i.TIM_Base_SetConfig)
    UsageFault_Handler                       0x08002055   Thumb Code     2  stm32f1xx_it.o(i.UsageFault_Handler)
    main                                     0x08002077   Thumb Code    46  main.o(i.main)
    mypow                                    0x080020a5   Thumb Code    16  lcd.o(i.mypow)
    osDelay                                  0x080020b5   Thumb Code    46  cmsis_os2.o(i.osDelay)
    osKernelInitialize                       0x080020e9   Thumb Code    50  cmsis_os2.o(i.osKernelInitialize)
    osKernelStart                            0x08002121   Thumb Code    58  cmsis_os2.o(i.osKernelStart)
    osMutexNew                               0x08002161   Thumb Code   124  cmsis_os2.o(i.osMutexNew)
    osThreadNew                              0x080021e1   Thumb Code   158  cmsis_os2.o(i.osThreadNew)
    pvPortMalloc                             0x080029e1   Thumb Code   210  heap_4.o(i.pvPortMalloc)
    pxPortInitialiseStack                    0x08002ab9   Thumb Code    32  port.o(i.pxPortInitialiseStack)
    uxListRemove                             0x08002add   Thumb Code    38  list.o(i.uxListRemove)
    vApplicationGetIdleTaskMemory            0x08002b05   Thumb Code    16  cmsis_os2.o(i.vApplicationGetIdleTaskMemory)
    vApplicationGetTimerTaskMemory           0x08002b19   Thumb Code    18  cmsis_os2.o(i.vApplicationGetTimerTaskMemory)
    vListInitialise                          0x08002b31   Thumb Code    22  list.o(i.vListInitialise)
    vListInitialiseItem                      0x08002b47   Thumb Code     6  list.o(i.vListInitialiseItem)
    vListInsert                              0x08002b4d   Thumb Code    48  list.o(i.vListInsert)
    vListInsertEnd                           0x08002b7d   Thumb Code    24  list.o(i.vListInsertEnd)
    vPortEnterCritical                       0x08002b95   Thumb Code    54  port.o(i.vPortEnterCritical)
    vPortExitCritical                        0x08002bd5   Thumb Code    34  port.o(i.vPortExitCritical)
    vPortFree                                0x08002bfd   Thumb Code    88  heap_4.o(i.vPortFree)
    vPortSetupTimerInterrupt                 0x08002c59   Thumb Code    32  port.o(i.vPortSetupTimerInterrupt)
    vPortValidateInterruptPriority           0x08002c7d   Thumb Code    74  port.o(i.vPortValidateInterruptPriority)
    vQueueAddToRegistry                      0x08002cd1   Thumb Code    34  queue.o(i.vQueueAddToRegistry)
    vQueueWaitForMessageRestricted           0x08002cf9   Thumb Code    68  queue.o(i.vQueueWaitForMessageRestricted)
    vTaskDelay                               0x08002d3d   Thumb Code    66  tasks.o(i.vTaskDelay)
    vTaskDelete                              0x08002d89   Thumb Code   130  tasks.o(i.vTaskDelete)
    vTaskInternalSetTimeOutState             0x08002e19   Thumb Code    12  tasks.o(i.vTaskInternalSetTimeOutState)
    vTaskMissedYield                         0x08002e29   Thumb Code     8  tasks.o(i.vTaskMissedYield)
    vTaskPlaceOnEventList                    0x08002e35   Thumb Code    44  tasks.o(i.vTaskPlaceOnEventList)
    vTaskPlaceOnEventListRestricted          0x08002e65   Thumb Code    52  tasks.o(i.vTaskPlaceOnEventListRestricted)
    vTaskStartScheduler                      0x08002e9d   Thumb Code   118  tasks.o(i.vTaskStartScheduler)
    vTaskSuspendAll                          0x08002f25   Thumb Code    10  tasks.o(i.vTaskSuspendAll)
    vTaskSwitchContext                       0x08002f35   Thumb Code    90  tasks.o(i.vTaskSwitchContext)
    xPortStartScheduler                      0x08002f99   Thumb Code   154  port.o(i.xPortStartScheduler)
    xQueueCreateMutex                        0x08003041   Thumb Code    22  queue.o(i.xQueueCreateMutex)
    xQueueCreateMutexStatic                  0x08003057   Thumb Code    26  queue.o(i.xQueueCreateMutexStatic)
    xQueueGenericCreate                      0x08003071   Thumb Code    72  queue.o(i.xQueueGenericCreate)
    xQueueGenericCreateStatic                0x080030b9   Thumb Code   102  queue.o(i.xQueueGenericCreateStatic)
    xQueueGenericReset                       0x08003121   Thumb Code   132  queue.o(i.xQueueGenericReset)
    xQueueGenericSend                        0x080031a9   Thumb Code   346  queue.o(i.xQueueGenericSend)
    xQueueGenericSendFromISR                 0x08003309   Thumb Code   188  queue.o(i.xQueueGenericSendFromISR)
    xQueueReceive                            0x080033c5   Thumb Code   308  queue.o(i.xQueueReceive)
    xTaskCheckForTimeOut                     0x080034fd   Thumb Code   112  tasks.o(i.xTaskCheckForTimeOut)
    xTaskCreate                              0x08003571   Thumb Code    90  tasks.o(i.xTaskCreate)
    xTaskCreateStatic                        0x080035cb   Thumb Code    86  tasks.o(i.xTaskCreateStatic)
    xTaskGetSchedulerState                   0x08003621   Thumb Code    22  tasks.o(i.xTaskGetSchedulerState)
    xTaskGetTickCount                        0x0800363d   Thumb Code     6  tasks.o(i.xTaskGetTickCount)
    xTaskIncrementTick                       0x08003649   Thumb Code   190  tasks.o(i.xTaskIncrementTick)
    xTaskPriorityDisinherit                  0x08003711   Thumb Code   118  tasks.o(i.xTaskPriorityDisinherit)
    xTaskRemoveFromEventList                 0x08003791   Thumb Code    98  tasks.o(i.xTaskRemoveFromEventList)
    xTaskResumeAll                           0x08003801   Thumb Code   182  tasks.o(i.xTaskResumeAll)
    xTimerCreateTimerTask                    0x080038c5   Thumb Code    78  timers.o(i.xTimerCreateTimerTask)
    xTimerGenericCommand                     0x08003925   Thumb Code    98  timers.o(i.xTimerGenericCommand)
    ascii_1608                               0x0800398c   Data        1520  lcd.o(.constdata)
    ascii_3216                               0x08003f7c   Data        6080  lcd.o(.constdata)
    tfont16                                  0x0800573c   Data         170  lcd.o(.constdata)
    tfont24                                  0x080057e6   Data         370  lcd.o(.constdata)
    tfont32                                  0x08005958   Data         650  lcd.o(.constdata)
    img_bottom                               0x08005be4   Data        5760  freertos.o(.constdata)
    img_heart                                0x08007264   Data         800  freertos.o(.constdata)
    img_word                                 0x08007584   Data        2760  freertos.o(.constdata)
    img_lead_off                             0x0800804c   Data         800  freertos.o(.constdata)
    img_lead_on                              0x0800836c   Data         800  freertos.o(.constdata)
    img_GPT                                  0x0800868c   Data        6300  freertos.o(.constdata)
    InterfaceTask_attributes                 0x08009f28   Data          36  freertos.o(.constdata)
    MenuTask_attributes                      0x08009f4c   Data          36  freertos.o(.constdata)
    ECGTask_attributes                       0x08009f70   Data          36  freertos.o(.constdata)
    WifiTask_attributes                      0x08009f94   Data          36  freertos.o(.constdata)
    SettingTask_attributes                   0x08009fb8   Data          36  freertos.o(.constdata)
    LCDMutex_attributes                      0x08009fdc   Data          16  freertos.o(.constdata)
    img_setting                              0x08009fec   Data        3200  freertos.o(.constdata)
    img_wifi                                 0x0800ac6c   Data        3200  freertos.o(.constdata)
    img_red                                  0x0800b8ec   Data        3200  freertos.o(.constdata)
    AHBPrescTable                            0x0800c57e   Data          16  system_stm32f1xx.o(.constdata)
    APBPrescTable                            0x0800c58e   Data           8  system_stm32f1xx.o(.constdata)
    Region$$Table$$Base                      0x0800c5e0   Number         0  anon$$obj.o(Region$$Table)
    Region$$Table$$Limit                     0x0800c600   Number         0  anon$$obj.o(Region$$Table)
    img_pointer                              0x20000000   Data           1  freertos.o(.data)
    key_locked                               0x20000001   Data           1  freertos.o(.data)
    InterfaceTaskHandle                      0x20000028   Data           4  freertos.o(.data)
    MenuTaskHandle                           0x2000002c   Data           4  freertos.o(.data)
    ECGTaskHandle                            0x20000030   Data           4  freertos.o(.data)
    WifiTaskHandle                           0x20000034   Data           4  freertos.o(.data)
    SettingTaskHandle                        0x20000038   Data           4  freertos.o(.data)
    LCDMutexHandle                           0x2000003c   Data           4  freertos.o(.data)
    imgs                                     0x20000040   Data          16  freertos.o(.data)
    key1_flag                                0x2000005e   Data           1  stm32f1xx_it.o(.data)
    key2_flag                                0x2000005f   Data           1  stm32f1xx_it.o(.data)
    key3_flag                                0x20000060   Data           1  stm32f1xx_it.o(.data)
    rec_data                                 0x20000066   Data           2  stm32f1xx_it.o(.data)
    uwTickFreq                               0x20000068   Data           1  stm32f1xx_hal.o(.data)
    uwTickPrio                               0x2000006c   Data           4  stm32f1xx_hal.o(.data)
    uwTick                                   0x20000070   Data           4  stm32f1xx_hal.o(.data)
    SystemCoreClock                          0x20000074   Data           4  system_stm32f1xx.o(.data)
    pxCurrentTCB                             0x20000078   Data           4  tasks.o(.data)
    ECGTaskBuffer                            0x200000f0   Data         512  freertos.o(.bss)
    ECGTaskControlBlock                      0x200002f0   Data          92  freertos.o(.bss)
    WifiTaskBuffer                           0x2000034c   Data         512  freertos.o(.bss)
    WifiTaskControlBlock                     0x2000054c   Data          92  freertos.o(.bss)
    SettingTaskBuffer                        0x200005a8   Data         512  freertos.o(.bss)
    SettingTaskControlBlock                  0x200007a8   Data          92  freertos.o(.bss)
    htim6                                    0x20000804   Data          72  stm32f1xx_hal_timebase_tim.o(.bss)
    xQueueRegistry                           0x2000084c   Data          64  queue.o(.bss)
    __libspace_start                         0x20002120   Data          96  libspace.o(.bss)
    __temporary_stack_top$libspace           0x20002180   Data           0  libspace.o(.bss)



==============================================================================

Memory Map of the image

  Image Entry point : 0x08000131

  Load Region LR_IROM1 (Base: 0x08000000, Size: 0x0000c6f0, Max: 0x00040000, ABSOLUTE)

    Execution Region ER_IROM1 (Base: 0x08000000, Size: 0x0000c600, Max: 0x00040000, ABSOLUTE)

    Base Addr    Size         Type   Attr      Idx    E Section Name        Object

    0x08000000   0x00000130   Data   RO            3    RESET               startup_stm32f103xe.o
    0x08000130   0x00000008   Code   RO         4290  * !!!main             c_w.l(__main.o)
    0x08000138   0x00000034   Code   RO         4462    !!!scatter          c_w.l(__scatter.o)
    0x0800016c   0x0000001a   Code   RO         4464    !!handler_copy      c_w.l(__scatter_copy.o)
    0x08000186   0x00000002   PAD
    0x08000188   0x0000001c   Code   RO         4466    !!handler_zi        c_w.l(__scatter_zi.o)
    0x080001a4   0x00000002   Code   RO         4332    .ARM.Collect$$libinit$$00000000  c_w.l(libinit.o)
    0x080001a6   0x00000000   Code   RO         4339    .ARM.Collect$$libinit$$00000002  c_w.l(libinit2.o)
    0x080001a6   0x00000000   Code   RO         4341    .ARM.Collect$$libinit$$00000004  c_w.l(libinit2.o)
    0x080001a6   0x00000000   Code   RO         4344    .ARM.Collect$$libinit$$0000000A  c_w.l(libinit2.o)
    0x080001a6   0x00000000   Code   RO         4346    .ARM.Collect$$libinit$$0000000C  c_w.l(libinit2.o)
    0x080001a6   0x00000000   Code   RO         4348    .ARM.Collect$$libinit$$0000000E  c_w.l(libinit2.o)
    0x080001a6   0x00000000   Code   RO         4351    .ARM.Collect$$libinit$$00000011  c_w.l(libinit2.o)
    0x080001a6   0x00000000   Code   RO         4353    .ARM.Collect$$libinit$$00000013  c_w.l(libinit2.o)
    0x080001a6   0x00000000   Code   RO         4355    .ARM.Collect$$libinit$$00000015  c_w.l(libinit2.o)
    0x080001a6   0x00000000   Code   RO         4357    .ARM.Collect$$libinit$$00000017  c_w.l(libinit2.o)
    0x080001a6   0x00000000   Code   RO         4359    .ARM.Collect$$libinit$$00000019  c_w.l(libinit2.o)
    0x080001a6   0x00000000   Code   RO         4361    .ARM.Collect$$libinit$$0000001B  c_w.l(libinit2.o)
    0x080001a6   0x00000000   Code   RO         4363    .ARM.Collect$$libinit$$0000001D  c_w.l(libinit2.o)
    0x080001a6   0x00000000   Code   RO         4365    .ARM.Collect$$libinit$$0000001F  c_w.l(libinit2.o)
    0x080001a6   0x00000000   Code   RO         4367    .ARM.Collect$$libinit$$00000021  c_w.l(libinit2.o)
    0x080001a6   0x00000000   Code   RO         4369    .ARM.Collect$$libinit$$00000023  c_w.l(libinit2.o)
    0x080001a6   0x00000000   Code   RO         4371    .ARM.Collect$$libinit$$00000025  c_w.l(libinit2.o)
    0x080001a6   0x00000000   Code   RO         4375    .ARM.Collect$$libinit$$0000002C  c_w.l(libinit2.o)
    0x080001a6   0x00000000   Code   RO         4377    .ARM.Collect$$libinit$$0000002E  c_w.l(libinit2.o)
    0x080001a6   0x00000000   Code   RO         4379    .ARM.Collect$$libinit$$00000030  c_w.l(libinit2.o)
    0x080001a6   0x00000000   Code   RO         4381    .ARM.Collect$$libinit$$00000032  c_w.l(libinit2.o)
    0x080001a6   0x00000002   Code   RO         4382    .ARM.Collect$$libinit$$00000033  c_w.l(libinit2.o)
    0x080001a8   0x00000002   Code   RO         4402    .ARM.Collect$$libshutdown$$00000000  c_w.l(libshutdown.o)
    0x080001aa   0x00000000   Code   RO         4415    .ARM.Collect$$libshutdown$$00000002  c_w.l(libshutdown2.o)
    0x080001aa   0x00000000   Code   RO         4417    .ARM.Collect$$libshutdown$$00000004  c_w.l(libshutdown2.o)
    0x080001aa   0x00000000   Code   RO         4420    .ARM.Collect$$libshutdown$$00000007  c_w.l(libshutdown2.o)
    0x080001aa   0x00000000   Code   RO         4423    .ARM.Collect$$libshutdown$$0000000A  c_w.l(libshutdown2.o)
    0x080001aa   0x00000000   Code   RO         4425    .ARM.Collect$$libshutdown$$0000000C  c_w.l(libshutdown2.o)
    0x080001aa   0x00000000   Code   RO         4428    .ARM.Collect$$libshutdown$$0000000F  c_w.l(libshutdown2.o)
    0x080001aa   0x00000002   Code   RO         4429    .ARM.Collect$$libshutdown$$00000010  c_w.l(libshutdown2.o)
    0x080001ac   0x00000000   Code   RO         4298    .ARM.Collect$$rtentry$$00000000  c_w.l(__rtentry.o)
    0x080001ac   0x00000000   Code   RO         4309    .ARM.Collect$$rtentry$$00000002  c_w.l(__rtentry2.o)
    0x080001ac   0x00000006   Code   RO         4321    .ARM.Collect$$rtentry$$00000004  c_w.l(__rtentry4.o)
    0x080001b2   0x00000000   Code   RO         4311    .ARM.Collect$$rtentry$$00000009  c_w.l(__rtentry2.o)
    0x080001b2   0x00000004   Code   RO         4312    .ARM.Collect$$rtentry$$0000000A  c_w.l(__rtentry2.o)
    0x080001b6   0x00000000   Code   RO         4314    .ARM.Collect$$rtentry$$0000000C  c_w.l(__rtentry2.o)
    0x080001b6   0x00000008   Code   RO         4315    .ARM.Collect$$rtentry$$0000000D  c_w.l(__rtentry2.o)
    0x080001be   0x00000002   Code   RO         4336    .ARM.Collect$$rtexit$$00000000  c_w.l(rtexit.o)
    0x080001c0   0x00000000   Code   RO         4384    .ARM.Collect$$rtexit$$00000002  c_w.l(rtexit2.o)
    0x080001c0   0x00000004   Code   RO         4385    .ARM.Collect$$rtexit$$00000003  c_w.l(rtexit2.o)
    0x080001c4   0x00000006   Code   RO         4386    .ARM.Collect$$rtexit$$00000004  c_w.l(rtexit2.o)
    0x080001ca   0x00000002   PAD
    0x080001cc   0x00000096   Code   RO         4199    .emb_text           port.o
    0x08000262   0x00000002   PAD
    0x08000264   0x00000040   Code   RO            4    .text               startup_stm32f103xe.o
    0x080002a4   0x0000008a   Code   RO         4280    .text               c_w.l(rt_memcpy_v6.o)
    0x0800032e   0x00000010   Code   RO         4284    .text               c_w.l(aeabi_memset.o)
    0x0800033e   0x0000004e   Code   RO         4286    .text               c_w.l(rt_memclr_w.o)
    0x0800038c   0x00000006   Code   RO         4288    .text               c_w.l(heapauxi.o)
    0x08000392   0x00000064   Code   RO         4299    .text               c_w.l(rt_memcpy_w.o)
    0x080003f6   0x00000044   Code   RO         4301    .text               c_w.l(rt_memclr.o)
    0x0800043a   0x0000004a   Code   RO         4323    .text               c_w.l(sys_stackheap_outer.o)
    0x08000484   0x00000012   Code   RO         4325    .text               c_w.l(exit.o)
    0x08000496   0x00000002   PAD
    0x08000498   0x00000008   Code   RO         4333    .text               c_w.l(libspace.o)
    0x080004a0   0x0000000c   Code   RO         4394    .text               c_w.l(sys_exit.o)
    0x080004ac   0x00000002   Code   RO         4405    .text               c_w.l(use_no_semi.o)
    0x080004ae   0x00000000   Code   RO         4407    .text               c_w.l(indicate_semi.o)
    0x080004ae   0x00000002   Code   RO          491    i.BusFault_Handler  stm32f1xx_it.o
    0x080004b0   0x00000002   Code   RO          492    i.DebugMon_Handler  stm32f1xx_it.o
    0x080004b2   0x0000000e   Code   RO          380    i.Decode            freertos.o
    0x080004c0   0x0000000a   Code   RO          230    i.Delay             lcd_init.o
    0x080004ca   0x00000002   PAD
    0x080004cc   0x000000bc   Code   RO           13    i.Draw_Circle       lcd.o
    0x08000588   0x0000001e   Code   RO          493    i.EXTI15_10_IRQHandler  stm32f1xx_it.o
    0x080005a6   0x00000014   Code   RO          494    i.EXTI9_5_IRQHandler  stm32f1xx_it.o
    0x080005ba   0x00000002   PAD
    0x080005bc   0x00000090   Code   RO          495    i.HAL_GPIO_EXTI_Callback  stm32f1xx_it.o
    0x0800064c   0x00000018   Code   RO          991    i.HAL_GPIO_EXTI_IRQHandler  stm32f1xx_hal_gpio.o
    0x08000664   0x000001f8   Code   RO          992    i.HAL_GPIO_Init     stm32f1xx_hal_gpio.o
    0x0800085c   0x0000000a   Code   RO          994    i.HAL_GPIO_ReadPin  stm32f1xx_hal_gpio.o
    0x08000866   0x0000000a   Code   RO          996    i.HAL_GPIO_WritePin  stm32f1xx_hal_gpio.o
    0x08000870   0x0000000c   Code   RO          686    i.HAL_GetTick       stm32f1xx_hal.o
    0x0800087c   0x00000010   Code   RO          692    i.HAL_IncTick       stm32f1xx_hal.o
    0x0800088c   0x00000024   Code   RO          693    i.HAL_Init          stm32f1xx_hal.o
    0x080008b0   0x00000098   Code   RO          600    i.HAL_InitTick      stm32f1xx_hal_timebase_tim.o
    0x08000948   0x00000048   Code   RO          576    i.HAL_MspInit       stm32f1xx_hal_msp.o
    0x08000990   0x0000001a   Code   RO         1152    i.HAL_NVIC_EnableIRQ  stm32f1xx_hal_cortex.o
    0x080009aa   0x00000002   PAD
    0x080009ac   0x00000040   Code   RO         1158    i.HAL_NVIC_SetPriority  stm32f1xx_hal_cortex.o
    0x080009ec   0x00000024   Code   RO         1159    i.HAL_NVIC_SetPriorityGrouping  stm32f1xx_hal_cortex.o
    0x08000a10   0x0000012c   Code   RO          850    i.HAL_RCC_ClockConfig  stm32f1xx_hal_rcc.o
    0x08000b3c   0x00000040   Code   RO          854    i.HAL_RCC_GetClockConfig  stm32f1xx_hal_rcc.o
    0x08000b7c   0x00000020   Code   RO          857    i.HAL_RCC_GetPCLK1Freq  stm32f1xx_hal_rcc.o
    0x08000b9c   0x0000004c   Code   RO          859    i.HAL_RCC_GetSysClockFreq  stm32f1xx_hal_rcc.o
    0x08000be8   0x00000320   Code   RO          862    i.HAL_RCC_OscConfig  stm32f1xx_hal_rcc.o
    0x08000f08   0x00000002   Code   RO         2358    i.HAL_TIMEx_BreakCallback  stm32f1xx_hal_tim_ex.o
    0x08000f0a   0x00000002   Code   RO         2359    i.HAL_TIMEx_CommutCallback  stm32f1xx_hal_tim_ex.o
    0x08000f0c   0x0000005a   Code   RO         1654    i.HAL_TIM_Base_Init  stm32f1xx_hal_tim.o
    0x08000f66   0x00000002   Code   RO         1656    i.HAL_TIM_Base_MspInit  stm32f1xx_hal_tim.o
    0x08000f68   0x0000006c   Code   RO         1659    i.HAL_TIM_Base_Start_IT  stm32f1xx_hal_tim.o
    0x08000fd4   0x00000002   Code   RO         1688    i.HAL_TIM_IC_CaptureCallback  stm32f1xx_hal_tim.o
    0x08000fd6   0x00000166   Code   RO         1702    i.HAL_TIM_IRQHandler  stm32f1xx_hal_tim.o
    0x0800113c   0x00000002   Code   RO         1705    i.HAL_TIM_OC_DelayElapsedCallback  stm32f1xx_hal_tim.o
    0x0800113e   0x00000002   Code   RO         1732    i.HAL_TIM_PWM_PulseFinishedCallback  stm32f1xx_hal_tim.o
    0x08001140   0x00000014   Code   RO          288    i.HAL_TIM_PeriodElapsedCallback  main.o
    0x08001154   0x00000002   Code   RO         1745    i.HAL_TIM_TriggerCallback  stm32f1xx_hal_tim.o
    0x08001156   0x00000002   Code   RO          496    i.HardFault_Handler  stm32f1xx_it.o
    0x08001158   0x0000003a   Code   RO          231    i.LCD_Address_Set   lcd_init.o
    0x08001192   0x0000009c   Code   RO           14    i.LCD_DrawLine      lcd.o
    0x0800122e   0x00000016   Code   RO           15    i.LCD_DrawPoint     lcd.o
    0x08001244   0x0000003e   Code   RO           17    i.LCD_Fill          lcd.o
    0x08001282   0x00000002   PAD
    0x08001284   0x000001f4   Code   RO          232    i.LCD_Init          lcd_init.o
    0x08001478   0x000000c0   Code   RO           18    i.LCD_ShowChar      lcd.o
    0x08001538   0x0000007e   Code   RO           24    i.LCD_ShowIntNum    lcd.o
    0x080015b6   0x00000052   Code   RO           25    i.LCD_ShowPicture   lcd.o
    0x08001608   0x0000003a   Code   RO           26    i.LCD_ShowString    lcd.o
    0x08001642   0x00000014   Code   RO          233    i.LCD_WR_DATA       lcd_init.o
    0x08001656   0x00000004   Code   RO          234    i.LCD_WR_DATA8      lcd_init.o
    0x0800165a   0x00000002   PAD
    0x0800165c   0x00000028   Code   RO          235    i.LCD_WR_REG        lcd_init.o
    0x08001684   0x00000060   Code   RO          236    i.LCD_Writ_Bus      lcd_init.o
    0x080016e4   0x00000028   Code   RO          382    i.MX_FREERTOS_Init  freertos.o
    0x0800170c   0x000000e0   Code   RO          356    i.MX_GPIO_Init      gpio.o
    0x080017ec   0x00000002   Code   RO          497    i.MemManage_Handler  stm32f1xx_it.o
    0x080017ee   0x00000002   Code   RO          498    i.NMI_Handler       stm32f1xx_it.o
    0x080017f0   0x00000210   Code   RO          384    i.StartECGTask      freertos.o
    0x08001a00   0x000000d8   Code   RO          385    i.StartInterfaceTask  freertos.o
    0x08001ad8   0x000001dc   Code   RO          386    i.StartMenuTask     freertos.o
    0x08001cb4   0x00000160   Code   RO          387    i.StartSettingTask  freertos.o
    0x08001e14   0x0000011c   Code   RO          388    i.StartWifiTask     freertos.o
    0x08001f30   0x0000002c   Code   RO         4200    i.SysTick_Handler   port.o
    0x08001f5c   0x0000005e   Code   RO          289    i.SystemClock_Config  main.o
    0x08001fba   0x00000002   Code   RO         2626    i.SystemInit        system_stm32f1xx.o
    0x08001fbc   0x0000000c   Code   RO          499    i.TIM6_IRQHandler   stm32f1xx_it.o
    0x08001fc8   0x0000008c   Code   RO         1747    i.TIM_Base_SetConfig  stm32f1xx_hal_tim.o
    0x08002054   0x00000002   Code   RO          500    i.UsageFault_Handler  stm32f1xx_it.o
    0x08002056   0x00000020   Code   RO         1165    i.__NVIC_SetPriority  stm32f1xx_hal_cortex.o
    0x08002076   0x0000002e   Code   RO          290    i.main              main.o
    0x080020a4   0x00000010   Code   RO           27    i.mypow             lcd.o
    0x080020b4   0x00000034   Code   RO         3729    i.osDelay           cmsis_os2.o
    0x080020e8   0x00000038   Code   RO         3743    i.osKernelInitialize  cmsis_os2.o
    0x08002120   0x00000040   Code   RO         3746    i.osKernelStart     cmsis_os2.o
    0x08002160   0x00000080   Code   RO         3760    i.osMutexNew        cmsis_os2.o
    0x080021e0   0x000000a4   Code   RO         3780    i.osThreadNew       cmsis_os2.o
    0x08002284   0x0000005c   Code   RO         3225    i.prvAddCurrentTaskToDelayedList  tasks.o
    0x080022e0   0x000000d0   Code   RO         3226    i.prvAddNewTaskToReadyList  tasks.o
    0x080023b0   0x00000058   Code   RO         3575    i.prvCheckForValidListAndQueue  timers.o
    0x08002408   0x00000026   Code   RO         2831    i.prvCopyDataFromQueue  queue.o
    0x0800242e   0x0000006c   Code   RO         2832    i.prvCopyDataToQueue  queue.o
    0x0800249a   0x00000034   Code   RO         3227    i.prvDeleteTCB      tasks.o
    0x080024ce   0x00000002   PAD
    0x080024d0   0x0000004c   Code   RO         4150    i.prvHeapInit       heap_4.o
    0x0800251c   0x00000060   Code   RO         3228    i.prvIdleTask       tasks.o
    0x0800257c   0x00000016   Code   RO         2833    i.prvInitialiseMutex  queue.o
    0x08002592   0x00000002   PAD
    0x08002594   0x00000022   Code   RO         2834    i.prvInitialiseNewQueue  queue.o
    0x080025b6   0x0000009c   Code   RO         3229    i.prvInitialiseNewTask  tasks.o
    0x08002652   0x00000002   PAD
    0x08002654   0x0000004c   Code   RO         4151    i.prvInsertBlockIntoFreeList  heap_4.o
    0x080026a0   0x00000038   Code   RO         3577    i.prvInsertTimerInActiveList  timers.o
    0x080026d8   0x0000001c   Code   RO         2835    i.prvIsQueueEmpty   queue.o
    0x080026f4   0x000000cc   Code   RO         3578    i.prvProcessReceivedCommands  timers.o
    0x080027c0   0x000000b4   Code   RO         3579    i.prvProcessTimerOrBlockTask  timers.o
    0x08002874   0x00000020   Code   RO         3231    i.prvResetNextTaskUnblockTime  tasks.o
    0x08002894   0x00000028   Code   RO         3580    i.prvSampleTimeNow  timers.o
    0x080028bc   0x0000006c   Code   RO         3581    i.prvSwitchTimerLists  timers.o
    0x08002928   0x00000028   Code   RO         4201    i.prvTaskExitError  port.o
    0x08002950   0x00000024   Code   RO         3582    i.prvTimerTask      timers.o
    0x08002974   0x0000006a   Code   RO         2836    i.prvUnlockQueue    queue.o
    0x080029de   0x00000002   PAD
    0x080029e0   0x000000d8   Code   RO         4152    i.pvPortMalloc      heap_4.o
    0x08002ab8   0x00000024   Code   RO         4202    i.pxPortInitialiseStack  port.o
    0x08002adc   0x00000026   Code   RO         2791    i.uxListRemove      list.o
    0x08002b02   0x00000002   PAD
    0x08002b04   0x00000014   Code   RO         3792    i.vApplicationGetIdleTaskMemory  cmsis_os2.o
    0x08002b18   0x00000018   Code   RO         3793    i.vApplicationGetTimerTaskMemory  cmsis_os2.o
    0x08002b30   0x00000016   Code   RO         2792    i.vListInitialise   list.o
    0x08002b46   0x00000006   Code   RO         2793    i.vListInitialiseItem  list.o
    0x08002b4c   0x00000030   Code   RO         2794    i.vListInsert       list.o
    0x08002b7c   0x00000018   Code   RO         2795    i.vListInsertEnd    list.o
    0x08002b94   0x00000040   Code   RO         4204    i.vPortEnterCritical  port.o
    0x08002bd4   0x00000028   Code   RO         4205    i.vPortExitCritical  port.o
    0x08002bfc   0x0000005c   Code   RO         4153    i.vPortFree         heap_4.o
    0x08002c58   0x00000024   Code   RO         4206    i.vPortSetupTimerInterrupt  port.o
    0x08002c7c   0x00000054   Code   RO         4207    i.vPortValidateInterruptPriority  port.o
    0x08002cd0   0x00000028   Code   RO         2842    i.vQueueAddToRegistry  queue.o
    0x08002cf8   0x00000044   Code   RO         2846    i.vQueueWaitForMessageRestricted  queue.o
    0x08002d3c   0x0000004c   Code   RO         3243    i.vTaskDelay        tasks.o
    0x08002d88   0x00000090   Code   RO         3245    i.vTaskDelete       tasks.o
    0x08002e18   0x00000010   Code   RO         3248    i.vTaskInternalSetTimeOutState  tasks.o
    0x08002e28   0x0000000c   Code   RO         3249    i.vTaskMissedYield  tasks.o
    0x08002e34   0x00000030   Code   RO         3251    i.vTaskPlaceOnEventList  tasks.o
    0x08002e64   0x00000038   Code   RO         3252    i.vTaskPlaceOnEventListRestricted  tasks.o
    0x08002e9c   0x00000088   Code   RO         3260    i.vTaskStartScheduler  tasks.o
    0x08002f24   0x00000010   Code   RO         3262    i.vTaskSuspendAll   tasks.o
    0x08002f34   0x00000064   Code   RO         3263    i.vTaskSwitchContext  tasks.o
    0x08002f98   0x000000a8   Code   RO         4208    i.xPortStartScheduler  port.o
    0x08003040   0x00000016   Code   RO         2849    i.xQueueCreateMutex  queue.o
    0x08003056   0x0000001a   Code   RO         2850    i.xQueueCreateMutexStatic  queue.o
    0x08003070   0x00000048   Code   RO         2851    i.xQueueGenericCreate  queue.o
    0x080030b8   0x00000066   Code   RO         2852    i.xQueueGenericCreateStatic  queue.o
    0x0800311e   0x00000002   PAD
    0x08003120   0x00000088   Code   RO         2853    i.xQueueGenericReset  queue.o
    0x080031a8   0x00000160   Code   RO         2854    i.xQueueGenericSend  queue.o
    0x08003308   0x000000bc   Code   RO         2855    i.xQueueGenericSendFromISR  queue.o
    0x080033c4   0x00000138   Code   RO         2864    i.xQueueReceive     queue.o
    0x080034fc   0x00000074   Code   RO         3264    i.xTaskCheckForTimeOut  tasks.o
    0x08003570   0x0000005a   Code   RO         3265    i.xTaskCreate       tasks.o
    0x080035ca   0x00000056   Code   RO         3266    i.xTaskCreateStatic  tasks.o
    0x08003620   0x0000001c   Code   RO         3270    i.xTaskGetSchedulerState  tasks.o
    0x0800363c   0x0000000c   Code   RO         3271    i.xTaskGetTickCount  tasks.o
    0x08003648   0x000000c8   Code   RO         3273    i.xTaskIncrementTick  tasks.o
    0x08003710   0x00000080   Code   RO         3276    i.xTaskPriorityDisinherit  tasks.o
    0x08003790   0x00000070   Code   RO         3278    i.xTaskRemoveFromEventList  tasks.o
    0x08003800   0x000000c4   Code   RO         3279    i.xTaskResumeAll    tasks.o
    0x080038c4   0x00000060   Code   RO         3589    i.xTimerCreateTimerTask  timers.o
    0x08003924   0x00000068   Code   RO         3590    i.xTimerGenericCommand  timers.o
    0x0800398c   0x00002256   Data   RO           29    .constdata          lcd.o
    0x08005be2   0x00000002   PAD
    0x08005be4   0x00004408   Data   RO          395    .constdata          freertos.o
    0x08009fec   0x00000c80   Data   RO          396    .constdata          freertos.o
    0x0800ac6c   0x00000c80   Data   RO          398    .constdata          freertos.o
    0x0800b8ec   0x00000c80   Data   RO          399    .constdata          freertos.o
    0x0800c56c   0x00000012   Data   RO          863    .constdata          stm32f1xx_hal_rcc.o
    0x0800c57e   0x00000010   Data   RO         2627    .constdata          system_stm32f1xx.o
    0x0800c58e   0x00000008   Data   RO         2628    .constdata          system_stm32f1xx.o
    0x0800c596   0x00000002   PAD
    0x0800c598   0x00000045   Data   RO          402    .conststring        freertos.o
    0x0800c5dd   0x00000003   PAD
    0x0800c5e0   0x00000020   Data   RO         4460    Region$$Table       anon$$obj.o


    Execution Region RW_IRAM1 (Base: 0x20000000, Size: 0x00002780, Max: 0x0000c000, ABSOLUTE)

    Base Addr    Size         Type   Attr      Idx    E Section Name        Object

    0x20000000   0x0000005e   Data   RW          404    .data               freertos.o
    0x2000005e   0x0000000a   Data   RW          501    .data               stm32f1xx_it.o
    0x20000068   0x0000000c   Data   RW          700    .data               stm32f1xx_hal.o
    0x20000074   0x00000004   Data   RW         2629    .data               system_stm32f1xx.o
    0x20000078   0x0000003c   Data   RW         3282    .data               tasks.o
    0x200000b4   0x00000014   Data   RW         3598    .data               timers.o
    0x200000c8   0x00000004   Data   RW         3795    .data               cmsis_os2.o
    0x200000cc   0x00000018   Data   RW         4158    .data               heap_4.o
    0x200000e4   0x0000000c   Data   RW         4209    .data               port.o
    0x200000f0   0x00000200   Zero   RW          389    .bss                freertos.o
    0x200002f0   0x0000005c   Zero   RW          390    .bss                freertos.o
    0x2000034c   0x00000200   Zero   RW          391    .bss                freertos.o
    0x2000054c   0x0000005c   Zero   RW          392    .bss                freertos.o
    0x200005a8   0x00000200   Zero   RW          393    .bss                freertos.o
    0x200007a8   0x0000005c   Zero   RW          394    .bss                freertos.o
    0x20000804   0x00000048   Zero   RW          603    .bss                stm32f1xx_hal_timebase_tim.o
    0x2000084c   0x00000040   Zero   RW         2868    .bss                queue.o
    0x2000088c   0x000004c4   Zero   RW         3281    .bss                tasks.o
    0x20000d50   0x00000118   Zero   RW         3597    .bss                timers.o
    0x20000e68   0x000006b8   Zero   RW         3794    .bss                cmsis_os2.o
    0x20001520   0x00000c00   Zero   RW         4157    .bss                heap_4.o
    0x20002120   0x00000060   Zero   RW         4334    .bss                c_w.l(libspace.o)
    0x20002180   0x00000200   Zero   RW            2    HEAP                startup_stm32f103xe.o
    0x20002380   0x00000400   Zero   RW            1    STACK               startup_stm32f103xe.o


==============================================================================

Image component sizes


      Code (inc. data)   RO Data    RW Data    ZI Data      Debug   Object Name

       508         38          0          4       1720      17931   cmsis_os2.o
         0          0          0          0          0      20072   event_groups.o
      1910        264      27085         94       1812      12731   freertos.o
       224         16          0          0          0        915   gpio.o
       460         24          0         24       3072       4523   heap_4.o
       902         10       8790          0          0     489891   lcd.o
       728         20          0          0          0       6006   lcd_init.o
       138          0          0          0          0       3246   list.o
       160          6          0          0          0      14816   main.o
       662         70          0         12          0      10505   port.o
      1654         20          0          0         64      16836   queue.o
        64         26        304          0       1536        784   startup_stm32f103xe.o
        64         14          0         12          0       5094   stm32f1xx_hal.o
       158         14          0          0          0      28062   stm32f1xx_hal_cortex.o
       548         48          0          0          0       3990   stm32f1xx_hal_gpio.o
        72         10          0          0          0        818   stm32f1xx_hal_msp.o
      1272         82         18          0          0       5022   stm32f1xx_hal_rcc.o
       706         40          0          0          0       6836   stm32f1xx_hal_tim.o
         4          0          0          0          0       1501   stm32f1xx_hal_tim_ex.o
       152         20          0          0         72       1399   stm32f1xx_hal_timebase_tim.o
       218         18          0         10          0       4757   stm32f1xx_it.o
         0          0          0          0          0       8896   stream_buffer.o
         2          0         24          4          0       1035   system_stm32f1xx.o
      2208        184          0         60       1220      23402   tasks.o
       912         82          0         20        280      25623   timers.o

    ----------------------------------------------------------------------
     13750       1006      36260        240       9776     714691   Object Totals
         0          0         32          0          0          0   (incl. Generated)
        24          0          7          0          0          0   (incl. Padding)

    ----------------------------------------------------------------------

      Code (inc. data)   RO Data    RW Data    ZI Data      Debug   Library Member Name

         8          0          0          0          0         68   __main.o
         0          0          0          0          0          0   __rtentry.o
        12          0          0          0          0          0   __rtentry2.o
         6          0          0          0          0          0   __rtentry4.o
        52          8          0          0          0          0   __scatter.o
        26          0          0          0          0          0   __scatter_copy.o
        28          0          0          0          0          0   __scatter_zi.o
        16          0          0          0          0         68   aeabi_memset.o
        18          0          0          0          0         80   exit.o
         6          0          0          0          0        152   heapauxi.o
         0          0          0          0          0          0   indicate_semi.o
         2          0          0          0          0          0   libinit.o
         2          0          0          0          0          0   libinit2.o
         2          0          0          0          0          0   libshutdown.o
         2          0          0          0          0          0   libshutdown2.o
         8          4          0          0         96         68   libspace.o
        68          0          0          0          0         68   rt_memclr.o
        78          0          0          0          0         80   rt_memclr_w.o
       138          0          0          0          0         68   rt_memcpy_v6.o
       100          0          0          0          0         80   rt_memcpy_w.o
         2          0          0          0          0          0   rtexit.o
        10          0          0          0          0          0   rtexit2.o
        12          4          0          0          0         68   sys_exit.o
        74          0          0          0          0         80   sys_stackheap_outer.o
         2          0          0          0          0         68   use_no_semi.o

    ----------------------------------------------------------------------
       678         16          0          0         96        948   Library Totals
         6          0          0          0          0          0   (incl. Padding)

    ----------------------------------------------------------------------

      Code (inc. data)   RO Data    RW Data    ZI Data      Debug   Library Name

       672         16          0          0         96        948   c_w.l

    ----------------------------------------------------------------------
       678         16          0          0         96        948   Library Totals

    ----------------------------------------------------------------------

==============================================================================


      Code (inc. data)   RO Data    RW Data    ZI Data      Debug   

     14428       1022      36260        240       9872     708147   Grand Totals
     14428       1022      36260        240       9872     708147   ELF Image Totals
     14428       1022      36260        240          0          0   ROM Totals

==============================================================================

    Total RO  Size (Code + RO Data)                50688 (  49.50kB)
    Total RW  Size (RW Data + ZI Data)             10112 (   9.88kB)
    Total ROM Size (Code + RO Data + RW Data)      50928 (  49.73kB)

==============================================================================

